Component: ARM Compiler 5.06 update 6 (build 750) Tool: armlink [4d35ed]

==============================================================================

Section Cross References

    main.o(i.main) refers to systembase.o(i.RCC_Configuration) for RCC_Configuration
    main.o(i.main) refers to systick.o(i.SysTickInit) for SysTickInit
    main.o(i.main) refers to led.o(i.LED_Init) for LED_Init
    main.o(i.main) refers to key.o(i.KeyIO_Init) for KeyIO_Init
    main.o(i.main) refers to misc.o(i.NVIC_PriorityGroupConfig) for NVIC_PriorityGroupConfig
    main.o(i.main) refers to usart.o(i.USART1_Init) for USART1_Init
    main.o(i.main) refers to __2printf.o(.text) for __2printf
    main.o(i.main) refers to epaper213.o(i.EPD2IN13Test) for EPD2IN13Test
    main.o(i.main) refers to systick.o(i.TimerReload) for TimerReload
    main.o(i.main) refers to key.o(i.KeyScan) for KeyScan
    main.o(i.main) refers to key.o(i.KeyTest) for KeyTest
    main.o(i.main) refers to systick.o(i.TimerDelay) for TimerDelay
    main.o(i.main) refers to led.o(i.LED_Toggle) for LED_Toggle
    main.o(i.main) refers to main.o(.data) for .data
    stm32f10x_adc.o(i.ADC_DeInit) refers to stm32f10x_rcc.o(i.RCC_APB2PeriphResetCmd) for RCC_APB2PeriphResetCmd
    stm32f10x_bkp.o(i.BKP_DeInit) refers to stm32f10x_rcc.o(i.RCC_BackupResetCmd) for RCC_BackupResetCmd
    stm32f10x_can.o(i.CAN_DeInit) refers to stm32f10x_rcc.o(i.RCC_APB1PeriphResetCmd) for RCC_APB1PeriphResetCmd
    stm32f10x_can.o(i.CAN_GetITStatus) refers to stm32f10x_can.o(i.CheckITStatus) for CheckITStatus
    stm32f10x_cec.o(i.CEC_DeInit) refers to stm32f10x_rcc.o(i.RCC_APB1PeriphResetCmd) for RCC_APB1PeriphResetCmd
    stm32f10x_dac.o(i.DAC_DeInit) refers to stm32f10x_rcc.o(i.RCC_APB1PeriphResetCmd) for RCC_APB1PeriphResetCmd
    stm32f10x_flash.o(i.FLASH_EnableWriteProtection) refers to stm32f10x_flash.o(i.FLASH_WaitForLastOperation) for FLASH_WaitForLastOperation
    stm32f10x_flash.o(i.FLASH_EraseAllBank1Pages) refers to stm32f10x_flash.o(i.FLASH_WaitForLastBank1Operation) for FLASH_WaitForLastBank1Operation
    stm32f10x_flash.o(i.FLASH_EraseAllPages) refers to stm32f10x_flash.o(i.FLASH_WaitForLastOperation) for FLASH_WaitForLastOperation
    stm32f10x_flash.o(i.FLASH_EraseOptionBytes) refers to stm32f10x_flash.o(i.FLASH_GetReadOutProtectionStatus) for FLASH_GetReadOutProtectionStatus
    stm32f10x_flash.o(i.FLASH_EraseOptionBytes) refers to stm32f10x_flash.o(i.FLASH_WaitForLastOperation) for FLASH_WaitForLastOperation
    stm32f10x_flash.o(i.FLASH_ErasePage) refers to stm32f10x_flash.o(i.FLASH_WaitForLastOperation) for FLASH_WaitForLastOperation
    stm32f10x_flash.o(i.FLASH_ProgramHalfWord) refers to stm32f10x_flash.o(i.FLASH_WaitForLastOperation) for FLASH_WaitForLastOperation
    stm32f10x_flash.o(i.FLASH_ProgramOptionByteData) refers to stm32f10x_flash.o(i.FLASH_WaitForLastOperation) for FLASH_WaitForLastOperation
    stm32f10x_flash.o(i.FLASH_ProgramWord) refers to stm32f10x_flash.o(i.FLASH_WaitForLastOperation) for FLASH_WaitForLastOperation
    stm32f10x_flash.o(i.FLASH_ReadOutProtection) refers to stm32f10x_flash.o(i.FLASH_WaitForLastOperation) for FLASH_WaitForLastOperation
    stm32f10x_flash.o(i.FLASH_UserOptionByteConfig) refers to stm32f10x_flash.o(i.FLASH_WaitForLastOperation) for FLASH_WaitForLastOperation
    stm32f10x_flash.o(i.FLASH_WaitForLastBank1Operation) refers to stm32f10x_flash.o(i.FLASH_GetBank1Status) for FLASH_GetBank1Status
    stm32f10x_flash.o(i.FLASH_WaitForLastOperation) refers to stm32f10x_flash.o(i.FLASH_GetBank1Status) for FLASH_GetBank1Status
    stm32f10x_gpio.o(i.GPIO_AFIODeInit) refers to stm32f10x_rcc.o(i.RCC_APB2PeriphResetCmd) for RCC_APB2PeriphResetCmd
    stm32f10x_gpio.o(i.GPIO_DeInit) refers to stm32f10x_rcc.o(i.RCC_APB2PeriphResetCmd) for RCC_APB2PeriphResetCmd
    stm32f10x_i2c.o(i.I2C_DeInit) refers to stm32f10x_rcc.o(i.RCC_APB1PeriphResetCmd) for RCC_APB1PeriphResetCmd
    stm32f10x_i2c.o(i.I2C_Init) refers to stm32f10x_rcc.o(i.RCC_GetClocksFreq) for RCC_GetClocksFreq
    stm32f10x_pwr.o(i.PWR_DeInit) refers to stm32f10x_rcc.o(i.RCC_APB1PeriphResetCmd) for RCC_APB1PeriphResetCmd
    stm32f10x_rcc.o(i.RCC_GetClocksFreq) refers to stm32f10x_rcc.o(.data) for .data
    stm32f10x_rcc.o(i.RCC_WaitForHSEStartUp) refers to stm32f10x_rcc.o(i.RCC_GetFlagStatus) for RCC_GetFlagStatus
    stm32f10x_rtc.o(i.RTC_SetAlarm) refers to stm32f10x_rtc.o(i.RTC_EnterConfigMode) for RTC_EnterConfigMode
    stm32f10x_rtc.o(i.RTC_SetAlarm) refers to stm32f10x_rtc.o(i.RTC_ExitConfigMode) for RTC_ExitConfigMode
    stm32f10x_rtc.o(i.RTC_SetCounter) refers to stm32f10x_rtc.o(i.RTC_EnterConfigMode) for RTC_EnterConfigMode
    stm32f10x_rtc.o(i.RTC_SetCounter) refers to stm32f10x_rtc.o(i.RTC_ExitConfigMode) for RTC_ExitConfigMode
    stm32f10x_rtc.o(i.RTC_SetPrescaler) refers to stm32f10x_rtc.o(i.RTC_EnterConfigMode) for RTC_EnterConfigMode
    stm32f10x_rtc.o(i.RTC_SetPrescaler) refers to stm32f10x_rtc.o(i.RTC_ExitConfigMode) for RTC_ExitConfigMode
[...]
    ../clib/printf_percent.s                 0x00000000   Number         0  _printf_percent_end.o ABSOLUTE
    ../clib/printf_percent.s                 0x00000000   Number         0  _printf_lli.o ABSOLUTE
    ../clib/printf_percent.s                 0x00000000   Number         0  _printf_lld.o ABSOLUTE
    ../clib/printf_percent.s                 0x00000000   Number         0  _printf_llu.o ABSOLUTE
    ../clib/printf_percent.s                 0x00000000   Number         0  _printf_ll.o ABSOLUTE
    ../clib/printf_percent.s                 0x00000000   Number         0  _printf_l.o ABSOLUTE
    ../clib/printf_percent.s                 0x00000000   Number         0  _printf_lc.o ABSOLUTE
    ../clib/printf_percent.s                 0x00000000   Number         0  _printf_ls.o ABSOLUTE
    ../clib/printf_percent.s                 0x00000000   Number         0  _printf_llo.o ABSOLUTE
    ../clib/printf_percent.s                 0x00000000   Number         0  _printf_llx.o ABSOLUTE
    ../clib/printf_percent.s                 0x00000000   Number         0  _printf_s.o ABSOLUTE
    ../clib/printf_percent.s                 0x00000000   Number         0  _printf_d.o ABSOLUTE
    ../clib/printf_percent.s                 0x00000000   Number         0  _printf_percent.o ABSOLUTE
    ../clib/printf_percent.s                 0x00000000   Number         0  _printf_c.o ABSOLUTE
    ../clib/printf_percent.s                 0x00000000   Number         0  _printf_n.o ABSOLUTE
    ../clib/printf_percent.s                 0x00000000   Number         0  _printf_x.o ABSOLUTE
    ../clib/printf_percent.s                 0x00000000   Number         0  _printf_p.o ABSOLUTE
    ../clib/printf_percent.s                 0x00000000   Number         0  _printf_o.o ABSOLUTE
    ../clib/printf_percent.s                 0x00000000   Number         0  _printf_i.o ABSOLUTE
    ../clib/printf_percent.s                 0x00000000   Number         0  _printf_u.o ABSOLUTE
    ../clib/printf_percent.s                 0x00000000   Number         0  _printf_f.o ABSOLUTE
    ../clib/printf_percent.s                 0x00000000   Number         0  _printf_e.o ABSOLUTE
    ../clib/printf_percent.s                 0x00000000   Number         0  _printf_g.o ABSOLUTE
    ../clib/printf_percent.s                 0x00000000   Number         0  _printf_a.o ABSOLUTE
    ../clib/signal.c                         0x00000000   Number         0  defsig_rtmem_outer.o ABSOLUTE
    ../clib/signal.c                         0x00000000   Number         0  defsig_rtmem_inner.o ABSOLUTE
    ../clib/signal.c                         0x00000000   Number         0  defsig_other.o ABSOLUTE
    ../clib/signal.c                         0x00000000   Number         0  defsig_segv_inner.o ABSOLUTE
    ../clib/signal.c                         0x00000000   Number         0  defsig_general.o ABSOLUTE
    ../clib/signal.c                         0x00000000   Number         0  defsig_exit.o ABSOLUTE
    ../clib/signal.c                         0x00000000   Number         0  defsig_cppl_inner.o ABSOLUTE
    ../clib/signal.c                         0x00000000   Number         0  defsig_pvfn_inner.o ABSOLUTE
    ../clib/signal.c                         0x00000000   Number         0  __raise.o ABSOLUTE
    ../clib/signal.c                         0x00000000   Number         0  defsig_rtmem_formal.o ABSOLUTE
    ../clib/signal.c                         0x00000000   Number         0  defsig_stak_inner.o ABSOLUTE
    ../clib/signal.c                         0x00000000   Number         0  defsig_abrt_inner.o ABSOLUTE
    ../clib/signal.c                         0x00000000   Number         0  defsig_fpe_inner.o ABSOLUTE
    ../clib/signal.c                         0x00000000   Number         0  defsig_rtred_inner.o ABSOLUTE
    ../clib/signal.s                         0x00000000   Number         0  defsig.o ABSOLUTE
    ../clib/stdio.c                          0x00000000   Number         0  ferror.o ABSOLUTE
    ../clib/stdio.c                          0x00000000   Number         0  ferror_locked.o ABSOLUTE
    ../clib/stdlib.c                         0x00000000   Number         0  exit.o ABSOLUTE
    ../clib/string.c                         0x00000000   Number         0  strlen.o ABSOLUTE
    ../fplib/d2f.s                           0x00000000   Number         0  d2f.o ABSOLUTE
    ../fplib/daddsub.s                       0x00000000   Number         0  daddsub_clz.o ABSOLUTE
    ../fplib/ddiv.s                          0x00000000   Number         0  ddiv.o ABSOLUTE
    ../fplib/dflt.s                          0x00000000   Number         0  dflt_clz.o ABSOLUTE
    ../fplib/dnaninf.s                       0x00000000   Number         0  dnaninf.o ABSOLUTE
    ../fplib/dretinf.s                       0x00000000   Number         0  dretinf.o ABSOLUTE
    ../fplib/ffixu.s                         0x00000000   Number         0  ffixu.o ABSOLUTE
    ../fplib/fmul.s                          0x00000000   Number         0  fmul.o ABSOLUTE
    ../fplib/fnaninf.s                       0x00000000   Number         0  fnaninf.o ABSOLUTE
    ../fplib/fpinit.s                        0x00000000   Number         0  fpinit.o ABSOLUTE
    ../fplib/fretinf.s                       0x00000000   Number         0  fretinf.o ABSOLUTE
    ../fplib/istatus.s                       0x00000000   Number         0  istatus.o ABSOLUTE
    ../fplib/printf1.s                       0x00000000   Number         0  printf1.o ABSOLUTE
    ../fplib/usenofp.s                       0x00000000   Number         0  usenofp.o ABSOLUTE
    ../mathlib/fpclassify.c                  0x00000000   Number         0  fpclassify.o ABSOLUTE
    BSP\24cxx.c                              0x00000000   Number         0  24cxx.o ABSOLUTE
    BSP\iic.c                                0x00000000   Number         0  iic.o ABSOLUTE
    BSP\key.c                                0x00000000   Number         0  key.o ABSOLUTE
    BSP\led.c                                0x00000000   Number         0  led.o ABSOLUTE
    BSP\mpu6050.c                            0x00000000   Number         0  mpu6050.o ABSOLUTE
    BSP\spi.c                                0x00000000   Number         0  spi.o ABSOLUTE
    CMSIS\CM3\CoreSupport\core_cm3.c         0x00000000   Number         0  core_cm3.o ABSOLUTE
    CMSIS\CM3\DeviceSupport\ST\STM32F10x\startup\arm\startup_stm32f10x_md.s 0x00000000   Number         0  startup_stm32f10x_md.o ABSOLUTE
    CMSIS\CM3\DeviceSupport\ST\STM32F10x\system_stm32f10x.c 0x00000000   Number         0  system_stm32f10x.o ABSOLUTE
    CMSIS\\CM3\\CoreSupport\\core_cm3.c      0x00000000   Number         0  core_cm3.o ABSOLUTE
    STM32F10x_StdPeriph_Driver\src\misc.c    0x00000000   Number         0  misc.o ABSOLUTE
    STM32F10x_StdPeriph_Driver\src\stm32f10x_adc.c 0x00000000   Number         0  stm32f10x_adc.o ABSOLUTE
    STM32F10x_StdPeriph_Driver\src\stm32f10x_bkp.c 0x00000000   Number         0  stm32f10x_bkp.o ABSOLUTE
    STM32F10x_StdPeriph_Driver\src\stm32f10x_can.c 0x00000000   Number         0  stm32f10x_can.o ABSOLUTE
    STM32F10x_StdPeriph_Driver\src\stm32f10x_cec.c 0x00000000   Number         0  stm32f10x_cec.o ABSOLUTE
    STM32F10x_StdPeriph_Driver\src\stm32f10x_crc.c 0x00000000   Number         0  stm32f10x_crc.o ABSOLUTE
    STM32F10x_StdPeriph_Driver\src\stm32f10x_dac.c 0x00000000   Number         0  stm32f10x_dac.o ABSOLUTE
    STM32F10x_StdPeriph_Driver\src\stm32f10x_dbgmcu.c 0x00000000   Number         0  stm32f10x_dbgmcu.o ABSOLUTE
    STM32F10x_StdPeriph_Driver\src\stm32f10x_dma.c 0x00000000   Number         0  stm32f10x_dma.o ABSOLUTE
    STM32F10x_StdPeriph_Driver\src\stm32f10x_exti.c 0x00000000   Number         0  stm32f10x_exti.o ABSOLUTE
    STM32F10x_StdPeriph_Driver\src\stm32f10x_flash.c 0x00000000   Number         0  stm32f10x_flash.o ABSOLUTE
    STM32F10x_StdPeriph_Driver\src\stm32f10x_fsmc.c 0x00000000   Number         0  stm32f10x_fsmc.o ABSOLUTE
    STM32F10x_StdPeriph_Driver\src\stm32f10x_gpio.c 0x00000000   Number         0  stm32f10x_gpio.o ABSOLUTE
    STM32F10x_StdPeriph_Driver\src\stm32f10x_i2c.c 0x00000000   Number         0  stm32f10x_i2c.o ABSOLUTE
    STM32F10x_StdPeriph_Driver\src\stm32f10x_iwdg.c 0x00000000   Number         0  stm32f10x_iwdg.o ABSOLUTE
    STM32F10x_StdPeriph_Driver\src\stm32f10x_pwr.c 0x00000000   Number         0  stm32f10x_pwr.o ABSOLUTE
    STM32F10x_StdPeriph_Driver\src\stm32f10x_rcc.c 0x00000000   Number         0  stm32f10x_rcc.o ABSOLUTE
    STM32F10x_StdPeriph_Driver\src\stm32f10x_rtc.c 0x00000000   Number         0  stm32f10x_rtc.o ABSOLUTE
    STM32F10x_StdPeriph_Driver\src\stm32f10x_sdio.c 0x00000000   Number         0  stm32f10x_sdio.o ABSOLUTE
    STM32F10x_StdPeriph_Driver\src\stm32f10x_spi.c 0x00000000   Number         0  stm32f10x_spi.o ABSOLUTE
    STM32F10x_StdPeriph_Driver\src\stm32f10x_tim.c 0x00000000   Number         0  stm32f10x_tim.o ABSOLUTE
    STM32F10x_StdPeriph_Driver\src\stm32f10x_usart.c 0x00000000   Number         0  stm32f10x_usart.o ABSOLUTE
    STM32F10x_StdPeriph_Driver\src\stm32f10x_wwdg.c 0x00000000   Number         0  stm32f10x_wwdg.o ABSOLUTE
    SYSTEM\SysTick.c                         0x00000000   Number         0  systick.o ABSOLUTE
    SYSTEM\flash.c                           0x00000000   Number         0  flash.o ABSOLUTE
    SYSTEM\rtc.c                             0x00000000   Number         0  rtc.o ABSOLUTE
    SYSTEM\systembase.c                      0x00000000   Number         0  systembase.o ABSOLUTE
    SYSTEM\timer.c                           0x00000000   Number         0  timer.o ABSOLUTE
    SYSTEM\usart.c                           0x00000000   Number         0  usart.o ABSOLUTE
    USER\main.c                              0x00000000   Number         0  main.o ABSOLUTE
    USER\stm32f10x_it.c                      0x00000000   Number         0  stm32f10x_it.o ABSOLUTE
    dc.s                                     0x00000000   Number         0  dc.o ABSOLUTE
    ePaper\DEV_Config.c                      0x00000000   Number         0  dev_config.o ABSOLUTE
    ePaper\GUI_Paint.c                       0x00000000   Number         0  gui_paint.o ABSOLUTE
    ePaper\ImageData.c                       0x00000000   Number         0  imagedata.o ABSOLUTE
    ePaper\ePaper213.c                       0x00000000   Number         0  epaper213.o ABSOLUTE
    ePaper\font16.c                          0x00000000   Number         0  font16.o ABSOLUTE
    RESET                                    0x08000000   Section      236  startup_stm32f10x_md.o(RESET)
    !!!main                                  0x080000ec   Section        8  __main.o(!!!main)
    !!!scatter                               0x080000f4   Section       52  __scatter.o(!!!scatter)
    !!handler_copy                           0x08000128   Section       26  __scatter_copy.o(!!handler_copy)
    !!handler_zi                             0x08000144   Section       28  __scatter_zi.o(!!handler_zi)
    .ARM.Collect$$_printf_percent$$00000000  0x08000160   Section        0  _printf_percent.o(.ARM.Collect$$_printf_percent$$00000000)
    .ARM.Collect$$_printf_percent$$00000009  0x08000160   Section        6  _printf_d.o(.ARM.Collect$$_printf_percent$$00000009)
    .ARM.Collect$$_printf_percent$$00000017  0x08000166   Section        4  _printf_percent_end.o(.ARM.Collect$$_printf_percent$$00000017)
    .ARM.Collect$$libinit$$00000000          0x0800016a   Section        2  libinit.o(.ARM.Collect$$libinit$$00000000)
    .ARM.Collect$$libinit$$00000002          0x0800016c   Section        0  libinit2.o(.ARM.Collect$$libinit$$00000002)
    .ARM.Collect$$libinit$$00000004          0x0800016c   Section        0  libinit2.o(.ARM.Collect$$libinit$$00000004)
    .ARM.Collect$$libinit$$00000005          0x0800016c   Section        8  libinit2.o(.ARM.Collect$$libinit$$00000005)
    .ARM.Collect$$libinit$$0000000A          0x08000174   Section        0  libinit2.o(.ARM.Collect$$libinit$$0000000A)
    .ARM.Collect$$libinit$$0000000C          0x08000174   Section        0  libinit2.o(.ARM.Collect$$libinit$$0000000C)
    .ARM.Collect$$libinit$$0000000E          0x08000174   Section        0  libinit2.o(.ARM.Collect$$libinit$$0000000E)
    .ARM.Collect$$libinit$$00000011          0x08000174   Section        0  libinit2.o(.ARM.Collect$$libinit$$00000011)
    .ARM.Collect$$libinit$$00000013          0x08000174   Section        0  libinit2.o(.ARM.Collect$$libinit$$00000013)
    .ARM.Collect$$libinit$$00000015          0x08000174   Section        0  libinit2.o(.ARM.Collect$$libinit$$00000015)
    .ARM.Collect$$libinit$$00000017          0x08000174   Section        0  libinit2.o(.ARM.Collect$$libinit$$00000017)
    .ARM.Collect$$libinit$$00000019          0x08000174   Section        0  libinit2.o(.ARM.Collect$$libinit$$00000019)
    .ARM.Collect$$libinit$$0000001B          0x08000174   Section        0  libinit2.o(.ARM.Collect$$libinit$$0000001B)
    .ARM.Collect$$libinit$$0000001D          0x08000174   Section        0  libinit2.o(.ARM.Collect$$libinit$$0000001D)
    .ARM.Collect$$libinit$$0000001F          0x08000174   Section        0  libinit2.o(.ARM.Collect$$libinit$$0000001F)
    .ARM.Collect$$libinit$$00000021          0x08000174   Section        0  libinit2.o(.ARM.Collect$$libinit$$00000021)
    .ARM.Collect$$libinit$$00000023          0x08000174   Section        0  libinit2.o(.ARM.Collect$$libinit$$00000023)
    .ARM.Collect$$libinit$$00000025          0x08000174   Section        0  libinit2.o(.ARM.Collect$$libinit$$00000025)
    .ARM.Collect$$libinit$$0000002C          0x08000174   Section        0  libinit2.o(.ARM.Collect$$libinit$$0000002C)
    .ARM.Collect$$libinit$$0000002E          0x08000174   Section        0  libinit2.o(.ARM.Collect$$libinit$$0000002E)
    .ARM.Collect$$libinit$$00000030          0x08000174   Section        0  libinit2.o(.ARM.Collect$$libinit$$00000030)
    .ARM.Collect$$libinit$$00000032          0x08000174   Section        0  libinit2.o(.ARM.Collect$$libinit$$00000032)
    .ARM.Collect$$libinit$$00000033          0x08000174   Section        2  libinit2.o(.ARM.Collect$$libinit$$00000033)
    .ARM.Collect$$libshutdown$$00000000      0x08000176   Section        2  libshutdown.o(.ARM.Collect$$libshutdown$$00000000)
    .ARM.Collect$$libshutdown$$00000002      0x08000178   Section        0  libshutdown2.o(.ARM.Collect$$libshutdown$$00000002)
    .ARM.Collect$$libshutdown$$00000004      0x08000178   Section        0  libshutdown2.o(.ARM.Collect$$libshutdown$$00000004)
    .ARM.Collect$$libshutdown$$00000007      0x08000178   Section        0  libshutdown2.o(.ARM.Collect$$libshutdown$$00000007)
    .ARM.Collect$$libshutdown$$0000000A      0x08000178   Section        0  libshutdown2.o(.ARM.Collect$$libshutdown$$0000000A)
    .ARM.Collect$$libshutdown$$0000000C      0x08000178   Section        0  libshutdown2.o(.ARM.Collect$$libshutdown$$0000000C)
    .ARM.Collect$$libshutdown$$0000000F      0x08000178   Section        0  libshutdown2.o(.ARM.Collect$$libshutdown$$0000000F)
    .ARM.Collect$$libshutdown$$00000010      0x08000178   Section        2  libshutdown2.o(.ARM.Collect$$libshutdown$$00000010)
    .ARM.Collect$$rtentry$$00000000          0x0800017a   Section        0  __rtentry.o(.ARM.Collect$$rtentry$$00000000)
    .ARM.Collect$$rtentry$$00000002          0x0800017a   Section        0  __rtentry2.o(.ARM.Collect$$rtentry$$00000002)
    .ARM.Collect$$rtentry$$00000004          0x0800017a   Section        6  __rtentry4.o(.ARM.Collect$$rtentry$$00000004)
    .ARM.Collect$$rtentry$$00000009          0x08000180   Section        0  __rtentry2.o(.ARM.Collect$$rtentry$$00000009)
    .ARM.Collect$$rtentry$$0000000A          0x08000180   Section        4  __rtentry2.o(.ARM.Collect$$rtentry$$0000000A)
    .ARM.Collect$$rtentry$$0000000C          0x08000184   Section        0  __rtentry2.o(.ARM.Collect$$rtentry$$0000000C)
    .ARM.Collect$$rtentry$$0000000D          0x08000184   Section        8  __rtentry2.o(.ARM.Collect$$rtentry$$0000000D)
    .ARM.Collect$$rtexit$$00000000           0x0800018c   Section        2  rtexit.o(.ARM.Collect$$rtexit$$00000000)
    .ARM.Collect$$rtexit$$00000002           0x0800018e   Section        0  rtexit2.o(.ARM.Collect$$rtexit$$00000002)
    .ARM.Collect$$rtexit$$00000003           0x0800018e   Section        4  rtexit2.o(.ARM.Collect$$rtexit$$00000003)
    .ARM.Collect$$rtexit$$00000004           0x08000192   Section        6  rtexit2.o(.ARM.Collect$$rtexit$$00000004)
    .emb_text                                0x08000198   Section        0  maybetermalloc1.o(.emb_text)
    .text                                    0x08000198   Section       64  startup_stm32f10x_md.o(.text)
    .text                                    0x080001d8   Section        2  use_no_semi_2.o(.text)
    .text                                    0x080001da   Section        0  h1_alloc.o(.text)
    .text                                    0x08000238   Section        0  __2printf.o(.text)
    .text                                    0x08000250   Section        0  _printf_dec.o(.text)
    .text                                    0x080002c8   Section        0  __printf_flags_ss_wp.o(.text)
    .text                                    0x08000450   Section       78  rt_memclr_w.o(.text)
    .text                                    0x0800049e   Section        0  heapauxi.o(.text)
    .text                                    0x080004a4   Section        2  use_no_semi.o(.text)
    .text                                    0x080004a8   Section        8  rt_heap_descriptor_intlibspace.o(.text)
    .text                                    0x080004b0   Section        0  hguard.o(.text)
    .text                                    0x080004b4   Section        0  init_alloc.o(.text)
    .text                                    0x0800053e   Section        0  h1_init.o(.text)
    .text                                    0x0800054c   Section        0  h1_free.o(.text)
    .text                                    0x0800059a   Section        0  _printf_intcommon.o(.text)
    .text                                    0x0800064c   Section        0  _printf_char_common.o(.text)
    _printf_input_char                       0x0800064d   Thumb Code    10  _printf_char_common.o(.text)
    .text                                    0x0800067c   Section        0  _printf_char_file.o(.text)
    .text                                    0x080006a0   Section        8  libspace.o(.text)
    .text                                    0x080006a8   Section        0  h1_extend.o(.text)
    .text                                    0x080006dc   Section        0  ferror.o(.text)
    .text                                    0x080006e4   Section        0  defsig_rtmem_outer.o(.text)
    .text                                    0x080006f2   Section       74  sys_stackheap_outer.o(.text)
    .text                                    0x0800073c   Section        0  exit.o(.text)
    .text                                    0x0800074e   Section        0  defsig_exit.o(.text)
    .text                                    0x08000758   Section        0  defsig_rtmem_inner.o(.text)
    .text                                    0x080007a8   Section        0  defsig_general.o(.text)
    i.BusFault_Handler                       0x080007da   Section        0  stm32f10x_it.o(i.BusFault_Handler)
    i.DayOfWeek                              0x080007dc   Section        0  rtc.o(i.DayOfWeek)
    i.DebugMon_Handler                       0x0800082c   Section        0  stm32f10x_it.o(i.DebugMon_Handler)
    i.Delay_ms                               0x0800082e   Section        0  systick.o(i.Delay_ms)
    i.Delay_us                               0x08000838   Section        0  systick.o(i.Delay_us)
    i.EPD2IN13Clear                          0x0800086c   Section        0  epaper213.o(i.EPD2IN13Clear)
    i.EPD2IN13Display                        0x080008ac   Section        0  epaper213.o(i.EPD2IN13Display)
    i.EPD2IN13IOInit                         0x08000900   Section        0  epaper213.o(i.EPD2IN13IOInit)
    i.EPD2IN13Init                           0x0800095c   Section        0  epaper213.o(i.EPD2IN13Init)
    i.EPD2IN13ReadBusy                       0x08000a10   Section        0  epaper213.o(i.EPD2IN13ReadBusy)
    i.EPD2IN13Reset                          0x08000a2c   Section        0  epaper213.o(i.EPD2IN13Reset)
    i.EPD2IN13SPIInit                        0x08000a5c   Section        0  epaper213.o(i.EPD2IN13SPIInit)
    i.EPD2IN13SendByte                       0x08000a6c   Section        0  epaper213.o(i.EPD2IN13SendByte)
    i.EPD2IN13SendCMD                        0x08000a8c   Section        0  epaper213.o(i.EPD2IN13SendCMD)
    i.EPD2IN13SetCursor                      0x08000aac   Section        0  epaper213.o(i.EPD2IN13SetCursor)
    i.EPD2IN13SetWindows                     0x08000ad8   Section        0  epaper213.o(i.EPD2IN13SetWindows)
    i.EPD2IN13Test                           0x08000b20   Section        0  epaper213.o(i.EPD2IN13Test)
    i.EPD2IN13TurnONDisplay                  0x08000c88   Section        0  epaper213.o(i.EPD2IN13TurnONDisplay)
    i.FLASH_PrefetchBufferCmd                0x08000cac   Section        0  stm32f10x_flash.o(i.FLASH_PrefetchBufferCmd)
    i.FLASH_SetLatency                       0x08000cc4   Section        0  stm32f10x_flash.o(i.FLASH_SetLatency)
    i.GPIO_Init                              0x08000cd8   Section        0  stm32f10x_gpio.o(i.GPIO_Init)
    i.GPIO_ReadInputDataBit                  0x08000d7a   Section        0  stm32f10x_gpio.o(i.GPIO_ReadInputDataBit)
    i.HardFault_Handler                      0x08000d88   Section        0  stm32f10x_it.o(i.HardFault_Handler)
    i.KeyIO_Init                             0x08000d8c   Section        0  key.o(i.KeyIO_Init)
    i.KeyScan                                0x08000db8   Section        0  key.o(i.KeyScan)
    i.KeyTest                                0x08000ebc   Section        0  key.o(i.KeyTest)
    i.LED_Init                               0x08000ec0   Section        0  led.o(i.LED_Init)
    i.LED_Toggle                             0x08000ef8   Section        0  led.o(i.LED_Toggle)
    i.LeapYearCheck                          0x08000f0c   Section        0  rtc.o(i.LeapYearCheck)
    i.MemManage_Handler                      0x08000f32   Section        0  stm32f10x_it.o(i.MemManage_Handler)
    i.NMI_Handler                            0x08000f34   Section        0  stm32f10x_it.o(i.NMI_Handler)
    i.NVIC_Init                              0x08000f38   Section        0  misc.o(i.NVIC_Init)
    i.NVIC_PriorityGroupConfig               0x08000f9c   Section        0  misc.o(i.NVIC_PriorityGroupConfig)
    i.Paint_Clear                            0x08000fb0   Section        0  gui_paint.o(i.Paint_Clear)
    i.Paint_DrawChar                         0x08000fe4   Section        0  gui_paint.o(i.Paint_DrawChar)
    i.Paint_DrawCircle                       0x080010d8   Section        0  gui_paint.o(i.Paint_DrawCircle)
    i.Paint_DrawLine                         0x080012f4   Section        0  gui_paint.o(i.Paint_DrawLine)
    i.Paint_DrawNum                          0x08001404   Section        0  gui_paint.o(i.Paint_DrawNum)
    i.Paint_DrawPoint                        0x080014d8   Section        0  gui_paint.o(i.Paint_DrawPoint)
    i.Paint_DrawRectangle                    0x0800161c   Section        0  gui_paint.o(i.Paint_DrawRectangle)
    i.Paint_DrawString_EN                    0x080016fc   Section        0  gui_paint.o(i.Paint_DrawString_EN)
    i.Paint_NewImage                         0x08001778   Section        0  gui_paint.o(i.Paint_NewImage)
    i.Paint_SetPixel                         0x080017b4   Section        0  gui_paint.o(i.Paint_SetPixel)
    i.PendSV_Handler                         0x080018ac   Section        0  stm32f10x_it.o(i.PendSV_Handler)
    i.PopKey                                 0x080018b0   Section        0  key.o(i.PopKey)
    i.PushKey                                0x080018e0   Section        0  key.o(i.PushKey)
    i.RCC_APB2PeriphClockCmd                 0x080018f8   Section        0  stm32f10x_rcc.o(i.RCC_APB2PeriphClockCmd)
    i.RCC_Configuration                      0x08001910   Section        0  systembase.o(i.RCC_Configuration)
    i.RCC_DeInit                             0x08001974   Section        0  stm32f10x_rcc.o(i.RCC_DeInit)
    i.RCC_GetClocksFreq                      0x080019b4   Section        0  stm32f10x_rcc.o(i.RCC_GetClocksFreq)
    i.RCC_GetFlagStatus                      0x08001a44   Section        0  stm32f10x_rcc.o(i.RCC_GetFlagStatus)
    i.RCC_GetSYSCLKSource                    0x08001a74   Section        0  stm32f10x_rcc.o(i.RCC_GetSYSCLKSource)
    i.RCC_HCLKConfig                         0x08001a84   Section        0  stm32f10x_rcc.o(i.RCC_HCLKConfig)
    i.RCC_HSEConfig                          0x08001a98   Section        0  stm32f10x_rcc.o(i.RCC_HSEConfig)
    i.RCC_PCLK1Config                        0x08001acc   Section        0  stm32f10x_rcc.o(i.RCC_PCLK1Config)
    i.RCC_PCLK2Config                        0x08001ae0   Section        0  stm32f10x_rcc.o(i.RCC_PCLK2Config)
    i.RCC_PLLCmd                             0x08001af4   Section        0  stm32f10x_rcc.o(i.RCC_PLLCmd)
    i.RCC_PLLConfig                          0x08001b00   Section        0  stm32f10x_rcc.o(i.RCC_PLLConfig)
    i.RCC_SYSCLKConfig                       0x08001b14   Section        0  stm32f10x_rcc.o(i.RCC_SYSCLKConfig)
    i.RCC_WaitForHSEStartUp                  0x08001b28   Section        0  stm32f10x_rcc.o(i.RCC_WaitForHSEStartUp)
    i.RTC_ClearITPendingBit                  0x08001b54   Section        0  stm32f10x_rtc.o(i.RTC_ClearITPendingBit)
    i.RTC_GetCounter                         0x08001b64   Section        0  stm32f10x_rtc.o(i.RTC_GetCounter)
    i.RTC_GetITStatus                        0x08001b78   Section        0  stm32f10x_rtc.o(i.RTC_GetITStatus)
    i.RTC_IRQHandler                         0x08001b98   Section        0  rtc.o(i.RTC_IRQHandler)
    i.RTC_TimeReFresh                        0x08001bc8   Section        0  rtc.o(i.RTC_TimeReFresh)
    i.RTC_WaitForLastTask                    0x08001cf0   Section        0  stm32f10x_rtc.o(i.RTC_WaitForLastTask)
    i.ReadKey                                0x08001d00   Section        0  key.o(i.ReadKey)
    i.SPI1IOInit                             0x08001d70   Section        0  spi.o(i.SPI1IOInit)
    i.SPI1Init                               0x08001d9c   Section        0  spi.o(i.SPI1Init)
    i.SPI1WriteReadByte                      0x08001df8   Section        0  spi.o(i.SPI1WriteReadByte)
    i.SPI_Cmd                                0x08001e48   Section        0  stm32f10x_spi.o(i.SPI_Cmd)
    i.SPI_I2S_GetFlagStatus                  0x08001e5c   Section        0  stm32f10x_spi.o(i.SPI_I2S_GetFlagStatus)
    i.SPI_I2S_ReceiveData                    0x08001e6a   Section        0  stm32f10x_spi.o(i.SPI_I2S_ReceiveData)
    i.SPI_I2S_SendData                       0x08001e6e   Section        0  stm32f10x_spi.o(i.SPI_I2S_SendData)
    i.SPI_Init                               0x08001e72   Section        0  stm32f10x_spi.o(i.SPI_Init)
    i.SVC_Handler                            0x08001eaa   Section        0  stm32f10x_it.o(i.SVC_Handler)
    i.SetSysClockTo72                        0x08001eac   Section        0  system_stm32f10x.o(i.SetSysClockTo72)
    SetSysClockTo72                          0x08001ead   Thumb Code   160  system_stm32f10x.o(i.SetSysClockTo72)
    i.SysTickInit                            0x08001f54   Section        0  systick.o(i.SysTickInit)
    i.SysTick_CLKSourceConfig                0x08001fb0   Section        0  misc.o(i.SysTick_CLKSourceConfig)
    i.SysTick_Handler                        0x08001fc8   Section        0  systick.o(i.SysTick_Handler)
    i.SystemInit                             0x08001fd8   Section        0  system_stm32f10x.o(i.SystemInit)
    i.TIM1_CC_IRQHandler                     0x08002028   Section        0  timer.o(i.TIM1_CC_IRQHandler)
    i.TIM3_IRQHandler                        0x0800205c   Section        0  timer.o(i.TIM3_IRQHandler)
    i.TIM_ClearITPendingBit                  0x08002084   Section        0  stm32f10x_tim.o(i.TIM_ClearITPendingBit)
    i.TIM_GetITStatus                        0x0800208a   Section        0  stm32f10x_tim.o(i.TIM_GetITStatus)
    i.TIM_SetCompare1                        0x080020a2   Section        0  stm32f10x_tim.o(i.TIM_SetCompare1)
    i.TIM_SetCounter                         0x080020a6   Section        0  stm32f10x_tim.o(i.TIM_SetCounter)
    i.TimerDelay                             0x080020ac   Section        0  systick.o(i.TimerDelay)
    i.TimerReload                            0x080020c4   Section        0  systick.o(i.TimerReload)
    i.USART1_IRQHandler                      0x080020d0   Section        0  usart.o(i.USART1_IRQHandler)
    i.USART1_Init                            0x08002134   Section        0  usart.o(i.USART1_Init)
    i.USART_Cmd                              0x080021d8   Section        0  stm32f10x_usart.o(i.USART_Cmd)
    i.USART_GetITStatus                      0x080021ec   Section        0  stm32f10x_usart.o(i.USART_GetITStatus)
    i.USART_ITConfig                         0x0800222a   Section        0  stm32f10x_usart.o(i.USART_ITConfig)
    i.USART_Init                             0x0800225c   Section        0  stm32f10x_usart.o(i.USART_Init)
    i.USART_ReceiveData                      0x08002308   Section        0  stm32f10x_usart.o(i.USART_ReceiveData)
    i.UsageFault_Handler                     0x08002310   Section        0  stm32f10x_it.o(i.UsageFault_Handler)
    i._is_digit                              0x08002312   Section        0  __printf_wp.o(i._is_digit)
    i._sys_exit                              0x08002320   Section        0  usart.o(i._sys_exit)
    i._ttywrch                               0x08002322   Section        0  usart.o(i._ttywrch)
    i.fputc                                  0x08002324   Section        0  usart.o(i.fputc)
    i.main                                   0x0800233c   Section        0  main.o(i.main)
    .constdata                               0x080023b0   Section       24  rtc.o(.constdata)
    .constdata                               0x080023c8   Section       60  epaper213.o(.constdata)
    .constdata                               0x08002404   Section     3040  font16.o(.constdata)
    .constdata                               0x08002fe4   Section       17  __printf_flags_ss_wp.o(.constdata)
    maptable                                 0x08002fe4   Data          17  __printf_flags_ss_wp.o(.constdata)
    .conststring                             0x08002ff8   Section       68  epaper213.o(.conststring)
    .conststring                             0x0800303c   Section      133  gui_paint.o(.conststring)
    .data                                    0x20000000   Section        4  main.o(.data)
    MainLoopTimer                            0x20000000   Data           4  main.o(.data)
    .data                                    0x20000004   Section       20  stm32f10x_rcc.o(.data)
    ADCPrescTable                            0x20000004   Data           4  stm32f10x_rcc.o(.data)
    APBAHBPrescTable                         0x20000008   Data          16  stm32f10x_rcc.o(.data)
    .data                                    0x20000018   Section       20  system_stm32f10x.o(.data)
    .data                                    0x2000002c   Section       13  key.o(.data)
    Status                                   0x2000002d   Data           1  key.o(.data)
    KeyValue                                 0x2000002e   Data           1  key.o(.data)
    TimerForKeyScan                          0x20000030   Data           4  key.o(.data)
    .data                                    0x2000003a   Section        2  usart.o(.data)
    .data                                    0x2000003c   Section        4  usart.o(.data)
    .data                                    0x20000040   Section       12  systick.o(.data)
    us_tick                                  0x20000040   Data           1  systick.o(.data)
    TestCase                                 0x20000041   Data           1  systick.o(.data)
    ms_tick                                  0x20000042   Data           2  systick.o(.data)
    SysMSCounter                             0x20000044   Data           4  systick.o(.data)
    TestTimer                                0x20000048   Data           4  systick.o(.data)
    .data                                    0x2000004c   Section        6  rtc.o(.data)
    TimeRefreshFlag                          0x2000004c   Data           1  rtc.o(.data)
    HourFlag                                 0x2000004e   Data           2  rtc.o(.data)
    DayCounter                               0x20000050   Data           2  rtc.o(.data)
    .data                                    0x20000054   Section        8  font16.o(.data)
    .bss                                     0x2000005c   Section      128  usart.o(.bss)
    .bss                                     0x200000dc   Section       10  rtc.o(.bss)
    .bss                                     0x200000e8   Section       24  gui_paint.o(.bss)
    .bss                                     0x20000100   Section       96  libspace.o(.bss)
    HEAP                                     0x20000160   Section     4096  startup_stm32f10x_md.o(HEAP)
    Heap_Mem                                 0x20000160   Data        4096  startup_stm32f10x_md.o(HEAP)
    STACK                                    0x20001160   Section     4096  startup_stm32f10x_md.o(STACK)
    Stack_Mem                                0x20001160   Data        4096  startup_stm32f10x_md.o(STACK)
    __initial_sp                             0x20002160   Data           0  startup_stm32f10x_md.o(STACK)

    Global Symbols

    Symbol Name                              Value     Ov Type        Size  Object(Section)

    BuildAttributes$$THM_ISAv4$P$D$K$B$S$PE$A:L22UL41UL21$X:L11$S22US41US21$IEEE1$IW$USESV6$~STKCKD$USESV7$~SHL$OTIME$ROPI$IEEEJ$EBA8$UX$STANDARDLIB$REQ8$PRES8$EABIv2 0x00000000   Number         0  anon$$obj.o ABSOLUTE
    __ARM_use_no_argv                        0x00000000   Number         0  main.o ABSOLUTE
    _printf_flags                            0x00000000   Number         0  printf_stubs.o ABSOLUTE
    _printf_return_value                     0x00000000   Number         0  printf_stubs.o ABSOLUTE
    _printf_sizespec                         0x00000000   Number         0  printf_stubs.o ABSOLUTE
    _printf_widthprec                        0x00000000   Number         0  printf_stubs.o ABSOLUTE
    __ARM_exceptions_init                     - Undefined Weak Reference
    __alloca_initialize                       - Undefined Weak Reference
    __arm_preinit_                            - Undefined Weak Reference
    __cpp_initialize__aeabi_                  - Undefined Weak Reference
    __cxa_finalize                            - Undefined Weak Reference
    __sigvec_lookup                           - Undefined Weak Reference
    __user_heap_extent                        - Undefined Weak Reference
    _atexit_init                              - Undefined Weak Reference
    _call_atexit_fns                          - Undefined Weak Reference
    _clock_init                               - Undefined Weak Reference
    _fp_trap_init                             - Undefined Weak Reference
    _fp_trap_shutdown                         - Undefined Weak Reference
    _get_lc_collate                           - Undefined Weak Reference
    _get_lc_monetary                          - Undefined Weak Reference
    _get_lc_time                              - Undefined Weak Reference
    _getenv_init                              - Undefined Weak Reference
    _handle_redirection                       - Undefined Weak Reference
    _initio                                   - Undefined Weak Reference
    _mutex_acquire                            - Undefined Weak Reference
    _mutex_free                               - Undefined Weak Reference
    _mutex_release                            - Undefined Weak Reference
    _printf_fp_hex                            - Undefined Weak Reference
    _printf_mbtowc                            - Undefined Weak Reference
    _printf_wc                                - Undefined Weak Reference
    _rand_init                                - Undefined Weak Reference
    _signal_finish                            - Undefined Weak Reference
    _signal_init                              - Undefined Weak Reference
    _terminateio                              - Undefined Weak Reference
    __Vectors_Size                           0x000000ec   Number         0  startup_stm32f10x_md.o ABSOLUTE
    __Vectors                                0x08000000   Data           4  startup_stm32f10x_md.o(RESET)
    __Vectors_End                            0x080000ec   Data           0  startup_stm32f10x_md.o(RESET)
    __main                                   0x080000ed   Thumb Code     8  __main.o(!!!main)
    __scatterload                            0x080000f5   Thumb Code     0  __scatter.o(!!!scatter)
    __scatterload_rt2                        0x080000f5   Thumb Code    44  __scatter.o(!!!scatter)
    __scatterload_rt2_thumb_only             0x080000f5   Thumb Code     0  __scatter.o(!!!scatter)
    __scatterload_null                       0x08000103   Thumb Code     0  __scatter.o(!!!scatter)
    __scatterload_copy                       0x08000129   Thumb Code    26  __scatter_copy.o(!!handler_copy)
    __scatterload_zeroinit                   0x08000145   Thumb Code    28  __scatter_zi.o(!!handler_zi)
    _printf_d                                0x08000161   Thumb Code     0  _printf_d.o(.ARM.Collect$$_printf_percent$$00000009)
    _printf_percent                          0x08000161   Thumb Code     0  _printf_percent.o(.ARM.Collect$$_printf_percent$$00000000)
    _printf_percent_end                      0x08000167   Thumb Code     0  _printf_percent_end.o(.ARM.Collect$$_printf_percent$$00000017)
    __rt_lib_init                            0x0800016b   Thumb Code     0  libinit.o(.ARM.Collect$$libinit$$00000000)
    __rt_lib_init_fp_1                       0x0800016d   Thumb Code     0  libinit2.o(.ARM.Collect$$libinit$$00000002)
    __rt_lib_init_heap_2                     0x0800016d   Thumb Code     0  libinit2.o(.ARM.Collect$$libinit$$00000005)
    __rt_lib_init_preinit_1                  0x0800016d   Thumb Code     0  libinit2.o(.ARM.Collect$$libinit$$00000004)
    __rt_lib_init_alloca_1                   0x08000175   Thumb Code     0  libinit2.o(.ARM.Collect$$libinit$$0000002E)
    __rt_lib_init_argv_1                     0x08000175   Thumb Code     0  libinit2.o(.ARM.Collect$$libinit$$0000002C)
    __rt_lib_init_atexit_1                   0x08000175   Thumb Code     0  libinit2.o(.ARM.Collect$$libinit$$0000001B)
    __rt_lib_init_clock_1                    0x08000175   Thumb Code     0  libinit2.o(.ARM.Collect$$libinit$$00000021)
    __rt_lib_init_cpp_1                      0x08000175   Thumb Code     0  libinit2.o(.ARM.Collect$$libinit$$00000032)
    __rt_lib_init_exceptions_1               0x08000175   Thumb Code     0  libinit2.o(.ARM.Collect$$libinit$$00000030)
    __rt_lib_init_fp_trap_1                  0x08000175   Thumb Code     0  libinit2.o(.ARM.Collect$$libinit$$0000001F)
    __rt_lib_init_getenv_1                   0x08000175   Thumb Code     0  libinit2.o(.ARM.Collect$$libinit$$00000023)
    __rt_lib_init_heap_1                     0x08000175   Thumb Code     0  libinit2.o(.ARM.Collect$$libinit$$0000000A)
    __rt_lib_init_lc_collate_1               0x08000175   Thumb Code     0  libinit2.o(.ARM.Collect$$libinit$$00000011)
    __rt_lib_init_lc_ctype_1                 0x08000175   Thumb Code     0  libinit2.o(.ARM.Collect$$libinit$$00000013)
    __rt_lib_init_lc_monetary_1              0x08000175   Thumb Code     0  libinit2.o(.ARM.Collect$$libinit$$00000015)
    __rt_lib_init_lc_numeric_1               0x08000175   Thumb Code     0  libinit2.o(.ARM.Collect$$libinit$$00000017)
    __rt_lib_init_lc_time_1                  0x08000175   Thumb Code     0  libinit2.o(.ARM.Collect$$libinit$$00000019)
    __rt_lib_init_rand_1                     0x08000175   Thumb Code     0  libinit2.o(.ARM.Collect$$libinit$$0000000E)
    __rt_lib_init_return                     0x08000175   Thumb Code     0  libinit2.o(.ARM.Collect$$libinit$$00000033)
    __rt_lib_init_signal_1                   0x08000175   Thumb Code     0  libinit2.o(.ARM.Collect$$libinit$$0000001D)
    __rt_lib_init_stdio_1                    0x08000175   Thumb Code     0  libinit2.o(.ARM.Collect$$libinit$$00000025)
    __rt_lib_init_user_alloc_1               0x08000175   Thumb Code     0  libinit2.o(.ARM.Collect$$libinit$$0000000C)
    __rt_lib_shutdown                        0x08000177   Thumb Code     0  libshutdown.o(.ARM.Collect$$libshutdown$$00000000)
    __rt_lib_shutdown_cpp_1                  0x08000179   Thumb Code     0  libshutdown2.o(.ARM.Collect$$libshutdown$$00000002)
    __rt_lib_shutdown_fp_trap_1              0x08000179   Thumb Code     0  libshutdown2.o(.ARM.Collect$$libshutdown$$00000007)
    __rt_lib_shutdown_heap_1                 0x08000179   Thumb Code     0  libshutdown2.o(.ARM.Collect$$libshutdown$$0000000F)
    __rt_lib_shutdown_return                 0x08000179   Thumb Code     0  libshutdown2.o(.ARM.Collect$$libshutdown$$00000010)
    __rt_lib_shutdown_signal_1               0x08000179   Thumb Code     0  libshutdown2.o(.ARM.Collect$$libshutdown$$0000000A)
    __rt_lib_shutdown_stdio_1                0x08000179   Thumb Code     0  libshutdown2.o(.ARM.Collect$$libshutdown$$00000004)
    __rt_lib_shutdown_user_alloc_1           0x08000179   Thumb Code     0  libshutdown2.o(.ARM.Collect$$libshutdown$$0000000C)
    __rt_entry                               0x0800017b   Thumb Code     0  __rtentry.o(.ARM.Collect$$rtentry$$00000000)
    __rt_entry_presh_1                       0x0800017b   Thumb Code     0  __rtentry2.o(.ARM.Collect$$rtentry$$00000002)
    __rt_entry_sh                            0x0800017b   Thumb Code     0  __rtentry4.o(.ARM.Collect$$rtentry$$00000004)
    __rt_entry_li                            0x08000181   Thumb Code     0  __rtentry2.o(.ARM.Collect$$rtentry$$0000000A)
    __rt_entry_postsh_1                      0x08000181   Thumb Code     0  __rtentry2.o(.ARM.Collect$$rtentry$$00000009)
    __rt_entry_main                          0x08000185   Thumb Code     0  __rtentry2.o(.ARM.Collect$$rtentry$$0000000D)
    __rt_entry_postli_1                      0x08000185   Thumb Code     0  __rtentry2.o(.ARM.Collect$$rtentry$$0000000C)
    __rt_exit                                0x0800018d   Thumb Code     0  rtexit.o(.ARM.Collect$$rtexit$$00000000)
    __rt_exit_ls                             0x0800018f   Thumb Code     0  rtexit2.o(.ARM.Collect$$rtexit$$00000003)
    __rt_exit_prels_1                        0x0800018f   Thumb Code     0  rtexit2.o(.ARM.Collect$$rtexit$$00000002)
    __rt_exit_exit                           0x08000193   Thumb Code     0  rtexit2.o(.ARM.Collect$$rtexit$$00000004)
    Reset_Handler                            0x08000199   Thumb Code     8  startup_stm32f10x_md.o(.text)
    _maybe_terminate_alloc                   0x08000199   Thumb Code     0  maybetermalloc1.o(.emb_text)
    ADC1_2_IRQHandler                        0x080001b3   Thumb Code     0  startup_stm32f10x_md.o(.text)
    CAN1_RX1_IRQHandler                      0x080001b3   Thumb Code     0  startup_stm32f10x_md.o(.text)
    CAN1_SCE_IRQHandler                      0x080001b3   Thumb Code     0  startup_stm32f10x_md.o(.text)
    DMA1_Channel1_IRQHandler                 0x080001b3   Thumb Code     0  startup_stm32f10x_md.o(.text)
    DMA1_Channel2_IRQHandler                 0x080001b3   Thumb Code     0  startup_stm32f10x_md.o(.text)
    DMA1_Channel3_IRQHandler                 0x080001b3   Thumb Code     0  startup_stm32f10x_md.o(.text)
    DMA1_Channel4_IRQHandler                 0x080001b3   Thumb Code     0  startup_stm32f10x_md.o(.text)
    DMA1_Channel5_IRQHandler                 0x080001b3   Thumb Code     0  startup_stm32f10x_md.o(.text)
    DMA1_Channel6_IRQHandler                 0x080001b3   Thumb Code     0  startup_stm32f10x_md.o(.text)
    DMA1_Channel7_IRQHandler                 0x080001b3   Thumb Code     0  startup_stm32f10x_md.o(.text)
    EXTI0_IRQHandler                         0x080001b3   Thumb Code     0  startup_stm32f10x_md.o(.text)
    EXTI15_10_IRQHandler                     0x080001b3   Thumb Code     0  startup_stm32f10x_md.o(.text)
    EXTI1_IRQHandler                         0x080001b3   Thumb Code     0  startup_stm32f10x_md.o(.text)
    EXTI2_IRQHandler                         0x080001b3   Thumb Code     0  startup_stm32f10x_md.o(.text)
    EXTI3_IRQHandler                         0x080001b3   Thumb Code     0  startup_stm32f10x_md.o(.text)
    EXTI4_IRQHandler                         0x080001b3   Thumb Code     0  startup_stm32f10x_md.o(.text)
    EXTI9_5_IRQHandler                       0x080001b3   Thumb Code     0  startup_stm32f10x_md.o(.text)
    FLASH_IRQHandler                         0x080001b3   Thumb Code     0  startup_stm32f10x_md.o(.text)
    I2C1_ER_IRQHandler                       0x080001b3   Thumb Code     0  startup_stm32f10x_md.o(.text)
    I2C1_EV_IRQHandler                       0x080001b3   Thumb Code     0  startup_stm32f10x_md.o(.text)
    I2C2_ER_IRQHandler                       0x080001b3   Thumb Code     0  startup_stm32f10x_md.o(.text)
    I2C2_EV_IRQHandler                       0x080001b3   Thumb Code     0  startup_stm32f10x_md.o(.text)
    PVD_IRQHandler                           0x080001b3   Thumb Code     0  startup_stm32f10x_md.o(.text)
    RCC_IRQHandler                           0x080001b3   Thumb Code     0  startup_stm32f10x_md.o(.text)
    RTCAlarm_IRQHandler                      0x080001b3   Thumb Code     0  startup_stm32f10x_md.o(.text)
    SPI1_IRQHandler                          0x080001b3   Thumb Code     0  startup_stm32f10x_md.o(.text)
    SPI2_IRQHandler                          0x080001b3   Thumb Code     0  startup_stm32f10x_md.o(.text)
    TAMPER_IRQHandler                        0x080001b3   Thumb Code     0  startup_stm32f10x_md.o(.text)
    TIM1_BRK_IRQHandler                      0x080001b3   Thumb Code     0  startup_stm32f10x_md.o(.text)
    TIM1_TRG_COM_IRQHandler                  0x080001b3   Thumb Code     0  startup_stm32f10x_md.o(.text)
    TIM1_UP_IRQHandler                       0x080001b3   Thumb Code     0  startup_stm32f10x_md.o(.text)
    TIM2_IRQHandler                          0x080001b3   Thumb Code     0  startup_stm32f10x_md.o(.text)
    TIM4_IRQHandler                          0x080001b3   Thumb Code     0  startup_stm32f10x_md.o(.text)
    USART2_IRQHandler                        0x080001b3   Thumb Code     0  startup_stm32f10x_md.o(.text)
    USART3_IRQHandler                        0x080001b3   Thumb Code     0  startup_stm32f10x_md.o(.text)
    USBWakeUp_IRQHandler                     0x080001b3   Thumb Code     0  startup_stm32f10x_md.o(.text)
    USB_HP_CAN1_TX_IRQHandler                0x080001b3   Thumb Code     0  startup_stm32f10x_md.o(.text)
    USB_LP_CAN1_RX0_IRQHandler               0x080001b3   Thumb Code     0  startup_stm32f10x_md.o(.text)
    WWDG_IRQHandler                          0x080001b3   Thumb Code     0  startup_stm32f10x_md.o(.text)
    __user_initial_stackheap                 0x080001b5   Thumb Code     0  startup_stm32f10x_md.o(.text)
    __use_no_semihosting                     0x080001d9   Thumb Code     2  use_no_semi_2.o(.text)
    malloc                                   0x080001db   Thumb Code    94  h1_alloc.o(.text)
    __2printf                                0x08000239   Thumb Code    20  __2printf.o(.text)
    _printf_int_dec                          0x08000251   Thumb Code   104  _printf_dec.o(.text)
    __printf                                 0x080002c9   Thumb Code   388  __printf_flags_ss_wp.o(.text)
    __aeabi_memclr4                          0x08000451   Thumb Code     0  rt_memclr_w.o(.text)
    __aeabi_memclr8                          0x08000451   Thumb Code     0  rt_memclr_w.o(.text)
    __rt_memclr_w                            0x08000451   Thumb Code    78  rt_memclr_w.o(.text)
    _memset_w                                0x08000455   Thumb Code     0  rt_memclr_w.o(.text)
    __use_two_region_memory                  0x0800049f   Thumb Code     2  heapauxi.o(.text)
    __rt_heap_escrow                         0x080004a1   Thumb Code     2  heapauxi.o(.text)
    __rt_heap_expand                         0x080004a3   Thumb Code     2  heapauxi.o(.text)
    __I$use$semihosting                      0x080004a5   Thumb Code     0  use_no_semi.o(.text)
    __use_no_semihosting_swi                 0x080004a5   Thumb Code     2  use_no_semi.o(.text)
    __rt_heap_descriptor                     0x080004a9   Thumb Code     8  rt_heap_descriptor_intlibspace.o(.text)
    __use_no_heap                            0x080004b1   Thumb Code     2  hguard.o(.text)
    __heap$guard                             0x080004b3   Thumb Code     2  hguard.o(.text)
    _terminate_user_alloc                    0x080004b5   Thumb Code     2  init_alloc.o(.text)
    _init_user_alloc                         0x080004b7   Thumb Code     2  init_alloc.o(.text)
    __Heap_Full                              0x080004b9   Thumb Code    34  init_alloc.o(.text)
    __Heap_Broken                            0x080004db   Thumb Code     6  init_alloc.o(.text)
    _init_alloc                              0x080004e1   Thumb Code    94  init_alloc.o(.text)
    __Heap_Initialize                        0x0800053f   Thumb Code    10  h1_init.o(.text)
    __Heap_DescSize                          0x08000549   Thumb Code     4  h1_init.o(.text)
    free                                     0x0800054d   Thumb Code    78  h1_free.o(.text)
    _printf_int_common                       0x0800059b   Thumb Code   178  _printf_intcommon.o(.text)
    _printf_char_common                      0x08000657   Thumb Code    32  _printf_char_common.o(.text)
    _printf_char_file                        0x0800067d   Thumb Code    32  _printf_char_file.o(.text)
    __user_libspace                          0x080006a1   Thumb Code     8  libspace.o(.text)
    __user_perproc_libspace                  0x080006a1   Thumb Code     0  libspace.o(.text)
    __user_perthread_libspace                0x080006a1   Thumb Code     0  libspace.o(.text)
    __Heap_ProvideMemory                     0x080006a9   Thumb Code    52  h1_extend.o(.text)
    ferror                                   0x080006dd   Thumb Code     8  ferror.o(.text)
    __rt_SIGRTMEM                            0x080006e5   Thumb Code    14  defsig_rtmem_outer.o(.text)
    __user_setup_stackheap                   0x080006f3   Thumb Code    74  sys_stackheap_outer.o(.text)
    exit                                     0x0800073d   Thumb Code    18  exit.o(.text)
    __sig_exit                               0x0800074f   Thumb Code    10  defsig_exit.o(.text)
    __rt_SIGRTMEM_inner                      0x08000759   Thumb Code    22  defsig_rtmem_inner.o(.text)
    __default_signal_display                 0x080007a9   Thumb Code    50  defsig_general.o(.text)
    BusFault_Handler                         0x080007db   Thumb Code     2  stm32f10x_it.o(i.BusFault_Handler)
    DayOfWeek                                0x080007dd   Thumb Code    76  rtc.o(i.DayOfWeek)
    DebugMon_Handler                         0x0800082d   Thumb Code     2  stm32f10x_it.o(i.DebugMon_Handler)
    Delay_ms                                 0x0800082f   Thumb Code    10  systick.o(i.Delay_ms)
    Delay_us                                 0x08000839   Thumb Code    48  systick.o(i.Delay_us)
    EPD2IN13Clear                            0x0800086d   Thumb Code    64  epaper213.o(i.EPD2IN13Clear)
    EPD2IN13Display                          0x080008ad   Thumb Code    82  epaper213.o(i.EPD2IN13Display)
    EPD2IN13IOInit                           0x08000901   Thumb Code    82  epaper213.o(i.EPD2IN13IOInit)
    EPD2IN13Init                             0x0800095d   Thumb Code   176  epaper213.o(i.EPD2IN13Init)
    EPD2IN13ReadBusy                         0x08000a11   Thumb Code    22  epaper213.o(i.EPD2IN13ReadBusy)
    EPD2IN13Reset                            0x08000a2d   Thumb Code    42  epaper213.o(i.EPD2IN13Reset)
    EPD2IN13SPIInit                          0x08000a5d   Thumb Code    14  epaper213.o(i.EPD2IN13SPIInit)
    EPD2IN13SendByte                         0x08000a6d   Thumb Code    28  epaper213.o(i.EPD2IN13SendByte)
    EPD2IN13SendCMD                          0x08000a8d   Thumb Code    28  epaper213.o(i.EPD2IN13SendCMD)
    EPD2IN13SetCursor                        0x08000aad   Thumb Code    44  epaper213.o(i.EPD2IN13SetCursor)
    EPD2IN13SetWindows                       0x08000ad9   Thumb Code    72  epaper213.o(i.EPD2IN13SetWindows)
    EPD2IN13Test                             0x08000b21   Thumb Code   324  epaper213.o(i.EPD2IN13Test)
    EPD2IN13TurnONDisplay                    0x08000c89   Thumb Code    34  epaper213.o(i.EPD2IN13TurnONDisplay)
    FLASH_PrefetchBufferCmd                  0x08000cad   Thumb Code    18  stm32f10x_flash.o(i.FLASH_PrefetchBufferCmd)
    FLASH_SetLatency                         0x08000cc5   Thumb Code    14  stm32f10x_flash.o(i.FLASH_SetLatency)
    GPIO_Init                                0x08000cd9   Thumb Code   162  stm32f10x_gpio.o(i.GPIO_Init)
    GPIO_ReadInputDataBit                    0x08000d7b   Thumb Code    14  stm32f10x_gpio.o(i.GPIO_ReadInputDataBit)
    HardFault_Handler                        0x08000d89   Thumb Code     2  stm32f10x_it.o(i.HardFault_Handler)
    KeyIO_Init                               0x08000d8d   Thumb Code    38  key.o(i.KeyIO_Init)
    KeyScan                                  0x08000db9   Thumb Code   256  key.o(i.KeyScan)
    KeyTest                                  0x08000ebd   Thumb Code     4  key.o(i.KeyTest)
    LED_Init                                 0x08000ec1   Thumb Code    48  led.o(i.LED_Init)
    LED_Toggle                               0x08000ef9   Thumb Code    14  led.o(i.LED_Toggle)
    LeapYearCheck                            0x08000f0d   Thumb Code    38  rtc.o(i.LeapYearCheck)
    MemManage_Handler                        0x08000f33   Thumb Code     2  stm32f10x_it.o(i.MemManage_Handler)
    NMI_Handler                              0x08000f35   Thumb Code     2  stm32f10x_it.o(i.NMI_Handler)
    NVIC_Init                                0x08000f39   Thumb Code    94  misc.o(i.NVIC_Init)
    NVIC_PriorityGroupConfig                 0x08000f9d   Thumb Code    10  misc.o(i.NVIC_PriorityGroupConfig)
    Paint_Clear                              0x08000fb1   Thumb Code    46  gui_paint.o(i.Paint_Clear)
    Paint_DrawChar                           0x08000fe5   Thumb Code   176  gui_paint.o(i.Paint_DrawChar)
    Paint_DrawCircle                         0x080010d9   Thumb Code   532  gui_paint.o(i.Paint_DrawCircle)
    Paint_DrawLine                           0x080012f5   Thumb Code   202  gui_paint.o(i.Paint_DrawLine)
    Paint_DrawNum                            0x08001405   Thumb Code   144  gui_paint.o(i.Paint_DrawNum)
    Paint_DrawPoint                          0x080014d9   Thumb Code   178  gui_paint.o(i.Paint_DrawPoint)
    Paint_DrawRectangle                      0x0800161d   Thumb Code   172  gui_paint.o(i.Paint_DrawRectangle)
    Paint_DrawString_EN                      0x080016fd   Thumb Code   116  gui_paint.o(i.Paint_DrawString_EN)
    Paint_NewImage                           0x08001779   Thumb Code    56  gui_paint.o(i.Paint_NewImage)
    Paint_SetPixel                           0x080017b5   Thumb Code   204  gui_paint.o(i.Paint_SetPixel)
    PendSV_Handler                           0x080018ad   Thumb Code     2  stm32f10x_it.o(i.PendSV_Handler)
    PopKey                                   0x080018b1   Thumb Code    44  key.o(i.PopKey)
    PushKey                                  0x080018e1   Thumb Code    20  key.o(i.PushKey)
    RCC_APB2PeriphClockCmd                   0x080018f9   Thumb Code    18  stm32f10x_rcc.o(i.RCC_APB2PeriphClockCmd)
    RCC_Configuration                        0x08001911   Thumb Code    98  systembase.o(i.RCC_Configuration)
    RCC_DeInit                               0x08001975   Thumb Code    50  stm32f10x_rcc.o(i.RCC_DeInit)
    RCC_GetClocksFreq                        0x080019b5   Thumb Code   128  stm32f10x_rcc.o(i.RCC_GetClocksFreq)
    RCC_GetFlagStatus                        0x08001a45   Thumb Code    44  stm32f10x_rcc.o(i.RCC_GetFlagStatus)
    RCC_GetSYSCLKSource                      0x08001a75   Thumb Code    10  stm32f10x_rcc.o(i.RCC_GetSYSCLKSource)
    RCC_HCLKConfig                           0x08001a85   Thumb Code    14  stm32f10x_rcc.o(i.RCC_HCLKConfig)
    RCC_HSEConfig                            0x08001a99   Thumb Code    48  stm32f10x_rcc.o(i.RCC_HSEConfig)
    RCC_PCLK1Config                          0x08001acd   Thumb Code    14  stm32f10x_rcc.o(i.RCC_PCLK1Config)
    RCC_PCLK2Config                          0x08001ae1   Thumb Code    16  stm32f10x_rcc.o(i.RCC_PCLK2Config)
    RCC_PLLCmd                               0x08001af5   Thumb Code     6  stm32f10x_rcc.o(i.RCC_PLLCmd)
    RCC_PLLConfig                            0x08001b01   Thumb Code    16  stm32f10x_rcc.o(i.RCC_PLLConfig)
    RCC_SYSCLKConfig                         0x08001b15   Thumb Code    14  stm32f10x_rcc.o(i.RCC_SYSCLKConfig)
    RCC_WaitForHSEStartUp                    0x08001b29   Thumb Code    44  stm32f10x_rcc.o(i.RCC_WaitForHSEStartUp)
    RTC_ClearITPendingBit                    0x08001b55   Thumb Code    10  stm32f10x_rtc.o(i.RTC_ClearITPendingBit)
    RTC_GetCounter                           0x08001b65   Thumb Code    16  stm32f10x_rtc.o(i.RTC_GetCounter)
    RTC_GetITStatus                          0x08001b79   Thumb Code    28  stm32f10x_rtc.o(i.RTC_GetITStatus)
    RTC_IRQHandler                           0x08001b99   Thumb Code    48  rtc.o(i.RTC_IRQHandler)
    RTC_TimeReFresh                          0x08001bc9   Thumb Code   278  rtc.o(i.RTC_TimeReFresh)
    RTC_WaitForLastTask                      0x08001cf1   Thumb Code    10  stm32f10x_rtc.o(i.RTC_WaitForLastTask)
    ReadKey                                  0x08001d01   Thumb Code   106  key.o(i.ReadKey)
    SPI1IOInit                               0x08001d71   Thumb Code    38  spi.o(i.SPI1IOInit)
    SPI1Init                                 0x08001d9d   Thumb Code    88  spi.o(i.SPI1Init)
    SPI1WriteReadByte                        0x08001df9   Thumb Code    76  spi.o(i.SPI1WriteReadByte)
    SPI_Cmd                                  0x08001e49   Thumb Code    20  stm32f10x_spi.o(i.SPI_Cmd)
    SPI_I2S_GetFlagStatus                    0x08001e5d   Thumb Code    14  stm32f10x_spi.o(i.SPI_I2S_GetFlagStatus)
    SPI_I2S_ReceiveData                      0x08001e6b   Thumb Code     4  stm32f10x_spi.o(i.SPI_I2S_ReceiveData)
    SPI_I2S_SendData                         0x08001e6f   Thumb Code     4  stm32f10x_spi.o(i.SPI_I2S_SendData)
    SPI_Init                                 0x08001e73   Thumb Code    56  stm32f10x_spi.o(i.SPI_Init)
    SVC_Handler                              0x08001eab   Thumb Code     2  stm32f10x_it.o(i.SVC_Handler)
    SysTickInit                              0x08001f55   Thumb Code    74  systick.o(i.SysTickInit)
    SysTick_CLKSourceConfig                  0x08001fb1   Thumb Code    24  misc.o(i.SysTick_CLKSourceConfig)
    SysTick_Handler                          0x08001fc9   Thumb Code    10  systick.o(i.SysTick_Handler)
    SystemInit                               0x08001fd9   Thumb Code    64  system_stm32f10x.o(i.SystemInit)
    TIM1_CC_IRQHandler                       0x08002029   Thumb Code    46  timer.o(i.TIM1_CC_IRQHandler)
    TIM3_IRQHandler                          0x0800205d   Thumb Code    34  timer.o(i.TIM3_IRQHandler)
    TIM_ClearITPendingBit                    0x08002085   Thumb Code     6  stm32f10x_tim.o(i.TIM_ClearITPendingBit)
    TIM_GetITStatus                          0x0800208b   Thumb Code    24  stm32f10x_tim.o(i.TIM_GetITStatus)
    TIM_SetCompare1                          0x080020a3   Thumb Code     4  stm32f10x_tim.o(i.TIM_SetCompare1)
    TIM_SetCounter                           0x080020a7   Thumb Code     4  stm32f10x_tim.o(i.TIM_SetCounter)
    TimerDelay                               0x080020ad   Thumb Code    20  systick.o(i.TimerDelay)
    TimerReload                              0x080020c5   Thumb Code     8  systick.o(i.TimerReload)
    USART1_IRQHandler                        0x080020d1   Thumb Code    88  usart.o(i.USART1_IRQHandler)
    USART1_Init                              0x08002135   Thumb Code   156  usart.o(i.USART1_Init)
    USART_Cmd                                0x080021d9   Thumb Code    20  stm32f10x_usart.o(i.USART_Cmd)
    USART_GetITStatus                        0x080021ed   Thumb Code    62  stm32f10x_usart.o(i.USART_GetITStatus)
    USART_ITConfig                           0x0800222b   Thumb Code    48  stm32f10x_usart.o(i.USART_ITConfig)
    USART_Init                               0x0800225d   Thumb Code   166  stm32f10x_usart.o(i.USART_Init)
    USART_ReceiveData                        0x08002309   Thumb Code     8  stm32f10x_usart.o(i.USART_ReceiveData)
    UsageFault_Handler                       0x08002311   Thumb Code     2  stm32f10x_it.o(i.UsageFault_Handler)
    _is_digit                                0x08002313   Thumb Code    14  __printf_wp.o(i._is_digit)
    _sys_exit                                0x08002321   Thumb Code     2  usart.o(i._sys_exit)
    _ttywrch                                 0x08002323   Thumb Code     2  usart.o(i._ttywrch)
    fputc                                    0x08002325   Thumb Code    18  usart.o(i.fputc)
    main                                     0x0800233d   Thumb Code    84  main.o(i.main)
    NonleapYaerMonth                         0x080023b0   Data          12  rtc.o(.constdata)
    WeekFixTable                             0x080023bc   Data          12  rtc.o(.constdata)
    EPD2IN13_LUT_FULL_UPDATE                 0x080023c8   Data          30  epaper213.o(.constdata)
    EPD2IN13_LUT_PARTIAL_UPDATE              0x080023e6   Data          30  epaper213.o(.constdata)
    Font16_Table                             0x08002404   Data        3040  font16.o(.constdata)
    Region$$Table$$Base                      0x080030c4   Number         0  anon$$obj.o(Region$$Table)
    Region$$Table$$Limit                     0x080030e4   Number         0  anon$$obj.o(Region$$Table)
    SystemCoreClock                          0x20000018   Data           4  system_stm32f10x.o(.data)
    AHBPrescTable                            0x2000001c   Data          16  system_stm32f10x.o(.data)
    KeyBufCounter                            0x2000002c   Data           1  key.o(.data)
    KeyValueBuf                              0x20000034   Data           5  key.o(.data)
    USART1_RX_STA                            0x2000003a   Data           2  usart.o(.data)
    __stdout                                 0x2000003c   Data           4  usart.o(.data)
    Font16                                   0x20000054   Data           8  font16.o(.data)
    USART1_RX_BUF                            0x2000005c   Data         128  usart.o(.bss)
    Calendar                                 0x200000dc   Data          10  rtc.o(.bss)
    Paint                                    0x200000e8   Data          24  gui_paint.o(.bss)
    __libspace_start                         0x20000100   Data          96  libspace.o(.bss)
    __temporary_stack_top$libspace           0x20000160   Data           0  libspace.o(.bss)



==============================================================================

Memory Map of the image

  Image Entry point : 0x080000ed

  Load Region LR_IROM1 (Base: 0x08000000, Size: 0x00003140, Max: 0x00010000, ABSOLUTE)

    Execution Region ER_IROM1 (Exec base: 0x08000000, Load base: 0x08000000, Size: 0x000030e4, Max: 0x00010000, ABSOLUTE)

    Exec Addr    Load Addr    Size         Type   Attr      Idx    E Section Name        Object

    0x08000000   0x08000000   0x000000ec   Data   RO         3252    RESET               startup_stm32f10x_md.o
    0x080000ec   0x080000ec   0x00000008   Code   RO         4371  * !!!main             c_w.l(__main.o)
    0x080000f4   0x080000f4   0x00000034   Code   RO         4742    !!!scatter          c_w.l(__scatter.o)
    0x08000128   0x08000128   0x0000001a   Code   RO         4744    !!handler_copy      c_w.l(__scatter_copy.o)
    0x08000142   0x08000142   0x00000002   PAD
    0x08000144   0x08000144   0x0000001c   Code   RO         4746    !!handler_zi        c_w.l(__scatter_zi.o)
    0x08000160   0x08000160   0x00000000   Code   RO         4364    .ARM.Collect$$_printf_percent$$00000000  c_w.l(_printf_percent.o)
    0x08000160   0x08000160   0x00000006   Code   RO         4363    .ARM.Collect$$_printf_percent$$00000009  c_w.l(_printf_d.o)
    0x08000166   0x08000166   0x00000004   Code   RO         4494    .ARM.Collect$$_printf_percent$$00000017  c_w.l(_printf_percent_end.o)
    0x0800016a   0x0800016a   0x00000002   Code   RO         4676    .ARM.Collect$$libinit$$00000000  c_w.l(libinit.o)
    0x0800016c   0x0800016c   0x00000000   Code   RO         4509    .ARM.Collect$$libinit$$00000002  c_w.l(libinit2.o)
    0x0800016c   0x0800016c   0x00000000   Code   RO         4511    .ARM.Collect$$libinit$$00000004  c_w.l(libinit2.o)
    0x0800016c   0x0800016c   0x00000008   Code   RO         4512    .ARM.Collect$$libinit$$00000005  c_w.l(libinit2.o)
    0x08000174   0x08000174   0x00000000   Code   RO         4514    .ARM.Collect$$libinit$$0000000A  c_w.l(libinit2.o)
    0x08000174   0x08000174   0x00000000   Code   RO         4516    .ARM.Collect$$libinit$$0000000C  c_w.l(libinit2.o)
    0x08000174   0x08000174   0x00000000   Code   RO         4518    .ARM.Collect$$libinit$$0000000E  c_w.l(libinit2.o)
    0x08000174   0x08000174   0x00000000   Code   RO         4521    .ARM.Collect$$libinit$$00000011  c_w.l(libinit2.o)
    0x08000174   0x08000174   0x00000000   Code   RO         4523    .ARM.Collect$$libinit$$00000013  c_w.l(libinit2.o)
    0x08000174   0x08000174   0x00000000   Code   RO         4525    .ARM.Collect$$libinit$$00000015  c_w.l(libinit2.o)
    0x08000174   0x08000174   0x00000000   Code   RO         4527    .ARM.Collect$$libinit$$00000017  c_w.l(libinit2.o)
    0x08000174   0x08000174   0x00000000   Code   RO         4529    .ARM.Collect$$libinit$$00000019  c_w.l(libinit2.o)
    0x08000174   0x08000174   0x00000000   Code   RO         4531    .ARM.Collect$$libinit$$0000001B  c_w.l(libinit2.o)
    0x08000174   0x08000174   0x00000000   Code   RO         4533    .ARM.Collect$$libinit$$0000001D  c_w.l(libinit2.o)
    0x08000174   0x08000174   0x00000000   Code   RO         4535    .ARM.Collect$$libinit$$0000001F  c_w.l(libinit2.o)
    0x08000174   0x08000174   0x00000000   Code   RO         4537    .ARM.Collect$$libinit$$00000021  c_w.l(libinit2.o)
    0x08000174   0x08000174   0x00000000   Code   RO         4539    .ARM.Collect$$libinit$$00000023  c_w.l(libinit2.o)
    0x08000174   0x08000174   0x00000000   Code   RO         4541    .ARM.Collect$$libinit$$00000025  c_w.l(libinit2.o)
    0x08000174   0x08000174   0x00000000   Code   RO         4545    .ARM.Collect$$libinit$$0000002C  c_w.l(libinit2.o)
    0x08000174   0x08000174   0x00000000   Code   RO         4547    .ARM.Collect$$libinit$$0000002E  c_w.l(libinit2.o)
    0x08000174   0x08000174   0x00000000   Code   RO         4549    .ARM.Collect$$libinit$$00000030  c_w.l(libinit2.o)
    0x08000174   0x08000174   0x00000000   Code   RO         4551    .ARM.Collect$$libinit$$00000032  c_w.l(libinit2.o)
    0x08000174   0x08000174   0x00000002   Code   RO         4552    .ARM.Collect$$libinit$$00000033  c_w.l(libinit2.o)
    0x08000176   0x08000176   0x00000002   Code   RO         4739    .ARM.Collect$$libshutdown$$00000000  c_w.l(libshutdown.o)
    0x08000178   0x08000178   0x00000000   Code   RO         4697    .ARM.Collect$$libshutdown$$00000002  c_w.l(libshutdown2.o)
    0x08000178   0x08000178   0x00000000   Code   RO         4699    .ARM.Collect$$libshutdown$$00000004  c_w.l(libshutdown2.o)
    0x08000178   0x08000178   0x00000000   Code   RO         4702    .ARM.Collect$$libshutdown$$00000007  c_w.l(libshutdown2.o)
    0x08000178   0x08000178   0x00000000   Code   RO         4705    .ARM.Collect$$libshutdown$$0000000A  c_w.l(libshutdown2.o)
    0x08000178   0x08000178   0x00000000   Code   RO         4707    .ARM.Collect$$libshutdown$$0000000C  c_w.l(libshutdown2.o)
    0x08000178   0x08000178   0x00000000   Code   RO         4710    .ARM.Collect$$libshutdown$$0000000F  c_w.l(libshutdown2.o)
    0x08000178   0x08000178   0x00000002   Code   RO         4711    .ARM.Collect$$libshutdown$$00000010  c_w.l(libshutdown2.o)
    0x0800017a   0x0800017a   0x00000000   Code   RO         4401    .ARM.Collect$$rtentry$$00000000  c_w.l(__rtentry.o)
    0x0800017a   0x0800017a   0x00000000   Code   RO         4570    .ARM.Collect$$rtentry$$00000002  c_w.l(__rtentry2.o)
    0x0800017a   0x0800017a   0x00000006   Code   RO         4582    .ARM.Collect$$rtentry$$00000004  c_w.l(__rtentry4.o)
    0x08000180   0x08000180   0x00000000   Code   RO         4572    .ARM.Collect$$rtentry$$00000009  c_w.l(__rtentry2.o)
    0x08000180   0x08000180   0x00000004   Code   RO         4573    .ARM.Collect$$rtentry$$0000000A  c_w.l(__rtentry2.o)
    0x08000184   0x08000184   0x00000000   Code   RO         4575    .ARM.Collect$$rtentry$$0000000C  c_w.l(__rtentry2.o)
    0x08000184   0x08000184   0x00000008   Code   RO         4576    .ARM.Collect$$rtentry$$0000000D  c_w.l(__rtentry2.o)
    0x0800018c   0x0800018c   0x00000002   Code   RO         4681    .ARM.Collect$$rtexit$$00000000  c_w.l(rtexit.o)
    0x0800018e   0x0800018e   0x00000000   Code   RO         4713    .ARM.Collect$$rtexit$$00000002  c_w.l(rtexit2.o)
    0x0800018e   0x0800018e   0x00000004   Code   RO         4714    .ARM.Collect$$rtexit$$00000003  c_w.l(rtexit2.o)
    0x08000192   0x08000192   0x00000006   Code   RO         4715    .ARM.Collect$$rtexit$$00000004  c_w.l(rtexit2.o)
    0x08000198   0x08000198   0x00000000   Code   RO         4586    .emb_text           c_w.l(maybetermalloc1.o)
    0x08000198   0x08000198   0x00000040   Code   RO         3253    .text               startup_stm32f10x_md.o
    0x080001d8   0x080001d8   0x00000002   Code   RO         4272    .text               c_w.l(use_no_semi_2.o)
    0x080001da   0x080001da   0x0000005e   Code   RO         4276    .text               c_w.l(h1_alloc.o)
    0x08000238   0x08000238   0x00000018   Code   RO         4332    .text               c_w.l(__2printf.o)
    0x08000250   0x08000250   0x00000078   Code   RO         4340    .text               c_w.l(_printf_dec.o)
    0x080002c8   0x080002c8   0x00000188   Code   RO         4359    .text               c_w.l(__printf_flags_ss_wp.o)
    0x08000450   0x08000450   0x0000004e   Code   RO         4367    .text               c_w.l(rt_memclr_w.o)
    0x0800049e   0x0800049e   0x00000006   Code   RO         4369    .text               c_w.l(heapauxi.o)
    0x080004a4   0x080004a4   0x00000002   Code   RO         4397    .text               c_w.l(use_no_semi.o)
    0x080004a6   0x080004a6   0x00000002   PAD
    0x080004a8   0x080004a8   0x00000008   Code   RO         4405    .text               c_w.l(rt_heap_descriptor_intlibspace.o)
    0x080004b0   0x080004b0   0x00000004   Code   RO         4407    .text               c_w.l(hguard.o)
    0x080004b4   0x080004b4   0x0000008a   Code   RO         4409    .text               c_w.l(init_alloc.o)
    0x0800053e   0x0800053e   0x0000000e   Code   RO         4415    .text               c_w.l(h1_init.o)
    0x0800054c   0x0800054c   0x0000004e   Code   RO         4417    .text               c_w.l(h1_free.o)
    0x0800059a   0x0800059a   0x000000b2   Code   RO         4437    .text               c_w.l(_printf_intcommon.o)
    0x0800064c   0x0800064c   0x00000030   Code   RO         4441    .text               c_w.l(_printf_char_common.o)
    0x0800067c   0x0800067c   0x00000024   Code   RO         4449    .text               c_w.l(_printf_char_file.o)
    0x080006a0   0x080006a0   0x00000008   Code   RO         4566    .text               c_w.l(libspace.o)
    0x080006a8   0x080006a8   0x00000034   Code   RO         4588    .text               c_w.l(h1_extend.o)
    0x080006dc   0x080006dc   0x00000008   Code   RO         4600    .text               c_w.l(ferror.o)
    0x080006e4   0x080006e4   0x0000000e   Code   RO         4606    .text               c_w.l(defsig_rtmem_outer.o)
    0x080006f2   0x080006f2   0x0000004a   Code   RO         4618    .text               c_w.l(sys_stackheap_outer.o)
    0x0800073c   0x0800073c   0x00000012   Code   RO         4661    .text               c_w.l(exit.o)
    0x0800074e   0x0800074e   0x0000000a   Code   RO         4663    .text               c_w.l(defsig_exit.o)
    0x08000758   0x08000758   0x00000050   Code   RO         4665    .text               c_w.l(defsig_rtmem_inner.o)
    0x080007a8   0x080007a8   0x00000032   Code   RO         4692    .text               c_w.l(defsig_general.o)
    0x080007da   0x080007da   0x00000002   Code   RO          162    i.BusFault_Handler  stm32f10x_it.o
    0x080007dc   0x080007dc   0x00000050   Code   RO         3844    i.DayOfWeek         rtc.o
    0x0800082c   0x0800082c   0x00000002   Code   RO          163    i.DebugMon_Handler  stm32f10x_it.o
    0x0800082e   0x0800082e   0x0000000a   Code   RO         3782    i.Delay_ms          systick.o
    0x08000838   0x08000838   0x00000034   Code   RO         3783    i.Delay_us          systick.o
    0x0800086c   0x0800086c   0x00000040   Code   RO         3894    i.EPD2IN13Clear     epaper213.o
    0x080008ac   0x080008ac   0x00000052   Code   RO         3895    i.EPD2IN13Display   epaper213.o
    0x080008fe   0x080008fe   0x00000002   PAD
    0x08000900   0x08000900   0x0000005c   Code   RO         3896    i.EPD2IN13IOInit    epaper213.o
    0x0800095c   0x0800095c   0x000000b4   Code   RO         3897    i.EPD2IN13Init      epaper213.o
    0x08000a10   0x08000a10   0x0000001c   Code   RO         3898    i.EPD2IN13ReadBusy  epaper213.o
    0x08000a2c   0x08000a2c   0x00000030   Code   RO         3899    i.EPD2IN13Reset     epaper213.o
    0x08000a5c   0x08000a5c   0x0000000e   Code   RO         3900    i.EPD2IN13SPIInit   epaper213.o
    0x08000a6a   0x08000a6a   0x00000002   PAD
    0x08000a6c   0x08000a6c   0x00000020   Code   RO         3901    i.EPD2IN13SendByte  epaper213.o
    0x08000a8c   0x08000a8c   0x00000020   Code   RO         3902    i.EPD2IN13SendCMD   epaper213.o
    0x08000aac   0x08000aac   0x0000002c   Code   RO         3903    i.EPD2IN13SetCursor  epaper213.o
    0x08000ad8   0x08000ad8   0x00000048   Code   RO         3904    i.EPD2IN13SetWindows  epaper213.o
    0x08000b20   0x08000b20   0x00000168   Code   RO         3905    i.EPD2IN13Test      epaper213.o
    0x08000c88   0x08000c88   0x00000022   Code   RO         3906    i.EPD2IN13TurnONDisplay  epaper213.o
    0x08000caa   0x08000caa   0x00000002   PAD
    0x08000cac   0x08000cac   0x00000018   Code   RO         1110    i.FLASH_PrefetchBufferCmd  stm32f10x_flash.o
    0x08000cc4   0x08000cc4   0x00000014   Code   RO         1115    i.FLASH_SetLatency  stm32f10x_flash.o
    0x08000cd8   0x08000cd8   0x000000a2   Code   RO         1391    i.GPIO_Init         stm32f10x_gpio.o
    0x08000d7a   0x08000d7a   0x0000000e   Code   RO         1395    i.GPIO_ReadInputDataBit  stm32f10x_gpio.o
    0x08000d88   0x08000d88   0x00000002   Code   RO          164    i.HardFault_Handler  stm32f10x_it.o
    0x08000d8a   0x08000d8a   0x00000002   PAD
    0x08000d8c   0x08000d8c   0x0000002c   Code   RO         3532    i.KeyIO_Init        key.o
    0x08000db8   0x08000db8   0x00000104   Code   RO         3533    i.KeyScan           key.o
    0x08000ebc   0x08000ebc   0x00000004   Code   RO         3534    i.KeyTest           key.o
    0x08000ec0   0x08000ec0   0x00000038   Code   RO         3257    i.LED_Init          led.o
    0x08000ef8   0x08000ef8   0x00000014   Code   RO         3258    i.LED_Toggle        led.o
    0x08000f0c   0x08000f0c   0x00000026   Code   RO         3845    i.LeapYearCheck     rtc.o
    0x08000f32   0x08000f32   0x00000002   Code   RO          165    i.MemManage_Handler  stm32f10x_it.o
    0x08000f34   0x08000f34   0x00000002   Code   RO          166    i.NMI_Handler       stm32f10x_it.o
    0x08000f36   0x08000f36   0x00000002   PAD
    0x08000f38   0x08000f38   0x00000064   Code   RO          242    i.NVIC_Init         misc.o
    0x08000f9c   0x08000f9c   0x00000014   Code   RO          243    i.NVIC_PriorityGroupConfig  misc.o
    0x08000fb0   0x08000fb0   0x00000034   Code   RO         4040    i.Paint_Clear       gui_paint.o
    0x08000fe4   0x08000fe4   0x000000f4   Code   RO         4044    i.Paint_DrawChar    gui_paint.o
    0x080010d8   0x080010d8   0x0000021c   Code   RO         4045    i.Paint_DrawCircle  gui_paint.o
    0x080012f4   0x080012f4   0x00000110   Code   RO         4046    i.Paint_DrawLine    gui_paint.o
    0x08001404   0x08001404   0x000000d4   Code   RO         4047    i.Paint_DrawNum     gui_paint.o
    0x080014d8   0x080014d8   0x00000144   Code   RO         4048    i.Paint_DrawPoint   gui_paint.o
    0x0800161c   0x0800161c   0x000000e0   Code   RO         4049    i.Paint_DrawRectangle  gui_paint.o
    0x080016fc   0x080016fc   0x0000007c   Code   RO         4051    i.Paint_DrawString_EN  gui_paint.o
    0x08001778   0x08001778   0x0000003c   Code   RO         4053    i.Paint_NewImage    gui_paint.o
    0x080017b4   0x080017b4   0x000000f8   Code   RO         4056    i.Paint_SetPixel    gui_paint.o
    0x080018ac   0x080018ac   0x00000002   Code   RO          167    i.PendSV_Handler    stm32f10x_it.o
    0x080018ae   0x080018ae   0x00000002   PAD
    0x080018b0   0x080018b0   0x00000030   Code   RO         3535    i.PopKey            key.o
    0x080018e0   0x080018e0   0x00000018   Code   RO         3536    i.PushKey           key.o
    0x080018f8   0x080018f8   0x00000018   Code   RO         1809    i.RCC_APB2PeriphClockCmd  stm32f10x_rcc.o
    0x08001910   0x08001910   0x00000062   Code   RO         3621    i.RCC_Configuration  systembase.o
    0x08001972   0x08001972   0x00000002   PAD
    0x08001974   0x08001974   0x00000040   Code   RO         1816    i.RCC_DeInit        stm32f10x_rcc.o
    0x080019b4   0x080019b4   0x00000090   Code   RO         1817    i.RCC_GetClocksFreq  stm32f10x_rcc.o
    0x08001a44   0x08001a44   0x00000030   Code   RO         1818    i.RCC_GetFlagStatus  stm32f10x_rcc.o
    0x08001a74   0x08001a74   0x00000010   Code   RO         1820    i.RCC_GetSYSCLKSource  stm32f10x_rcc.o
    0x08001a84   0x08001a84   0x00000014   Code   RO         1821    i.RCC_HCLKConfig    stm32f10x_rcc.o
    0x08001a98   0x08001a98   0x00000034   Code   RO         1822    i.RCC_HSEConfig     stm32f10x_rcc.o
    0x08001acc   0x08001acc   0x00000014   Code   RO         1828    i.RCC_PCLK1Config   stm32f10x_rcc.o
    0x08001ae0   0x08001ae0   0x00000014   Code   RO         1829    i.RCC_PCLK2Config   stm32f10x_rcc.o
    0x08001af4   0x08001af4   0x0000000c   Code   RO         1830    i.RCC_PLLCmd        stm32f10x_rcc.o
    0x08001b00   0x08001b00   0x00000014   Code   RO         1831    i.RCC_PLLConfig     stm32f10x_rcc.o
    0x08001b14   0x08001b14   0x00000014   Code   RO         1834    i.RCC_SYSCLKConfig  stm32f10x_rcc.o
    0x08001b28   0x08001b28   0x0000002c   Code   RO         1836    i.RCC_WaitForHSEStartUp  stm32f10x_rcc.o
    0x08001b54   0x08001b54   0x00000010   Code   RO         2006    i.RTC_ClearITPendingBit  stm32f10x_rtc.o
    0x08001b64   0x08001b64   0x00000014   Code   RO         2009    i.RTC_GetCounter    stm32f10x_rtc.o
    0x08001b78   0x08001b78   0x00000020   Code   RO         2012    i.RTC_GetITStatus   stm32f10x_rtc.o
    0x08001b98   0x08001b98   0x00000030   Code   RO         3846    i.RTC_IRQHandler    rtc.o
    0x08001bc8   0x08001bc8   0x00000128   Code   RO         3848    i.RTC_TimeReFresh   rtc.o
    0x08001cf0   0x08001cf0   0x00000010   Code   RO         2017    i.RTC_WaitForLastTask  stm32f10x_rtc.o
    0x08001d00   0x08001d00   0x00000070   Code   RO         3537    i.ReadKey           key.o
    0x08001d70   0x08001d70   0x0000002c   Code   RO         3583    i.SPI1IOInit        spi.o
    0x08001d9c   0x08001d9c   0x0000005c   Code   RO         3584    i.SPI1Init          spi.o
    0x08001df8   0x08001df8   0x00000050   Code   RO         3587    i.SPI1WriteReadByte  spi.o
    0x08001e48   0x08001e48   0x00000014   Code   RO         2285    i.SPI_Cmd           stm32f10x_spi.o
    0x08001e5c   0x08001e5c   0x0000000e   Code   RO         2293    i.SPI_I2S_GetFlagStatus  stm32f10x_spi.o
    0x08001e6a   0x08001e6a   0x00000004   Code   RO         2296    i.SPI_I2S_ReceiveData  stm32f10x_spi.o
    0x08001e6e   0x08001e6e   0x00000004   Code   RO         2297    i.SPI_I2S_SendData  stm32f10x_spi.o
    0x08001e72   0x08001e72   0x00000038   Code   RO         2298    i.SPI_Init          stm32f10x_spi.o
    0x08001eaa   0x08001eaa   0x00000002   Code   RO          168    i.SVC_Handler       stm32f10x_it.o
    0x08001eac   0x08001eac   0x000000a8   Code   RO         3202    i.SetSysClockTo72   system_stm32f10x.o
    0x08001f54   0x08001f54   0x0000005c   Code   RO         3785    i.SysTickInit       systick.o
    0x08001fb0   0x08001fb0   0x00000018   Code   RO          246    i.SysTick_CLKSourceConfig  misc.o
    0x08001fc8   0x08001fc8   0x00000010   Code   RO         3786    i.SysTick_Handler   systick.o
    0x08001fd8   0x08001fd8   0x00000050   Code   RO         3204    i.SystemInit        system_stm32f10x.o
    0x08002028   0x08002028   0x00000034   Code   RO         3740    i.TIM1_CC_IRQHandler  timer.o
    0x0800205c   0x0800205c   0x00000028   Code   RO         3743    i.TIM3_IRQHandler   timer.o
    0x08002084   0x08002084   0x00000006   Code   RO         2433    i.TIM_ClearITPendingBit  stm32f10x_tim.o
    0x0800208a   0x0800208a   0x00000018   Code   RO         2459    i.TIM_GetITStatus   stm32f10x_tim.o
    0x080020a2   0x080020a2   0x00000004   Code   RO         2499    i.TIM_SetCompare1   stm32f10x_tim.o
    0x080020a6   0x080020a6   0x00000004   Code   RO         2503    i.TIM_SetCounter    stm32f10x_tim.o
    0x080020aa   0x080020aa   0x00000002   PAD
    0x080020ac   0x080020ac   0x00000018   Code   RO         3787    i.TimerDelay        systick.o
    0x080020c4   0x080020c4   0x0000000c   Code   RO         3788    i.TimerReload       systick.o
    0x080020d0   0x080020d0   0x00000064   Code   RO         3683    i.USART1_IRQHandler  usart.o
    0x08002134   0x08002134   0x000000a4   Code   RO         3684    i.USART1_Init       usart.o
    0x080021d8   0x080021d8   0x00000014   Code   RO         2961    i.USART_Cmd         stm32f10x_usart.o
    0x080021ec   0x080021ec   0x0000003e   Code   RO         2965    i.USART_GetITStatus  stm32f10x_usart.o
    0x0800222a   0x0800222a   0x00000030   Code   RO         2967    i.USART_ITConfig    stm32f10x_usart.o
    0x0800225a   0x0800225a   0x00000002   PAD
    0x0800225c   0x0800225c   0x000000ac   Code   RO         2968    i.USART_Init        stm32f10x_usart.o
    0x08002308   0x08002308   0x00000008   Code   RO         2975    i.USART_ReceiveData  stm32f10x_usart.o
    0x08002310   0x08002310   0x00000002   Code   RO          169    i.UsageFault_Handler  stm32f10x_it.o
    0x08002312   0x08002312   0x0000000e   Code   RO         4352    i._is_digit         c_w.l(__printf_wp.o)
    0x08002320   0x08002320   0x00000002   Code   RO         3686    i._sys_exit         usart.o
    0x08002322   0x08002322   0x00000002   Code   RO         3687    i._ttywrch          usart.o
    0x08002324   0x08002324   0x00000018   Code   RO         3688    i.fputc             usart.o
    0x0800233c   0x0800233c   0x00000074   Code   RO            1    i.main              main.o
    0x080023b0   0x080023b0   0x00000018   Data   RO         3851    .constdata          rtc.o
    0x080023c8   0x080023c8   0x0000003c   Data   RO         3909    .constdata          epaper213.o
    0x08002404   0x08002404   0x00000be0   Data   RO         4224    .constdata          font16.o
    0x08002fe4   0x08002fe4   0x00000011   Data   RO         4360    .constdata          c_w.l(__printf_flags_ss_wp.o)
    0x08002ff5   0x08002ff5   0x00000003   PAD
    0x08002ff8   0x08002ff8   0x00000044   Data   RO         3910    .conststring        epaper213.o
    0x0800303c   0x0800303c   0x00000085   Data   RO         4060    .conststring        gui_paint.o
    0x080030c1   0x080030c1   0x00000003   PAD
    0x080030c4   0x080030c4   0x00000020   Data   RO         4740    Region$$Table       anon$$obj.o


    Execution Region RW_IRAM1 (Exec base: 0x20000000, Load base: 0x080030e4, Size: 0x00002160, Max: 0x00005000, ABSOLUTE)

    Exec Addr    Load Addr    Size         Type   Attr      Idx    E Section Name        Object

    0x20000000   0x080030e4   0x00000004   Data   RW            2    .data               main.o
    0x20000004   0x080030e8   0x00000014   Data   RW         1837    .data               stm32f10x_rcc.o
    0x20000018   0x080030fc   0x00000014   Data   RW         3205    .data               system_stm32f10x.o
    0x2000002c   0x08003110   0x0000000d   Data   RW         3538    .data               key.o
    0x20000039   0x0800311d   0x00000001   PAD
    0x2000003a   0x0800311e   0x00000002   Data   RW         3690    .data               usart.o
    0x2000003c   0x08003120   0x00000004   Data   RW         3691    .data               usart.o
    0x20000040   0x08003124   0x0000000c   Data   RW         3790    .data               systick.o
    0x2000004c   0x08003130   0x00000006   Data   RW         3852    .data               rtc.o
    0x20000052   0x08003136   0x00000002   PAD
    0x20000054   0x08003138   0x00000008   Data   RW         4225    .data               font16.o
    0x2000005c        -       0x00000080   Zero   RW         3689    .bss                usart.o
    0x200000dc        -       0x0000000a   Zero   RW         3850    .bss                rtc.o
    0x200000e6   0x08003140   0x00000002   PAD
    0x200000e8        -       0x00000018   Zero   RW         4059    .bss                gui_paint.o
    0x20000100        -       0x00000060   Zero   RW         4567    .bss                c_w.l(libspace.o)
    0x20000160        -       0x00001000   Zero   RW         3251    HEAP                startup_stm32f10x_md.o
    0x20001160        -       0x00001000   Zero   RW         3250    STACK               startup_stm32f10x_md.o


==============================================================================

Image component sizes


      Code (inc. data)   RO Data    RW Data    ZI Data      Debug   Object Name

         0          0          0          0          0         32   core_cm3.o
      1082         70        128          0          0       8251   epaper213.o
         0          0       3040          8          0       1249   font16.o
      2300        474        133          0         24      12369   gui_paint.o
       492         30          0         13          0       3754   key.o
        76         14          0          0          0        804   led.o
       116         32          0          4          0      55515   main.o
       144         16          0          0          0       1997   misc.o
       462         22         24          6         10       3576   rtc.o
       216         14          0          0          0       1817   spi.o
        64         26        236          0       8192        856   startup_stm32f10x_md.o
        44         12          0          0          0       1045   stm32f10x_flash.o
       176          0          0          0          0       2480   stm32f10x_gpio.o
        16          0          0          0          0     206564   stm32f10x_it.o
       504         82          0         20          0       9689   stm32f10x_rcc.o
        84         20          0          0          0       2049   stm32f10x_rtc.o
        98          0          0          0          0       3778   stm32f10x_spi.o
        38          0          0          0          0       3612   stm32f10x_tim.o
       310          6          0          0          0       4958   stm32f10x_usart.o
       248         24          0         20          0       1933   system_stm32f10x.o
        98          0          0          0          0     204040   systembase.o
       206         36          0         12          0      18922   systick.o
        92         12          0          0          0        919   timer.o
       292         26          0          6        128       4763   usart.o

    ----------------------------------------------------------------------
      7176        916       3596         92       8356     554972   Object Totals
         0          0         32          0          0          0   (incl. Generated)
        18          0          3          3          2          0   (incl. Padding)

    ----------------------------------------------------------------------

      Code (inc. data)   RO Data    RW Data    ZI Data      Debug   Library Member Name

        24          4          0          0          0         84   __2printf.o
         8          0          0          0          0         68   __main.o
       392          4         17          0          0         92   __printf_flags_ss_wp.o
        14          0          0          0          0         68   __printf_wp.o
         0          0          0          0          0          0   __rtentry.o
        12          0          0          0          0          0   __rtentry2.o
         6          0          0          0          0          0   __rtentry4.o
        52          8          0          0          0          0   __scatter.o
        26          0          0          0          0          0   __scatter_copy.o
        28          0          0          0          0          0   __scatter_zi.o
        48          6          0          0          0         96   _printf_char_common.o
        36          4          0          0          0         80   _printf_char_file.o
         6          0          0          0          0          0   _printf_d.o
       120         16          0          0          0         92   _printf_dec.o
       178          0          0          0          0         88   _printf_intcommon.o
         0          0          0          0          0          0   _printf_percent.o
         4          0          0          0          0          0   _printf_percent_end.o
        10          0          0          0          0         68   defsig_exit.o
        50          0          0          0          0         88   defsig_general.o
        80         58          0          0          0         76   defsig_rtmem_inner.o
        14          0          0          0          0         80   defsig_rtmem_outer.o
        18          0          0          0          0         80   exit.o
         8          0          0          0          0         68   ferror.o
        94          0          0          0          0         80   h1_alloc.o
        52          0          0          0          0         68   h1_extend.o
        78          0          0          0          0         80   h1_free.o
        14          0          0          0          0         84   h1_init.o
         6          0          0          0          0        152   heapauxi.o
         4          0          0          0          0        136   hguard.o
       138          0          0          0          0        168   init_alloc.o
         2          0          0          0          0          0   libinit.o
        10          0          0          0          0          0   libinit2.o
         2          0          0          0          0          0   libshutdown.o
         2          0          0          0          0          0   libshutdown2.o
         8          4          0          0         96         68   libspace.o
         0          0          0          0          0          0   maybetermalloc1.o
         8          4          0          0          0         68   rt_heap_descriptor_intlibspace.o
        78          0          0          0          0         80   rt_memclr_w.o
         2          0          0          0          0          0   rtexit.o
        10          0          0          0          0          0   rtexit2.o
        74          0          0          0          0         80   sys_stackheap_outer.o
         2          0          0          0          0         68   use_no_semi.o
         2          0          0          0          0         68   use_no_semi_2.o

    ----------------------------------------------------------------------
      1724        108         20          0         96       2328   Library Totals
         4          0          3          0          0          0   (incl. Padding)

    ----------------------------------------------------------------------

      Code (inc. data)   RO Data    RW Data    ZI Data      Debug   Library Name

      1720        108         17          0         96       2328   c_w.l

    ----------------------------------------------------------------------
      1724        108         20          0         96       2328   Library Totals

    ----------------------------------------------------------------------

==============================================================================


      Code (inc. data)   RO Data    RW Data    ZI Data      Debug   

      8900       1024       3616         92       8452     551056   Grand Totals
      8900       1024       3616         92       8452     551056   ELF Image Totals
      8900       1024       3616         92          0          0   ROM Totals

==============================================================================

    Total RO  Size (Code + RO Data)                12516 (  12.22kB)
    Total RW  Size (RW Data + ZI Data)              8544 (   8.34kB)
    Total ROM Size (Code + RO Data + RW Data)      12608 (  12.31kB)

==============================================================================

