<html>
<body>
<pre>
<h1>µVision Build Log</h1>
<h2>Tool Versions:</h2>
IDE-Version: ¦ÌVision V5.29.0.0
Copyright (C) 2019 ARM Ltd and ARM Germany GmbH. All rights reserved.
License Information: 1 1, 1, LIC=MPPLD-8GIA8-12LLE-5SYD5-Z9PM1-3KGPP
 
Tool Versions:
Toolchain:       MDK-ARM Plus  Version: 5.29.0.0
Toolchain Path:  C:\Keil_v5\ARM\ARMCC\Bin
C Compiler:      Armcc.exe V5.06 update 6 (build 750)
Assembler:       Armasm.exe V5.06 update 6 (build 750)
Linker/Locator:  ArmLink.exe V5.06 update 6 (build 750)
Library Manager: ArmAr.exe V5.06 update 6 (build 750)
Hex Converter:   FromElf.exe V5.06 update 6 (build 750)
CPU DLL:         SARMCM3.DLL V5.29.0.0
Dialog DLL:      DARMSTM.DLL V1.68.0.0
Target DLL:      CMSIS_AGDI.dll V1.32.0.0
Dialog DLL:      TARMSTM.DLL V1.66.0.0
 
<h2>Project:</h2>
D:\Zen\INK_SCREEN\Software\EPaper\Project.uvproj
Project File Date:  10/31/2020

<h2>Output:</h2>
*** Using Compiler 'V5.06 update 6 (build 750)', folder: 'C:\Keil_v5\ARM\ARMCC\Bin'
Rebuild target 'Project'
compiling stm32f10x_it.c...
compiling misc.c...
compiling stm32f10x_crc.c...
compiling stm32f10x_dbgmcu.c...
compiling stm32f10x_bkp.c...
compiling stm32f10x_cec.c...
compiling stm32f10x_dac.c...
compiling main.c...
compiling stm32f10x_dma.c...
compiling stm32f10x_adc.c...
compiling stm32f10x_can.c...
compiling stm32f10x_iwdg.c...
compiling stm32f10x_exti.c...
compiling stm32f10x_gpio.c...
compiling stm32f10x_pwr.c...
compiling stm32f10x_rtc.c...
compiling stm32f10x_i2c.c...
compiling stm32f10x_spi.c...
compiling stm32f10x_sdio.c...
compiling stm32f10x_fsmc.c...
compiling stm32f10x_rcc.c...
compiling stm32f10x_flash.c...
assembling startup_stm32f10x_md.s...
compiling core_cm3.c...
compiling stm32f10x_wwdg.c...
compiling led.c...
compiling system_stm32f10x.c...
compiling key.c...
compiling stm32f10x_usart.c...
compiling spi.c...
compiling 24cxx.c...
compiling mpu6050.c...
compiling systembase.c...
compiling iic.c...
compiling ImageData.c...
compiling font16.c...
compiling stm32f10x_tim.c...
compiling font12CN.c...
compiling font20.c...
compiling font24CN.c...
compiling flash.c...
compiling timer.c...
compiling DEV_Config.c...
compiling usart.c...
compiling SysTick.c...
compiling EPD_2in13_test.c...
compiling rtc.c...
compiling EPD_HardwearInit.c...
compiling EPD_2in13.c...
compiling GUI_Paint.c...
linking...
Program Size: Code=10592 RO-data=17324 RW-data=124 ZI-data=8452  
FromELF: creating hex file...
".\OBJ\Project.axf" - 0 Error(s), 0 Warning(s).
Build Time Elapsed:  00:00:04
</pre>
</body>
</html>
