Component: ARM Compiler 5.06 update 6 (build 750) Tool: armlink [4d35ed]

==============================================================================

Section Cross References

    main.o(i.main) refers to systembase.o(i.RCC_Configuration) for RCC_Configuration
    main.o(i.main) refers to systick.o(i.SysTickInit) for SysTickInit
    main.o(i.main) refers to led.o(i.LED_Init) for LED_Init
    main.o(i.main) refers to key.o(i.KeyIO_Init) for KeyIO_Init
    main.o(i.main) refers to misc.o(i.NVIC_PriorityGroupConfig) for NVIC_PriorityGroupConfig
    main.o(i.main) refers to usart.o(i.USART1_Init) for USART1_Init
    main.o(i.main) refers to __2printf.o(.text) for __2printf
    main.o(i.main) refers to epd_hardwearinit.o(i.EPD2IN13SPIInit) for EPD2IN13SPIInit
    main.o(i.main) refers to epd_hardwearinit.o(i.EPD2IN13IOInit) for EPD2IN13IOInit
    main.o(i.main) refers to rtc.o(i.RTC_Init) for RTC_Init
    main.o(i.main) refers to systick.o(i.TimerReload) for TimerReload
    main.o(i.main) refers to rtc.o(i.StandbyInit) for StandbyInit
    main.o(i.main) refers to eclock.o(i.eClockInit) for eClockInit
    main.o(i.main) refers to key.o(i.KeyScan) for KeyScan
    main.o(i.main) refers to key.o(i.KeyTest) for KeyTest
    main.o(i.main) refers to rtc.o(i.AlarmInit) for AlarmInit
    main.o(i.main) refers to systick.o(i.TimerDelay) for TimerDelay
    main.o(i.main) refers to led.o(i.LED_Toggle) for LED_Toggle
    main.o(i.main) refers to main.o(.data) for .data
    eclock.o(i.eClockInit) refers to dev_config.o(i.DEV_Module_Init) for DEV_Module_Init
    eclock.o(i.eClockInit) refers to epd_2in13.o(i.EPD_2IN13_Init) for EPD_2IN13_Init
    eclock.o(i.eClockInit) refers to systick.o(i.Delay_ms) for Delay_ms
    eclock.o(i.eClockInit) refers to h1_alloc.o(.text) for malloc
    eclock.o(i.eClockInit) refers to gui_paint.o(i.Paint_NewImage) for Paint_NewImage
    eclock.o(i.eClockInit) refers to __2printf.o(.text) for __2printf
    eclock.o(i.eClockInit) refers to gui_paint.o(i.Paint_SelectImage) for Paint_SelectImage
    eclock.o(i.eClockInit) refers to gui_paint.o(i.Paint_Clear) for Paint_Clear
    eclock.o(i.eClockInit) refers to gui_paint.o(i.Paint_DrawBitMap) for Paint_DrawBitMap
    eclock.o(i.eClockInit) refers to epd_2in13.o(i.EPD_2IN13_Display) for EPD_2IN13_Display
    eclock.o(i.eClockInit) refers to gui_paint.o(i.Paint_DrawLine) for Paint_DrawLine
    eclock.o(i.eClockInit) refers to eclock.o(.data) for .data
    eclock.o(i.eClockInit) refers to imagedata.o(.constdata) for gImage_Wankel
    eclock.o(i.eClockRefresh) refers to gui_paint.o(i.Paint_ClearWindows) for Paint_ClearWindows
    eclock.o(i.eClockRefresh) refers to gui_paint.o(i.Paint_DrawChar) for Paint_DrawChar
    eclock.o(i.eClockRefresh) refers to epd_2in13.o(i.EPD_2IN13_Display) for EPD_2IN13_Display
    eclock.o(i.eClockRefresh) refers to eclock.o(.data) for .data
    eclock.o(i.eClockRefresh) refers to font36thoma.o(.data) for Font36
    eclock.o(i.eClockRefresh) refers to rtc.o(.bss) for Calendar
    stm32f10x_adc.o(i.ADC_DeInit) refers to stm32f10x_rcc.o(i.RCC_APB2PeriphResetCmd) for RCC_APB2PeriphResetCmd
    stm32f10x_bkp.o(i.BKP_DeInit) refers to stm32f10x_rcc.o(i.RCC_BackupResetCmd) for RCC_BackupResetCmd
    stm32f10x_can.o(i.CAN_DeInit) refers to stm32f10x_rcc.o(i.RCC_APB1PeriphResetCmd) for RCC_APB1PeriphResetCmd
    stm32f10x_can.o(i.CAN_GetITStatus) refers to stm32f10x_can.o(i.CheckITStatus) for CheckITStatus
    stm32f10x_cec.o(i.CEC_DeInit) refers to stm32f10x_rcc.o(i.RCC_APB1PeriphResetCmd) for RCC_APB1PeriphResetCmd
    stm32f10x_dac.o(i.DAC_DeInit) refers to stm32f10x_rcc.o(i.RCC_APB1PeriphResetCmd) for RCC_APB1PeriphResetCmd
    stm32f10x_flash.o(i.FLASH_EnableWriteProtection) refers to stm32f10x_flash.o(i.FLASH_WaitForLastOperation) for FLASH_WaitForLastOperation
    stm32f10x_flash.o(i.FLASH_EraseAllBank1Pages) refers to stm32f10x_flash.o(i.FLASH_WaitForLastBank1Operation) for FLASH_WaitForLastBank1Operation
    stm32f10x_flash.o(i.FLASH_EraseAllPages) refers to stm32f10x_flash.o(i.FLASH_WaitForLastOperation) for FLASH_WaitForLastOperation
    stm32f10x_flash.o(i.FLASH_EraseOptionBytes) refers to stm32f10x_flash.o(i.FLASH_GetReadOutProtectionStatus) for FLASH_GetReadOutProtectionStatus
    stm32f10x_flash.o(i.FLASH_EraseOptionBytes) refers to stm32f10x_flash.o(i.FLASH_WaitForLastOperation) for FLASH_WaitForLastOperation
    stm32f10x_flash.o(i.FLASH_ErasePage) refers to stm32f10x_flash.o(i.FLASH_WaitForLastOperation) for FLASH_WaitForLastOperation
    stm32f10x_flash.o(i.FLASH_ProgramHalfWord) refers to stm32f10x_flash.o(i.FLASH_WaitForLastOperation) for FLASH_WaitForLastOperation
    stm32f10x_flash.o(i.FLASH_ProgramOptionByteData) refers to stm32f10x_flash.o(i.FLASH_WaitForLastOperation) for FLASH_WaitForLastOperation
    stm32f10x_flash.o(i.FLASH_ProgramWord) refers to stm32f10x_flash.o(i.FLASH_WaitForLastOperation) for FLASH_WaitForLastOperation
[...]
    SYSTEM\SysTick.c                         0x00000000   Number         0  systick.o ABSOLUTE
    SYSTEM\flash.c                           0x00000000   Number         0  flash.o ABSOLUTE
    SYSTEM\rtc.c                             0x00000000   Number         0  rtc.o ABSOLUTE
    SYSTEM\systembase.c                      0x00000000   Number         0  systembase.o ABSOLUTE
    SYSTEM\timer.c                           0x00000000   Number         0  timer.o ABSOLUTE
    SYSTEM\usart.c                           0x00000000   Number         0  usart.o ABSOLUTE
    USER\eClock.c                            0x00000000   Number         0  eclock.o ABSOLUTE
    USER\main.c                              0x00000000   Number         0  main.o ABSOLUTE
    USER\stm32f10x_it.c                      0x00000000   Number         0  stm32f10x_it.o ABSOLUTE
    dc.s                                     0x00000000   Number         0  dc.o ABSOLUTE
    ePaper\DEV_Config.c                      0x00000000   Number         0  dev_config.o ABSOLUTE
    ePaper\EPD_2in13.c                       0x00000000   Number         0  epd_2in13.o ABSOLUTE
    ePaper\EPD_2in13_test.c                  0x00000000   Number         0  epd_2in13_test.o ABSOLUTE
    ePaper\EPD_HardwearInit.c                0x00000000   Number         0  epd_hardwearinit.o ABSOLUTE
    ePaper\GUI_Paint.c                       0x00000000   Number         0  gui_paint.o ABSOLUTE
    ePaper\ImageData.c                       0x00000000   Number         0  imagedata.o ABSOLUTE
    ePaper\font12CN.c                        0x00000000   Number         0  font12cn.o ABSOLUTE
    ePaper\font16.c                          0x00000000   Number         0  font16.o ABSOLUTE
    ePaper\font20.c                          0x00000000   Number         0  font20.o ABSOLUTE
    ePaper\font24CN.c                        0x00000000   Number         0  font24cn.o ABSOLUTE
    ePaper\font36Thoma.c                     0x00000000   Number         0  font36thoma.o ABSOLUTE
    RESET                                    0x08000000   Section      236  startup_stm32f10x_md.o(RESET)
    !!!main                                  0x080000ec   Section        8  __main.o(!!!main)
    !!!scatter                               0x080000f4   Section       52  __scatter.o(!!!scatter)
    !!handler_copy                           0x08000128   Section       26  __scatter_copy.o(!!handler_copy)
    !!handler_zi                             0x08000144   Section       28  __scatter_zi.o(!!handler_zi)
    .ARM.Collect$$_printf_percent$$00000000  0x08000160   Section        0  _printf_percent.o(.ARM.Collect$$_printf_percent$$00000000)
    .ARM.Collect$$_printf_percent$$00000009  0x08000160   Section        6  _printf_d.o(.ARM.Collect$$_printf_percent$$00000009)
    .ARM.Collect$$_printf_percent$$00000017  0x08000166   Section        4  _printf_percent_end.o(.ARM.Collect$$_printf_percent$$00000017)
    .ARM.Collect$$libinit$$00000000          0x0800016a   Section        2  libinit.o(.ARM.Collect$$libinit$$00000000)
    .ARM.Collect$$libinit$$00000002          0x0800016c   Section        0  libinit2.o(.ARM.Collect$$libinit$$00000002)
    .ARM.Collect$$libinit$$00000004          0x0800016c   Section        0  libinit2.o(.ARM.Collect$$libinit$$00000004)
    .ARM.Collect$$libinit$$00000005          0x0800016c   Section        8  libinit2.o(.ARM.Collect$$libinit$$00000005)
    .ARM.Collect$$libinit$$0000000A          0x08000174   Section        0  libinit2.o(.ARM.Collect$$libinit$$0000000A)
    .ARM.Collect$$libinit$$0000000C          0x08000174   Section        0  libinit2.o(.ARM.Collect$$libinit$$0000000C)
    .ARM.Collect$$libinit$$0000000E          0x08000174   Section        0  libinit2.o(.ARM.Collect$$libinit$$0000000E)
    .ARM.Collect$$libinit$$00000011          0x08000174   Section        0  libinit2.o(.ARM.Collect$$libinit$$00000011)
    .ARM.Collect$$libinit$$00000013          0x08000174   Section        0  libinit2.o(.ARM.Collect$$libinit$$00000013)
    .ARM.Collect$$libinit$$00000015          0x08000174   Section        0  libinit2.o(.ARM.Collect$$libinit$$00000015)
    .ARM.Collect$$libinit$$00000017          0x08000174   Section        0  libinit2.o(.ARM.Collect$$libinit$$00000017)
    .ARM.Collect$$libinit$$00000019          0x08000174   Section        0  libinit2.o(.ARM.Collect$$libinit$$00000019)
    .ARM.Collect$$libinit$$0000001B          0x08000174   Section        0  libinit2.o(.ARM.Collect$$libinit$$0000001B)
    .ARM.Collect$$libinit$$0000001D          0x08000174   Section        0  libinit2.o(.ARM.Collect$$libinit$$0000001D)
    .ARM.Collect$$libinit$$0000001F          0x08000174   Section        0  libinit2.o(.ARM.Collect$$libinit$$0000001F)
    .ARM.Collect$$libinit$$00000021          0x08000174   Section        0  libinit2.o(.ARM.Collect$$libinit$$00000021)
    .ARM.Collect$$libinit$$00000023          0x08000174   Section        0  libinit2.o(.ARM.Collect$$libinit$$00000023)
    .ARM.Collect$$libinit$$00000025          0x08000174   Section        0  libinit2.o(.ARM.Collect$$libinit$$00000025)
    .ARM.Collect$$libinit$$0000002C          0x08000174   Section        0  libinit2.o(.ARM.Collect$$libinit$$0000002C)
    .ARM.Collect$$libinit$$0000002E          0x08000174   Section        0  libinit2.o(.ARM.Collect$$libinit$$0000002E)
    .ARM.Collect$$libinit$$00000030          0x08000174   Section        0  libinit2.o(.ARM.Collect$$libinit$$00000030)
    .ARM.Collect$$libinit$$00000032          0x08000174   Section        0  libinit2.o(.ARM.Collect$$libinit$$00000032)
    .ARM.Collect$$libinit$$00000033          0x08000174   Section        2  libinit2.o(.ARM.Collect$$libinit$$00000033)
    .ARM.Collect$$libshutdown$$00000000      0x08000176   Section        2  libshutdown.o(.ARM.Collect$$libshutdown$$00000000)
    .ARM.Collect$$libshutdown$$00000002      0x08000178   Section        0  libshutdown2.o(.ARM.Collect$$libshutdown$$00000002)
    .ARM.Collect$$libshutdown$$00000004      0x08000178   Section        0  libshutdown2.o(.ARM.Collect$$libshutdown$$00000004)
    .ARM.Collect$$libshutdown$$00000007      0x08000178   Section        0  libshutdown2.o(.ARM.Collect$$libshutdown$$00000007)
    .ARM.Collect$$libshutdown$$0000000A      0x08000178   Section        0  libshutdown2.o(.ARM.Collect$$libshutdown$$0000000A)
    .ARM.Collect$$libshutdown$$0000000C      0x08000178   Section        0  libshutdown2.o(.ARM.Collect$$libshutdown$$0000000C)
    .ARM.Collect$$libshutdown$$0000000F      0x08000178   Section        0  libshutdown2.o(.ARM.Collect$$libshutdown$$0000000F)
    .ARM.Collect$$libshutdown$$00000010      0x08000178   Section        2  libshutdown2.o(.ARM.Collect$$libshutdown$$00000010)
    .ARM.Collect$$rtentry$$00000000          0x0800017a   Section        0  __rtentry.o(.ARM.Collect$$rtentry$$00000000)
    .ARM.Collect$$rtentry$$00000002          0x0800017a   Section        0  __rtentry2.o(.ARM.Collect$$rtentry$$00000002)
    .ARM.Collect$$rtentry$$00000004          0x0800017a   Section        6  __rtentry4.o(.ARM.Collect$$rtentry$$00000004)
    .ARM.Collect$$rtentry$$00000009          0x08000180   Section        0  __rtentry2.o(.ARM.Collect$$rtentry$$00000009)
    .ARM.Collect$$rtentry$$0000000A          0x08000180   Section        4  __rtentry2.o(.ARM.Collect$$rtentry$$0000000A)
    .ARM.Collect$$rtentry$$0000000C          0x08000184   Section        0  __rtentry2.o(.ARM.Collect$$rtentry$$0000000C)
    .ARM.Collect$$rtentry$$0000000D          0x08000184   Section        8  __rtentry2.o(.ARM.Collect$$rtentry$$0000000D)
    .ARM.Collect$$rtexit$$00000000           0x0800018c   Section        2  rtexit.o(.ARM.Collect$$rtexit$$00000000)
    .ARM.Collect$$rtexit$$00000002           0x0800018e   Section        0  rtexit2.o(.ARM.Collect$$rtexit$$00000002)
    .ARM.Collect$$rtexit$$00000003           0x0800018e   Section        4  rtexit2.o(.ARM.Collect$$rtexit$$00000003)
    .ARM.Collect$$rtexit$$00000004           0x08000192   Section        6  rtexit2.o(.ARM.Collect$$rtexit$$00000004)
    .emb_text                                0x08000198   Section        0  maybetermalloc1.o(.emb_text)
    .text                                    0x08000198   Section       64  startup_stm32f10x_md.o(.text)
    .text                                    0x080001d8   Section        2  use_no_semi_2.o(.text)
    .text                                    0x080001da   Section        0  h1_alloc.o(.text)
    .text                                    0x08000238   Section        0  h1_free.o(.text)
    .text                                    0x08000288   Section        0  __2printf.o(.text)
    .text                                    0x080002a0   Section        0  _printf_dec.o(.text)
    .text                                    0x08000318   Section        0  __printf_flags_ss_wp.o(.text)
    .text                                    0x080004a0   Section        0  heapauxi.o(.text)
    .text                                    0x080004a6   Section        2  use_no_semi.o(.text)
    .text                                    0x080004a8   Section        8  rt_heap_descriptor_intlibspace.o(.text)
    .text                                    0x080004b0   Section        0  hguard.o(.text)
    .text                                    0x080004b4   Section        0  init_alloc.o(.text)
    .text                                    0x0800053e   Section        0  h1_init.o(.text)
    .text                                    0x0800054c   Section        0  _printf_intcommon.o(.text)
    .text                                    0x08000600   Section        0  _printf_char_common.o(.text)
    _printf_input_char                       0x08000601   Thumb Code    10  _printf_char_common.o(.text)
    .text                                    0x08000630   Section        0  _printf_char_file.o(.text)
    .text                                    0x08000654   Section        8  libspace.o(.text)
    .text                                    0x0800065c   Section        0  h1_extend.o(.text)
    .text                                    0x08000690   Section        0  ferror.o(.text)
    .text                                    0x08000698   Section        0  defsig_rtmem_outer.o(.text)
    .text                                    0x080006a6   Section       74  sys_stackheap_outer.o(.text)
    .text                                    0x080006f0   Section        0  exit.o(.text)
    .text                                    0x08000702   Section        0  defsig_exit.o(.text)
    .text                                    0x0800070c   Section        0  defsig_rtmem_inner.o(.text)
    .text                                    0x0800075c   Section        0  defsig_general.o(.text)
    i.AlarmInit                              0x08000790   Section        0  rtc.o(i.AlarmInit)
    i.AlarmRefreshTime                       0x080007d0   Section        0  rtc.o(i.AlarmRefreshTime)
    i.BKP_DeInit                             0x080007ec   Section        0  stm32f10x_bkp.o(i.BKP_DeInit)
    i.BKP_ReadBackupRegister                 0x08000800   Section        0  stm32f10x_bkp.o(i.BKP_ReadBackupRegister)
    i.BKP_WriteBackupRegister                0x08000810   Section        0  stm32f10x_bkp.o(i.BKP_WriteBackupRegister)
    i.BusFault_Handler                       0x08000820   Section        0  stm32f10x_it.o(i.BusFault_Handler)
    i.DEV_Module_Init                        0x08000824   Section        0  dev_config.o(i.DEV_Module_Init)
    i.DEV_SPI_WriteByte                      0x08000850   Section        0  dev_config.o(i.DEV_SPI_WriteByte)
    i.DayOfWeek                              0x08000854   Section        0  rtc.o(i.DayOfWeek)
    i.DebugMon_Handler                       0x080008a4   Section        0  stm32f10x_it.o(i.DebugMon_Handler)
    i.Delay_ms                               0x080008a6   Section        0  systick.o(i.Delay_ms)
    i.Delay_us                               0x080008b0   Section        0  systick.o(i.Delay_us)
    i.EPD2IN13IOInit                         0x080008e4   Section        0  epd_hardwearinit.o(i.EPD2IN13IOInit)
    i.EPD2IN13SPIInit                        0x08000940   Section        0  epd_hardwearinit.o(i.EPD2IN13SPIInit)
    i.EPD_2IN13_Display                      0x08000950   Section        0  epd_2in13.o(i.EPD_2IN13_Display)
    i.EPD_2IN13_Init                         0x080009a4   Section        0  epd_2in13.o(i.EPD_2IN13_Init)
    i.EPD_2IN13_ReadBusy                     0x08000acc   Section        0  epd_2in13.o(i.EPD_2IN13_ReadBusy)
    i.EPD_2IN13_SendCommand                  0x08000b30   Section        0  epd_2in13.o(i.EPD_2IN13_SendCommand)
    EPD_2IN13_SendCommand                    0x08000b31   Thumb Code    46  epd_2in13.o(i.EPD_2IN13_SendCommand)
    i.EPD_2IN13_SendData                     0x08000b64   Section        0  epd_2in13.o(i.EPD_2IN13_SendData)
    EPD_2IN13_SendData                       0x08000b65   Thumb Code    46  epd_2in13.o(i.EPD_2IN13_SendData)
    i.EPD_2IN13_SetCursor                    0x08000b98   Section        0  epd_2in13.o(i.EPD_2IN13_SetCursor)
    EPD_2IN13_SetCursor                      0x08000b99   Thumb Code    44  epd_2in13.o(i.EPD_2IN13_SetCursor)
    i.EPD_2IN13_SetWindows                   0x08000bc4   Section        0  epd_2in13.o(i.EPD_2IN13_SetWindows)
    EPD_2IN13_SetWindows                     0x08000bc5   Thumb Code    72  epd_2in13.o(i.EPD_2IN13_SetWindows)
    i.EPD_2IN13_TurnOnDisplay                0x08000c0c   Section        0  epd_2in13.o(i.EPD_2IN13_TurnOnDisplay)
    EPD_2IN13_TurnOnDisplay                  0x08000c0d   Thumb Code    34  epd_2in13.o(i.EPD_2IN13_TurnOnDisplay)
    i.EXTI_Init                              0x08000c30   Section        0  stm32f10x_exti.o(i.EXTI_Init)
    i.EnterStandby                           0x08000ca0   Section        0  rtc.o(i.EnterStandby)
    i.FLASH_PrefetchBufferCmd                0x08000cb4   Section        0  stm32f10x_flash.o(i.FLASH_PrefetchBufferCmd)
    i.FLASH_SetLatency                       0x08000ccc   Section        0  stm32f10x_flash.o(i.FLASH_SetLatency)
    i.GPIO_Init                              0x08000ce0   Section        0  stm32f10x_gpio.o(i.GPIO_Init)
    i.GPIO_ReadInputDataBit                  0x08000d82   Section        0  stm32f10x_gpio.o(i.GPIO_ReadInputDataBit)
    i.GPIO_WriteBit                          0x08000d90   Section        0  stm32f10x_gpio.o(i.GPIO_WriteBit)
    i.HardFault_Handler                      0x08000d9a   Section        0  stm32f10x_it.o(i.HardFault_Handler)
    i.KeyIO_Init                             0x08000d9c   Section        0  key.o(i.KeyIO_Init)
    i.KeyScan                                0x08000dc8   Section        0  key.o(i.KeyScan)
    i.KeyTest                                0x08000ecc   Section        0  key.o(i.KeyTest)
    i.LED_Init                               0x08000ed0   Section        0  led.o(i.LED_Init)
    i.LED_Toggle                             0x08000f08   Section        0  led.o(i.LED_Toggle)
    i.LeapYearCheck                          0x08000f1c   Section        0  rtc.o(i.LeapYearCheck)
    i.MemManage_Handler                      0x08000f42   Section        0  stm32f10x_it.o(i.MemManage_Handler)
    i.NMI_Handler                            0x08000f44   Section        0  stm32f10x_it.o(i.NMI_Handler)
    i.NVIC_Init                              0x08000f48   Section        0  misc.o(i.NVIC_Init)
    i.NVIC_PriorityGroupConfig               0x08000fac   Section        0  misc.o(i.NVIC_PriorityGroupConfig)
    i.PWR_BackupAccessCmd                    0x08000fc0   Section        0  stm32f10x_pwr.o(i.PWR_BackupAccessCmd)
    i.PWR_EnterSTANDBYMode                   0x08000fcc   Section        0  stm32f10x_pwr.o(i.PWR_EnterSTANDBYMode)
    i.Paint_Clear                            0x08000ff4   Section        0  gui_paint.o(i.Paint_Clear)
    i.Paint_ClearWindows                     0x08001028   Section        0  gui_paint.o(i.Paint_ClearWindows)
    i.Paint_DrawBitMap                       0x0800105c   Section        0  gui_paint.o(i.Paint_DrawBitMap)
    i.Paint_DrawChar                         0x0800108c   Section        0  gui_paint.o(i.Paint_DrawChar)
    i.Paint_DrawLine                         0x08001180   Section        0  gui_paint.o(i.Paint_DrawLine)
    i.Paint_DrawPoint                        0x08001290   Section        0  gui_paint.o(i.Paint_DrawPoint)
    i.Paint_NewImage                         0x080013d4   Section        0  gui_paint.o(i.Paint_NewImage)
    i.Paint_SelectImage                      0x08001410   Section        0  gui_paint.o(i.Paint_SelectImage)
    i.Paint_SetPixel                         0x0800141c   Section        0  gui_paint.o(i.Paint_SetPixel)
    i.PendSV_Handler                         0x08001514   Section        0  stm32f10x_it.o(i.PendSV_Handler)
    i.PopKey                                 0x08001518   Section        0  key.o(i.PopKey)
    i.PushKey                                0x08001548   Section        0  key.o(i.PushKey)
    i.RCC_APB1PeriphClockCmd                 0x08001560   Section        0  stm32f10x_rcc.o(i.RCC_APB1PeriphClockCmd)
    i.RCC_APB2PeriphClockCmd                 0x08001578   Section        0  stm32f10x_rcc.o(i.RCC_APB2PeriphClockCmd)
    i.RCC_BackupResetCmd                     0x08001590   Section        0  stm32f10x_rcc.o(i.RCC_BackupResetCmd)
    i.RCC_Configuration                      0x0800159c   Section        0  systembase.o(i.RCC_Configuration)
    i.RCC_DeInit                             0x08001600   Section        0  stm32f10x_rcc.o(i.RCC_DeInit)
    i.RCC_GetClocksFreq                      0x08001640   Section        0  stm32f10x_rcc.o(i.RCC_GetClocksFreq)
    i.RCC_GetFlagStatus                      0x080016d0   Section        0  stm32f10x_rcc.o(i.RCC_GetFlagStatus)
    i.RCC_GetSYSCLKSource                    0x08001700   Section        0  stm32f10x_rcc.o(i.RCC_GetSYSCLKSource)
    i.RCC_HCLKConfig                         0x08001710   Section        0  stm32f10x_rcc.o(i.RCC_HCLKConfig)
    i.RCC_HSEConfig                          0x08001724   Section        0  stm32f10x_rcc.o(i.RCC_HSEConfig)
    i.RCC_LSEConfig                          0x08001758   Section        0  stm32f10x_rcc.o(i.RCC_LSEConfig)
    i.RCC_PCLK1Config                        0x08001778   Section        0  stm32f10x_rcc.o(i.RCC_PCLK1Config)
    i.RCC_PCLK2Config                        0x0800178c   Section        0  stm32f10x_rcc.o(i.RCC_PCLK2Config)
    i.RCC_PLLCmd                             0x080017a0   Section        0  stm32f10x_rcc.o(i.RCC_PLLCmd)
    i.RCC_PLLConfig                          0x080017ac   Section        0  stm32f10x_rcc.o(i.RCC_PLLConfig)
    i.RCC_RTCCLKCmd                          0x080017c0   Section        0  stm32f10x_rcc.o(i.RCC_RTCCLKCmd)
    i.RCC_RTCCLKConfig                       0x080017cc   Section        0  stm32f10x_rcc.o(i.RCC_RTCCLKConfig)
    i.RCC_SYSCLKConfig                       0x080017dc   Section        0  stm32f10x_rcc.o(i.RCC_SYSCLKConfig)
    i.RCC_WaitForHSEStartUp                  0x080017f0   Section        0  stm32f10x_rcc.o(i.RCC_WaitForHSEStartUp)
    i.RTC_ClearITPendingBit                  0x0800181c   Section        0  stm32f10x_rtc.o(i.RTC_ClearITPendingBit)
    i.RTC_EnterConfigMode                    0x0800182c   Section        0  stm32f10x_rtc.o(i.RTC_EnterConfigMode)
    i.RTC_ExitConfigMode                     0x0800183c   Section        0  stm32f10x_rtc.o(i.RTC_ExitConfigMode)
    i.RTC_GetCounter                         0x0800184c   Section        0  stm32f10x_rtc.o(i.RTC_GetCounter)
    i.RTC_GetITStatus                        0x08001860   Section        0  stm32f10x_rtc.o(i.RTC_GetITStatus)
    i.RTC_IRQHandler                         0x08001880   Section        0  rtc.o(i.RTC_IRQHandler)
    i.RTC_ITConfig                           0x080018bc   Section        0  stm32f10x_rtc.o(i.RTC_ITConfig)
    i.RTC_Init                               0x080018d4   Section        0  rtc.o(i.RTC_Init)
    i.RTC_SetAlarm                           0x08001998   Section        0  stm32f10x_rtc.o(i.RTC_SetAlarm)
    i.RTC_SetCounter                         0x080019b8   Section        0  stm32f10x_rtc.o(i.RTC_SetCounter)
    i.RTC_SetPrescaler                       0x080019d8   Section        0  stm32f10x_rtc.o(i.RTC_SetPrescaler)
    i.RTC_TimeReFresh                        0x080019f8   Section        0  rtc.o(i.RTC_TimeReFresh)
    i.RTC_WaitForLastTask                    0x08001b20   Section        0  stm32f10x_rtc.o(i.RTC_WaitForLastTask)
    i.RTC_WaitForSynchro                     0x08001b30   Section        0  stm32f10x_rtc.o(i.RTC_WaitForSynchro)
    i.ReadKey                                0x08001b48   Section        0  key.o(i.ReadKey)
    i.SPI1IOInit                             0x08001bb8   Section        0  spi.o(i.SPI1IOInit)
    i.SPI1Init                               0x08001be4   Section        0  spi.o(i.SPI1Init)
    i.SPI1WriteReadByte                      0x08001c40   Section        0  spi.o(i.SPI1WriteReadByte)
    i.SPI_Cmd                                0x08001c90   Section        0  stm32f10x_spi.o(i.SPI_Cmd)
    i.SPI_I2S_GetFlagStatus                  0x08001ca4   Section        0  stm32f10x_spi.o(i.SPI_I2S_GetFlagStatus)
    i.SPI_I2S_ReceiveData                    0x08001cb2   Section        0  stm32f10x_spi.o(i.SPI_I2S_ReceiveData)
    i.SPI_I2S_SendData                       0x08001cb6   Section        0  stm32f10x_spi.o(i.SPI_I2S_SendData)
    i.SPI_Init                               0x08001cba   Section        0  stm32f10x_spi.o(i.SPI_Init)
    i.SVC_Handler                            0x08001cf2   Section        0  stm32f10x_it.o(i.SVC_Handler)
    i.SetSysClockTo72                        0x08001cf4   Section        0  system_stm32f10x.o(i.SetSysClockTo72)
    SetSysClockTo72                          0x08001cf5   Thumb Code   160  system_stm32f10x.o(i.SetSysClockTo72)
    i.StandbyInit                            0x08001d9c   Section        0  rtc.o(i.StandbyInit)
    i.SysTickInit                            0x08001dc0   Section        0  systick.o(i.SysTickInit)
    i.SysTick_CLKSourceConfig                0x08001e1c   Section        0  misc.o(i.SysTick_CLKSourceConfig)
    i.SysTick_Handler                        0x08001e34   Section        0  systick.o(i.SysTick_Handler)
    i.SystemInit                             0x08001e44   Section        0  system_stm32f10x.o(i.SystemInit)
    i.TIM1_CC_IRQHandler                     0x08001e94   Section        0  timer.o(i.TIM1_CC_IRQHandler)
    i.TIM3_IRQHandler                        0x08001ec8   Section        0  timer.o(i.TIM3_IRQHandler)
    i.TIM_ClearITPendingBit                  0x08001ef0   Section        0  stm32f10x_tim.o(i.TIM_ClearITPendingBit)
    i.TIM_GetITStatus                        0x08001ef6   Section        0  stm32f10x_tim.o(i.TIM_GetITStatus)
    i.TIM_SetCompare1                        0x08001f0e   Section        0  stm32f10x_tim.o(i.TIM_SetCompare1)
    i.TIM_SetCounter                         0x08001f12   Section        0  stm32f10x_tim.o(i.TIM_SetCounter)
    i.TimerDelay                             0x08001f18   Section        0  systick.o(i.TimerDelay)
    i.TimerReload                            0x08001f30   Section        0  systick.o(i.TimerReload)
    i.USART1_IRQHandler                      0x08001f3c   Section        0  usart.o(i.USART1_IRQHandler)
    i.USART1_Init                            0x08001fa0   Section        0  usart.o(i.USART1_Init)
    i.USART_Cmd                              0x08002044   Section        0  stm32f10x_usart.o(i.USART_Cmd)
    i.USART_GetITStatus                      0x08002058   Section        0  stm32f10x_usart.o(i.USART_GetITStatus)
    i.USART_ITConfig                         0x08002096   Section        0  stm32f10x_usart.o(i.USART_ITConfig)
    i.USART_Init                             0x080020c8   Section        0  stm32f10x_usart.o(i.USART_Init)
    i.USART_ReceiveData                      0x08002174   Section        0  stm32f10x_usart.o(i.USART_ReceiveData)
    i.UsageFault_Handler                     0x0800217c   Section        0  stm32f10x_it.o(i.UsageFault_Handler)
    i._is_digit                              0x0800217e   Section        0  __printf_wp.o(i._is_digit)
    i._sys_exit                              0x0800218c   Section        0  usart.o(i._sys_exit)
    i._ttywrch                               0x0800218e   Section        0  usart.o(i._ttywrch)
    i.eClockInit                             0x08002190   Section        0  eclock.o(i.eClockInit)
    i.eClockRefresh                          0x080022b4   Section        0  eclock.o(i.eClockRefresh)
    i.fputc                                  0x080023f4   Section        0  usart.o(i.fputc)
    i.main                                   0x0800240c   Section        0  main.o(i.main)
    .constdata                               0x080024c4   Section       24  rtc.o(.constdata)
    .constdata                               0x080024dc   Section     4000  imagedata.o(.constdata)
    .constdata                               0x0800347c   Section       60  epd_2in13.o(.constdata)
    .constdata                               0x080034b8   Section     6032  font36thoma.o(.constdata)
    .constdata                               0x08004c48   Section       17  __printf_flags_ss_wp.o(.constdata)
    maptable                                 0x08004c48   Data          17  __printf_flags_ss_wp.o(.constdata)
    .data                                    0x20000000   Section        4  main.o(.data)
    MainLoopTimer                            0x20000000   Data           4  main.o(.data)
    .data                                    0x20000004   Section        8  eclock.o(.data)
    eClcokStatus                             0x20000004   Data           1  eclock.o(.data)
    .data                                    0x2000000c   Section       20  stm32f10x_rcc.o(.data)
    ADCPrescTable                            0x2000000c   Data           4  stm32f10x_rcc.o(.data)
    APBAHBPrescTable                         0x20000010   Data          16  stm32f10x_rcc.o(.data)
    .data                                    0x20000020   Section       20  system_stm32f10x.o(.data)
    .data                                    0x20000034   Section       13  key.o(.data)
    Status                                   0x20000035   Data           1  key.o(.data)
    KeyValue                                 0x20000036   Data           1  key.o(.data)
    TimerForKeyScan                          0x20000038   Data           4  key.o(.data)
    .data                                    0x20000042   Section        2  usart.o(.data)
    .data                                    0x20000044   Section        4  usart.o(.data)
    .data                                    0x20000048   Section       12  systick.o(.data)
    us_tick                                  0x20000048   Data           1  systick.o(.data)
    TestCase                                 0x20000049   Data           1  systick.o(.data)
    ms_tick                                  0x2000004a   Data           2  systick.o(.data)
    SysMSCounter                             0x2000004c   Data           4  systick.o(.data)
    TestTimer                                0x20000050   Data           4  systick.o(.data)
    .data                                    0x20000054   Section        6  rtc.o(.data)
    TimeRefreshFlag                          0x20000054   Data           1  rtc.o(.data)
    Flag                                     0x20000055   Data           1  rtc.o(.data)
    HourFlag                                 0x20000056   Data           2  rtc.o(.data)
    DayCounter                               0x20000058   Data           2  rtc.o(.data)
    .data                                    0x2000005c   Section        8  font36thoma.o(.data)
    .bss                                     0x20000064   Section      128  usart.o(.bss)
    .bss                                     0x200000e4   Section       10  rtc.o(.bss)
    .bss                                     0x200000f0   Section       24  gui_paint.o(.bss)
    .bss                                     0x20000108   Section       96  libspace.o(.bss)
    HEAP                                     0x20000168   Section     4096  startup_stm32f10x_md.o(HEAP)
    Heap_Mem                                 0x20000168   Data        4096  startup_stm32f10x_md.o(HEAP)
    STACK                                    0x20001168   Section     4096  startup_stm32f10x_md.o(STACK)
    Stack_Mem                                0x20001168   Data        4096  startup_stm32f10x_md.o(STACK)
    __initial_sp                             0x20002168   Data           0  startup_stm32f10x_md.o(STACK)

    Global Symbols

    Symbol Name                              Value     Ov Type        Size  Object(Section)

    BuildAttributes$$THM_ISAv4$P$D$K$B$S$PE$A:L22UL41UL21$X:L11$S22US41US21$IEEE1$IW$USESV6$~STKCKD$USESV7$~SHL$OTIME$ROPI$IEEEJ$EBA8$UX$STANDARDLIB$REQ8$PRES8$EABIv2 0x00000000   Number         0  anon$$obj.o ABSOLUTE
    __ARM_use_no_argv                        0x00000000   Number         0  main.o ABSOLUTE
    _printf_flags                            0x00000000   Number         0  printf_stubs.o ABSOLUTE
    _printf_return_value                     0x00000000   Number         0  printf_stubs.o ABSOLUTE
    _printf_sizespec                         0x00000000   Number         0  printf_stubs.o ABSOLUTE
    _printf_widthprec                        0x00000000   Number         0  printf_stubs.o ABSOLUTE
    __ARM_exceptions_init                     - Undefined Weak Reference
    __alloca_initialize                       - Undefined Weak Reference
    __arm_preinit_                            - Undefined Weak Reference
    __cpp_initialize__aeabi_                  - Undefined Weak Reference
    __cxa_finalize                            - Undefined Weak Reference
    __sigvec_lookup                           - Undefined Weak Reference
    __user_heap_extent                        - Undefined Weak Reference
    _atexit_init                              - Undefined Weak Reference
    _call_atexit_fns                          - Undefined Weak Reference
    _clock_init                               - Undefined Weak Reference
    _fp_trap_init                             - Undefined Weak Reference
    _fp_trap_shutdown                         - Undefined Weak Reference
    _get_lc_collate                           - Undefined Weak Reference
    _get_lc_monetary                          - Undefined Weak Reference
    _get_lc_time                              - Undefined Weak Reference
    _getenv_init                              - Undefined Weak Reference
    _handle_redirection                       - Undefined Weak Reference
    _initio                                   - Undefined Weak Reference
    _mutex_acquire                            - Undefined Weak Reference
    _mutex_free                               - Undefined Weak Reference
    _mutex_release                            - Undefined Weak Reference
    _printf_fp_hex                            - Undefined Weak Reference
    _printf_mbtowc                            - Undefined Weak Reference
    _printf_wc                                - Undefined Weak Reference
    _rand_init                                - Undefined Weak Reference
    _signal_finish                            - Undefined Weak Reference
    _signal_init                              - Undefined Weak Reference
    _terminateio                              - Undefined Weak Reference
    __Vectors_Size                           0x000000ec   Number         0  startup_stm32f10x_md.o ABSOLUTE
    __Vectors                                0x08000000   Data           4  startup_stm32f10x_md.o(RESET)
    __Vectors_End                            0x080000ec   Data           0  startup_stm32f10x_md.o(RESET)
    __main                                   0x080000ed   Thumb Code     8  __main.o(!!!main)
    __scatterload                            0x080000f5   Thumb Code     0  __scatter.o(!!!scatter)
    __scatterload_rt2                        0x080000f5   Thumb Code    44  __scatter.o(!!!scatter)
    __scatterload_rt2_thumb_only             0x080000f5   Thumb Code     0  __scatter.o(!!!scatter)
    __scatterload_null                       0x08000103   Thumb Code     0  __scatter.o(!!!scatter)
    __scatterload_copy                       0x08000129   Thumb Code    26  __scatter_copy.o(!!handler_copy)
    __scatterload_zeroinit                   0x08000145   Thumb Code    28  __scatter_zi.o(!!handler_zi)
    _printf_d                                0x08000161   Thumb Code     0  _printf_d.o(.ARM.Collect$$_printf_percent$$00000009)
    _printf_percent                          0x08000161   Thumb Code     0  _printf_percent.o(.ARM.Collect$$_printf_percent$$00000000)
    _printf_percent_end                      0x08000167   Thumb Code     0  _printf_percent_end.o(.ARM.Collect$$_printf_percent$$00000017)
    __rt_lib_init                            0x0800016b   Thumb Code     0  libinit.o(.ARM.Collect$$libinit$$00000000)
    __rt_lib_init_fp_1                       0x0800016d   Thumb Code     0  libinit2.o(.ARM.Collect$$libinit$$00000002)
    __rt_lib_init_heap_2                     0x0800016d   Thumb Code     0  libinit2.o(.ARM.Collect$$libinit$$00000005)
    __rt_lib_init_preinit_1                  0x0800016d   Thumb Code     0  libinit2.o(.ARM.Collect$$libinit$$00000004)
    __rt_lib_init_alloca_1                   0x08000175   Thumb Code     0  libinit2.o(.ARM.Collect$$libinit$$0000002E)
    __rt_lib_init_argv_1                     0x08000175   Thumb Code     0  libinit2.o(.ARM.Collect$$libinit$$0000002C)
    __rt_lib_init_atexit_1                   0x08000175   Thumb Code     0  libinit2.o(.ARM.Collect$$libinit$$0000001B)
    __rt_lib_init_clock_1                    0x08000175   Thumb Code     0  libinit2.o(.ARM.Collect$$libinit$$00000021)
    __rt_lib_init_cpp_1                      0x08000175   Thumb Code     0  libinit2.o(.ARM.Collect$$libinit$$00000032)
    __rt_lib_init_exceptions_1               0x08000175   Thumb Code     0  libinit2.o(.ARM.Collect$$libinit$$00000030)
    __rt_lib_init_fp_trap_1                  0x08000175   Thumb Code     0  libinit2.o(.ARM.Collect$$libinit$$0000001F)
    __rt_lib_init_getenv_1                   0x08000175   Thumb Code     0  libinit2.o(.ARM.Collect$$libinit$$00000023)
    __rt_lib_init_heap_1                     0x08000175   Thumb Code     0  libinit2.o(.ARM.Collect$$libinit$$0000000A)
    __rt_lib_init_lc_collate_1               0x08000175   Thumb Code     0  libinit2.o(.ARM.Collect$$libinit$$00000011)
    __rt_lib_init_lc_ctype_1                 0x08000175   Thumb Code     0  libinit2.o(.ARM.Collect$$libinit$$00000013)
    __rt_lib_init_lc_monetary_1              0x08000175   Thumb Code     0  libinit2.o(.ARM.Collect$$libinit$$00000015)
    __rt_lib_init_lc_numeric_1               0x08000175   Thumb Code     0  libinit2.o(.ARM.Collect$$libinit$$00000017)
    __rt_lib_init_lc_time_1                  0x08000175   Thumb Code     0  libinit2.o(.ARM.Collect$$libinit$$00000019)
    __rt_lib_init_rand_1                     0x08000175   Thumb Code     0  libinit2.o(.ARM.Collect$$libinit$$0000000E)
    __rt_lib_init_return                     0x08000175   Thumb Code     0  libinit2.o(.ARM.Collect$$libinit$$00000033)
    __rt_lib_init_signal_1                   0x08000175   Thumb Code     0  libinit2.o(.ARM.Collect$$libinit$$0000001D)
    __rt_lib_init_stdio_1                    0x08000175   Thumb Code     0  libinit2.o(.ARM.Collect$$libinit$$00000025)
    __rt_lib_init_user_alloc_1               0x08000175   Thumb Code     0  libinit2.o(.ARM.Collect$$libinit$$0000000C)
    __rt_lib_shutdown                        0x08000177   Thumb Code     0  libshutdown.o(.ARM.Collect$$libshutdown$$00000000)
    __rt_lib_shutdown_cpp_1                  0x08000179   Thumb Code     0  libshutdown2.o(.ARM.Collect$$libshutdown$$00000002)
    __rt_lib_shutdown_fp_trap_1              0x08000179   Thumb Code     0  libshutdown2.o(.ARM.Collect$$libshutdown$$00000007)
    __rt_lib_shutdown_heap_1                 0x08000179   Thumb Code     0  libshutdown2.o(.ARM.Collect$$libshutdown$$0000000F)
    __rt_lib_shutdown_return                 0x08000179   Thumb Code     0  libshutdown2.o(.ARM.Collect$$libshutdown$$00000010)
    __rt_lib_shutdown_signal_1               0x08000179   Thumb Code     0  libshutdown2.o(.ARM.Collect$$libshutdown$$0000000A)
    __rt_lib_shutdown_stdio_1                0x08000179   Thumb Code     0  libshutdown2.o(.ARM.Collect$$libshutdown$$00000004)
    __rt_lib_shutdown_user_alloc_1           0x08000179   Thumb Code     0  libshutdown2.o(.ARM.Collect$$libshutdown$$0000000C)
    __rt_entry                               0x0800017b   Thumb Code     0  __rtentry.o(.ARM.Collect$$rtentry$$00000000)
    __rt_entry_presh_1                       0x0800017b   Thumb Code     0  __rtentry2.o(.ARM.Collect$$rtentry$$00000002)
    __rt_entry_sh                            0x0800017b   Thumb Code     0  __rtentry4.o(.ARM.Collect$$rtentry$$00000004)
    __rt_entry_li                            0x08000181   Thumb Code     0  __rtentry2.o(.ARM.Collect$$rtentry$$0000000A)
    __rt_entry_postsh_1                      0x08000181   Thumb Code     0  __rtentry2.o(.ARM.Collect$$rtentry$$00000009)
    __rt_entry_main                          0x08000185   Thumb Code     0  __rtentry2.o(.ARM.Collect$$rtentry$$0000000D)
    __rt_entry_postli_1                      0x08000185   Thumb Code     0  __rtentry2.o(.ARM.Collect$$rtentry$$0000000C)
    __rt_exit                                0x0800018d   Thumb Code     0  rtexit.o(.ARM.Collect$$rtexit$$00000000)
    __rt_exit_ls                             0x0800018f   Thumb Code     0  rtexit2.o(.ARM.Collect$$rtexit$$00000003)
    __rt_exit_prels_1                        0x0800018f   Thumb Code     0  rtexit2.o(.ARM.Collect$$rtexit$$00000002)
    __rt_exit_exit                           0x08000193   Thumb Code     0  rtexit2.o(.ARM.Collect$$rtexit$$00000004)
    Reset_Handler                            0x08000199   Thumb Code     8  startup_stm32f10x_md.o(.text)
    _maybe_terminate_alloc                   0x08000199   Thumb Code     0  maybetermalloc1.o(.emb_text)
    ADC1_2_IRQHandler                        0x080001b3   Thumb Code     0  startup_stm32f10x_md.o(.text)
    CAN1_RX1_IRQHandler                      0x080001b3   Thumb Code     0  startup_stm32f10x_md.o(.text)
    CAN1_SCE_IRQHandler                      0x080001b3   Thumb Code     0  startup_stm32f10x_md.o(.text)
    DMA1_Channel1_IRQHandler                 0x080001b3   Thumb Code     0  startup_stm32f10x_md.o(.text)
    DMA1_Channel2_IRQHandler                 0x080001b3   Thumb Code     0  startup_stm32f10x_md.o(.text)
    DMA1_Channel3_IRQHandler                 0x080001b3   Thumb Code     0  startup_stm32f10x_md.o(.text)
    DMA1_Channel4_IRQHandler                 0x080001b3   Thumb Code     0  startup_stm32f10x_md.o(.text)
    DMA1_Channel5_IRQHandler                 0x080001b3   Thumb Code     0  startup_stm32f10x_md.o(.text)
    DMA1_Channel6_IRQHandler                 0x080001b3   Thumb Code     0  startup_stm32f10x_md.o(.text)
    DMA1_Channel7_IRQHandler                 0x080001b3   Thumb Code     0  startup_stm32f10x_md.o(.text)
    EXTI0_IRQHandler                         0x080001b3   Thumb Code     0  startup_stm32f10x_md.o(.text)
    EXTI15_10_IRQHandler                     0x080001b3   Thumb Code     0  startup_stm32f10x_md.o(.text)
    EXTI1_IRQHandler                         0x080001b3   Thumb Code     0  startup_stm32f10x_md.o(.text)
    EXTI2_IRQHandler                         0x080001b3   Thumb Code     0  startup_stm32f10x_md.o(.text)
    EXTI3_IRQHandler                         0x080001b3   Thumb Code     0  startup_stm32f10x_md.o(.text)
    EXTI4_IRQHandler                         0x080001b3   Thumb Code     0  startup_stm32f10x_md.o(.text)
    EXTI9_5_IRQHandler                       0x080001b3   Thumb Code     0  startup_stm32f10x_md.o(.text)
    FLASH_IRQHandler                         0x080001b3   Thumb Code     0  startup_stm32f10x_md.o(.text)
    I2C1_ER_IRQHandler                       0x080001b3   Thumb Code     0  startup_stm32f10x_md.o(.text)
    I2C1_EV_IRQHandler                       0x080001b3   Thumb Code     0  startup_stm32f10x_md.o(.text)
    I2C2_ER_IRQHandler                       0x080001b3   Thumb Code     0  startup_stm32f10x_md.o(.text)
    I2C2_EV_IRQHandler                       0x080001b3   Thumb Code     0  startup_stm32f10x_md.o(.text)
    PVD_IRQHandler                           0x080001b3   Thumb Code     0  startup_stm32f10x_md.o(.text)
    RCC_IRQHandler                           0x080001b3   Thumb Code     0  startup_stm32f10x_md.o(.text)
    RTCAlarm_IRQHandler                      0x080001b3   Thumb Code     0  startup_stm32f10x_md.o(.text)
    SPI1_IRQHandler                          0x080001b3   Thumb Code     0  startup_stm32f10x_md.o(.text)
    SPI2_IRQHandler                          0x080001b3   Thumb Code     0  startup_stm32f10x_md.o(.text)
    TAMPER_IRQHandler                        0x080001b3   Thumb Code     0  startup_stm32f10x_md.o(.text)
    TIM1_BRK_IRQHandler                      0x080001b3   Thumb Code     0  startup_stm32f10x_md.o(.text)
    TIM1_TRG_COM_IRQHandler                  0x080001b3   Thumb Code     0  startup_stm32f10x_md.o(.text)
    TIM1_UP_IRQHandler                       0x080001b3   Thumb Code     0  startup_stm32f10x_md.o(.text)
    TIM2_IRQHandler                          0x080001b3   Thumb Code     0  startup_stm32f10x_md.o(.text)
    TIM4_IRQHandler                          0x080001b3   Thumb Code     0  startup_stm32f10x_md.o(.text)
    USART2_IRQHandler                        0x080001b3   Thumb Code     0  startup_stm32f10x_md.o(.text)
    USART3_IRQHandler                        0x080001b3   Thumb Code     0  startup_stm32f10x_md.o(.text)
    USBWakeUp_IRQHandler                     0x080001b3   Thumb Code     0  startup_stm32f10x_md.o(.text)
    USB_HP_CAN1_TX_IRQHandler                0x080001b3   Thumb Code     0  startup_stm32f10x_md.o(.text)
    USB_LP_CAN1_RX0_IRQHandler               0x080001b3   Thumb Code     0  startup_stm32f10x_md.o(.text)
    WWDG_IRQHandler                          0x080001b3   Thumb Code     0  startup_stm32f10x_md.o(.text)
    __user_initial_stackheap                 0x080001b5   Thumb Code     0  startup_stm32f10x_md.o(.text)
    __use_no_semihosting                     0x080001d9   Thumb Code     2  use_no_semi_2.o(.text)
    malloc                                   0x080001db   Thumb Code    94  h1_alloc.o(.text)
    free                                     0x08000239   Thumb Code    78  h1_free.o(.text)
    __2printf                                0x08000289   Thumb Code    20  __2printf.o(.text)
    _printf_int_dec                          0x080002a1   Thumb Code   104  _printf_dec.o(.text)
    __printf                                 0x08000319   Thumb Code   388  __printf_flags_ss_wp.o(.text)
    __use_two_region_memory                  0x080004a1   Thumb Code     2  heapauxi.o(.text)
    __rt_heap_escrow                         0x080004a3   Thumb Code     2  heapauxi.o(.text)
    __rt_heap_expand                         0x080004a5   Thumb Code     2  heapauxi.o(.text)
    __I$use$semihosting                      0x080004a7   Thumb Code     0  use_no_semi.o(.text)
    __use_no_semihosting_swi                 0x080004a7   Thumb Code     2  use_no_semi.o(.text)
    __rt_heap_descriptor                     0x080004a9   Thumb Code     8  rt_heap_descriptor_intlibspace.o(.text)
    __use_no_heap                            0x080004b1   Thumb Code     2  hguard.o(.text)
    __heap$guard                             0x080004b3   Thumb Code     2  hguard.o(.text)
    _terminate_user_alloc                    0x080004b5   Thumb Code     2  init_alloc.o(.text)
    _init_user_alloc                         0x080004b7   Thumb Code     2  init_alloc.o(.text)
    __Heap_Full                              0x080004b9   Thumb Code    34  init_alloc.o(.text)
    __Heap_Broken                            0x080004db   Thumb Code     6  init_alloc.o(.text)
    _init_alloc                              0x080004e1   Thumb Code    94  init_alloc.o(.text)
    __Heap_Initialize                        0x0800053f   Thumb Code    10  h1_init.o(.text)
    __Heap_DescSize                          0x08000549   Thumb Code     4  h1_init.o(.text)
    _printf_int_common                       0x0800054d   Thumb Code   178  _printf_intcommon.o(.text)
    _printf_char_common                      0x0800060b   Thumb Code    32  _printf_char_common.o(.text)
    _printf_char_file                        0x08000631   Thumb Code    32  _printf_char_file.o(.text)
    __user_libspace                          0x08000655   Thumb Code     8  libspace.o(.text)
    __user_perproc_libspace                  0x08000655   Thumb Code     0  libspace.o(.text)
    __user_perthread_libspace                0x08000655   Thumb Code     0  libspace.o(.text)
    __Heap_ProvideMemory                     0x0800065d   Thumb Code    52  h1_extend.o(.text)
    ferror                                   0x08000691   Thumb Code     8  ferror.o(.text)
    __rt_SIGRTMEM                            0x08000699   Thumb Code    14  defsig_rtmem_outer.o(.text)
    __user_setup_stackheap                   0x080006a7   Thumb Code    74  sys_stackheap_outer.o(.text)
    exit                                     0x080006f1   Thumb Code    18  exit.o(.text)
    __sig_exit                               0x08000703   Thumb Code    10  defsig_exit.o(.text)
    __rt_SIGRTMEM_inner                      0x0800070d   Thumb Code    22  defsig_rtmem_inner.o(.text)
    __default_signal_display                 0x0800075d   Thumb Code    50  defsig_general.o(.text)
    AlarmInit                                0x08000791   Thumb Code    60  rtc.o(i.AlarmInit)
    AlarmRefreshTime                         0x080007d1   Thumb Code    28  rtc.o(i.AlarmRefreshTime)
    BKP_DeInit                               0x080007ed   Thumb Code    18  stm32f10x_bkp.o(i.BKP_DeInit)
    BKP_ReadBackupRegister                   0x08000801   Thumb Code    12  stm32f10x_bkp.o(i.BKP_ReadBackupRegister)
    BKP_WriteBackupRegister                  0x08000811   Thumb Code    12  stm32f10x_bkp.o(i.BKP_WriteBackupRegister)
    BusFault_Handler                         0x08000821   Thumb Code     2  stm32f10x_it.o(i.BusFault_Handler)
    DEV_Module_Init                          0x08000825   Thumb Code    38  dev_config.o(i.DEV_Module_Init)
    DEV_SPI_WriteByte                        0x08000851   Thumb Code     4  dev_config.o(i.DEV_SPI_WriteByte)
    DayOfWeek                                0x08000855   Thumb Code    76  rtc.o(i.DayOfWeek)
    DebugMon_Handler                         0x080008a5   Thumb Code     2  stm32f10x_it.o(i.DebugMon_Handler)
    Delay_ms                                 0x080008a7   Thumb Code    10  systick.o(i.Delay_ms)
    Delay_us                                 0x080008b1   Thumb Code    48  systick.o(i.Delay_us)
    EPD2IN13IOInit                           0x080008e5   Thumb Code    82  epd_hardwearinit.o(i.EPD2IN13IOInit)
    EPD2IN13SPIInit                          0x08000941   Thumb Code    14  epd_hardwearinit.o(i.EPD2IN13SPIInit)
    EPD_2IN13_Display                        0x08000951   Thumb Code    82  epd_2in13.o(i.EPD_2IN13_Display)
    EPD_2IN13_Init                           0x080009a5   Thumb Code   226  epd_2in13.o(i.EPD_2IN13_Init)
    EPD_2IN13_ReadBusy                       0x08000acd   Thumb Code    40  epd_2in13.o(i.EPD_2IN13_ReadBusy)
    EXTI_Init                                0x08000c31   Thumb Code   108  stm32f10x_exti.o(i.EXTI_Init)
    EnterStandby                             0x08000ca1   Thumb Code    18  rtc.o(i.EnterStandby)
    FLASH_PrefetchBufferCmd                  0x08000cb5   Thumb Code    18  stm32f10x_flash.o(i.FLASH_PrefetchBufferCmd)
    FLASH_SetLatency                         0x08000ccd   Thumb Code    14  stm32f10x_flash.o(i.FLASH_SetLatency)
    GPIO_Init                                0x08000ce1   Thumb Code   162  stm32f10x_gpio.o(i.GPIO_Init)
    GPIO_ReadInputDataBit                    0x08000d83   Thumb Code    14  stm32f10x_gpio.o(i.GPIO_ReadInputDataBit)
    GPIO_WriteBit                            0x08000d91   Thumb Code    10  stm32f10x_gpio.o(i.GPIO_WriteBit)
    HardFault_Handler                        0x08000d9b   Thumb Code     2  stm32f10x_it.o(i.HardFault_Handler)
    KeyIO_Init                               0x08000d9d   Thumb Code    38  key.o(i.KeyIO_Init)
    KeyScan                                  0x08000dc9   Thumb Code   256  key.o(i.KeyScan)
    KeyTest                                  0x08000ecd   Thumb Code     4  key.o(i.KeyTest)
    LED_Init                                 0x08000ed1   Thumb Code    48  led.o(i.LED_Init)
    LED_Toggle                               0x08000f09   Thumb Code    14  led.o(i.LED_Toggle)
    LeapYearCheck                            0x08000f1d   Thumb Code    38  rtc.o(i.LeapYearCheck)
    MemManage_Handler                        0x08000f43   Thumb Code     2  stm32f10x_it.o(i.MemManage_Handler)
    NMI_Handler                              0x08000f45   Thumb Code     2  stm32f10x_it.o(i.NMI_Handler)
    NVIC_Init                                0x08000f49   Thumb Code    94  misc.o(i.NVIC_Init)
    NVIC_PriorityGroupConfig                 0x08000fad   Thumb Code    10  misc.o(i.NVIC_PriorityGroupConfig)
    PWR_BackupAccessCmd                      0x08000fc1   Thumb Code     6  stm32f10x_pwr.o(i.PWR_BackupAccessCmd)
    PWR_EnterSTANDBYMode                     0x08000fcd   Thumb Code    32  stm32f10x_pwr.o(i.PWR_EnterSTANDBYMode)
    Paint_Clear                              0x08000ff5   Thumb Code    46  gui_paint.o(i.Paint_Clear)
    Paint_ClearWindows                       0x08001029   Thumb Code    52  gui_paint.o(i.Paint_ClearWindows)
    Paint_DrawBitMap                         0x0800105d   Thumb Code    44  gui_paint.o(i.Paint_DrawBitMap)
    Paint_DrawChar                           0x0800108d   Thumb Code   176  gui_paint.o(i.Paint_DrawChar)
    Paint_DrawLine                           0x08001181   Thumb Code   202  gui_paint.o(i.Paint_DrawLine)
    Paint_DrawPoint                          0x08001291   Thumb Code   178  gui_paint.o(i.Paint_DrawPoint)
    Paint_NewImage                           0x080013d5   Thumb Code    56  gui_paint.o(i.Paint_NewImage)
    Paint_SelectImage                        0x08001411   Thumb Code     6  gui_paint.o(i.Paint_SelectImage)
    Paint_SetPixel                           0x0800141d   Thumb Code   204  gui_paint.o(i.Paint_SetPixel)
    PendSV_Handler                           0x08001515   Thumb Code     2  stm32f10x_it.o(i.PendSV_Handler)
    PopKey                                   0x08001519   Thumb Code    44  key.o(i.PopKey)
    PushKey                                  0x08001549   Thumb Code    20  key.o(i.PushKey)
    RCC_APB1PeriphClockCmd                   0x08001561   Thumb Code    18  stm32f10x_rcc.o(i.RCC_APB1PeriphClockCmd)
    RCC_APB2PeriphClockCmd                   0x08001579   Thumb Code    18  stm32f10x_rcc.o(i.RCC_APB2PeriphClockCmd)
    RCC_BackupResetCmd                       0x08001591   Thumb Code     6  stm32f10x_rcc.o(i.RCC_BackupResetCmd)
    RCC_Configuration                        0x0800159d   Thumb Code    98  systembase.o(i.RCC_Configuration)
    RCC_DeInit                               0x08001601   Thumb Code    50  stm32f10x_rcc.o(i.RCC_DeInit)
    RCC_GetClocksFreq                        0x08001641   Thumb Code   128  stm32f10x_rcc.o(i.RCC_GetClocksFreq)
    RCC_GetFlagStatus                        0x080016d1   Thumb Code    44  stm32f10x_rcc.o(i.RCC_GetFlagStatus)
    RCC_GetSYSCLKSource                      0x08001701   Thumb Code    10  stm32f10x_rcc.o(i.RCC_GetSYSCLKSource)
    RCC_HCLKConfig                           0x08001711   Thumb Code    14  stm32f10x_rcc.o(i.RCC_HCLKConfig)
    RCC_HSEConfig                            0x08001725   Thumb Code    48  stm32f10x_rcc.o(i.RCC_HSEConfig)
    RCC_LSEConfig                            0x08001759   Thumb Code    28  stm32f10x_rcc.o(i.RCC_LSEConfig)
    RCC_PCLK1Config                          0x08001779   Thumb Code    14  stm32f10x_rcc.o(i.RCC_PCLK1Config)
    RCC_PCLK2Config                          0x0800178d   Thumb Code    16  stm32f10x_rcc.o(i.RCC_PCLK2Config)
    RCC_PLLCmd                               0x080017a1   Thumb Code     6  stm32f10x_rcc.o(i.RCC_PLLCmd)
    RCC_PLLConfig                            0x080017ad   Thumb Code    16  stm32f10x_rcc.o(i.RCC_PLLConfig)
    RCC_RTCCLKCmd                            0x080017c1   Thumb Code     6  stm32f10x_rcc.o(i.RCC_RTCCLKCmd)
    RCC_RTCCLKConfig                         0x080017cd   Thumb Code    10  stm32f10x_rcc.o(i.RCC_RTCCLKConfig)
    RCC_SYSCLKConfig                         0x080017dd   Thumb Code    14  stm32f10x_rcc.o(i.RCC_SYSCLKConfig)
    RCC_WaitForHSEStartUp                    0x080017f1   Thumb Code    44  stm32f10x_rcc.o(i.RCC_WaitForHSEStartUp)
    RTC_ClearITPendingBit                    0x0800181d   Thumb Code    10  stm32f10x_rtc.o(i.RTC_ClearITPendingBit)
    RTC_EnterConfigMode                      0x0800182d   Thumb Code    12  stm32f10x_rtc.o(i.RTC_EnterConfigMode)
    RTC_ExitConfigMode                       0x0800183d   Thumb Code    12  stm32f10x_rtc.o(i.RTC_ExitConfigMode)
    RTC_GetCounter                           0x0800184d   Thumb Code    16  stm32f10x_rtc.o(i.RTC_GetCounter)
    RTC_GetITStatus                          0x08001861   Thumb Code    28  stm32f10x_rtc.o(i.RTC_GetITStatus)
    RTC_IRQHandler                           0x08001881   Thumb Code    60  rtc.o(i.RTC_IRQHandler)
    RTC_ITConfig                             0x080018bd   Thumb Code    18  stm32f10x_rtc.o(i.RTC_ITConfig)
    RTC_Init                                 0x080018d5   Thumb Code   194  rtc.o(i.RTC_Init)
    RTC_SetAlarm                             0x08001999   Thumb Code    26  stm32f10x_rtc.o(i.RTC_SetAlarm)
    RTC_SetCounter                           0x080019b9   Thumb Code    26  stm32f10x_rtc.o(i.RTC_SetCounter)
    RTC_SetPrescaler                         0x080019d9   Thumb Code    28  stm32f10x_rtc.o(i.RTC_SetPrescaler)
    RTC_TimeReFresh                          0x080019f9   Thumb Code   278  rtc.o(i.RTC_TimeReFresh)
    RTC_WaitForLastTask                      0x08001b21   Thumb Code    10  stm32f10x_rtc.o(i.RTC_WaitForLastTask)
    RTC_WaitForSynchro                       0x08001b31   Thumb Code    18  stm32f10x_rtc.o(i.RTC_WaitForSynchro)
    ReadKey                                  0x08001b49   Thumb Code   106  key.o(i.ReadKey)
    SPI1IOInit                               0x08001bb9   Thumb Code    38  spi.o(i.SPI1IOInit)
    SPI1Init                                 0x08001be5   Thumb Code    88  spi.o(i.SPI1Init)
    SPI1WriteReadByte                        0x08001c41   Thumb Code    76  spi.o(i.SPI1WriteReadByte)
    SPI_Cmd                                  0x08001c91   Thumb Code    20  stm32f10x_spi.o(i.SPI_Cmd)
    SPI_I2S_GetFlagStatus                    0x08001ca5   Thumb Code    14  stm32f10x_spi.o(i.SPI_I2S_GetFlagStatus)
    SPI_I2S_ReceiveData                      0x08001cb3   Thumb Code     4  stm32f10x_spi.o(i.SPI_I2S_ReceiveData)
    SPI_I2S_SendData                         0x08001cb7   Thumb Code     4  stm32f10x_spi.o(i.SPI_I2S_SendData)
    SPI_Init                                 0x08001cbb   Thumb Code    56  stm32f10x_spi.o(i.SPI_Init)
    SVC_Handler                              0x08001cf3   Thumb Code     2  stm32f10x_it.o(i.SVC_Handler)
    StandbyInit                              0x08001d9d   Thumb Code    34  rtc.o(i.StandbyInit)
    SysTickInit                              0x08001dc1   Thumb Code    74  systick.o(i.SysTickInit)
    SysTick_CLKSourceConfig                  0x08001e1d   Thumb Code    24  misc.o(i.SysTick_CLKSourceConfig)
    SysTick_Handler                          0x08001e35   Thumb Code    10  systick.o(i.SysTick_Handler)
    SystemInit                               0x08001e45   Thumb Code    64  system_stm32f10x.o(i.SystemInit)
    TIM1_CC_IRQHandler                       0x08001e95   Thumb Code    46  timer.o(i.TIM1_CC_IRQHandler)
    TIM3_IRQHandler                          0x08001ec9   Thumb Code    34  timer.o(i.TIM3_IRQHandler)
    TIM_ClearITPendingBit                    0x08001ef1   Thumb Code     6  stm32f10x_tim.o(i.TIM_ClearITPendingBit)
    TIM_GetITStatus                          0x08001ef7   Thumb Code    24  stm32f10x_tim.o(i.TIM_GetITStatus)
    TIM_SetCompare1                          0x08001f0f   Thumb Code     4  stm32f10x_tim.o(i.TIM_SetCompare1)
    TIM_SetCounter                           0x08001f13   Thumb Code     4  stm32f10x_tim.o(i.TIM_SetCounter)
    TimerDelay                               0x08001f19   Thumb Code    20  systick.o(i.TimerDelay)
    TimerReload                              0x08001f31   Thumb Code     8  systick.o(i.TimerReload)
    USART1_IRQHandler                        0x08001f3d   Thumb Code    88  usart.o(i.USART1_IRQHandler)
    USART1_Init                              0x08001fa1   Thumb Code   156  usart.o(i.USART1_Init)
    USART_Cmd                                0x08002045   Thumb Code    20  stm32f10x_usart.o(i.USART_Cmd)
    USART_GetITStatus                        0x08002059   Thumb Code    62  stm32f10x_usart.o(i.USART_GetITStatus)
    USART_ITConfig                           0x08002097   Thumb Code    48  stm32f10x_usart.o(i.USART_ITConfig)
    USART_Init                               0x080020c9   Thumb Code   166  stm32f10x_usart.o(i.USART_Init)
    USART_ReceiveData                        0x08002175   Thumb Code     8  stm32f10x_usart.o(i.USART_ReceiveData)
    UsageFault_Handler                       0x0800217d   Thumb Code     2  stm32f10x_it.o(i.UsageFault_Handler)
    _is_digit                                0x0800217f   Thumb Code    14  __printf_wp.o(i._is_digit)
    _sys_exit                                0x0800218d   Thumb Code     2  usart.o(i._sys_exit)
    _ttywrch                                 0x0800218f   Thumb Code     2  usart.o(i._ttywrch)
    eClockInit                               0x08002191   Thumb Code   188  eclock.o(i.eClockInit)
    eClockRefresh                            0x080022b5   Thumb Code   294  eclock.o(i.eClockRefresh)
    fputc                                    0x080023f5   Thumb Code    18  usart.o(i.fputc)
    main                                     0x0800240d   Thumb Code   128  main.o(i.main)
    NonleapYaerMonth                         0x080024c4   Data          12  rtc.o(.constdata)
    WeekFixTable                             0x080024d0   Data          12  rtc.o(.constdata)
    gImage_Wankel                            0x080024dc   Data        4000  imagedata.o(.constdata)
    EPD_2IN13_lut_full_update                0x0800347c   Data          30  epd_2in13.o(.constdata)
    EPD_2IN13_lut_partial_update             0x0800349a   Data          30  epd_2in13.o(.constdata)
    Font36_Table                             0x080034b8   Data        6032  font36thoma.o(.constdata)
    Region$$Table$$Base                      0x08004c5c   Number         0  anon$$obj.o(Region$$Table)
    Region$$Table$$Limit                     0x08004c7c   Number         0  anon$$obj.o(Region$$Table)
    ImgSize                                  0x20000006   Data           2  eclock.o(.data)
    BGImage                                  0x20000008   Data           4  eclock.o(.data)
    SystemCoreClock                          0x20000020   Data           4  system_stm32f10x.o(.data)
    AHBPrescTable                            0x20000024   Data          16  system_stm32f10x.o(.data)
    KeyBufCounter                            0x20000034   Data           1  key.o(.data)
    KeyValueBuf                              0x2000003c   Data           5  key.o(.data)
    USART1_RX_STA                            0x20000042   Data           2  usart.o(.data)
    __stdout                                 0x20000044   Data           4  usart.o(.data)
    Font36                                   0x2000005c   Data           8  font36thoma.o(.data)
    USART1_RX_BUF                            0x20000064   Data         128  usart.o(.bss)
    Calendar                                 0x200000e4   Data          10  rtc.o(.bss)
    Paint                                    0x200000f0   Data          24  gui_paint.o(.bss)
    __libspace_start                         0x20000108   Data          96  libspace.o(.bss)
    __temporary_stack_top$libspace           0x20000168   Data           0  libspace.o(.bss)



==============================================================================

Memory Map of the image

  Image Entry point : 0x080000ed

  Load Region LR_IROM1 (Base: 0x08000000, Size: 0x00004ce0, Max: 0x00010000, ABSOLUTE)

    Execution Region ER_IROM1 (Exec base: 0x08000000, Load base: 0x08000000, Size: 0x00004c7c, Max: 0x00010000, ABSOLUTE)

    Exec Addr    Load Addr    Size         Type   Attr      Idx    E Section Name        Object

    0x08000000   0x08000000   0x000000ec   Data   RO         3303    RESET               startup_stm32f10x_md.o
    0x080000ec   0x080000ec   0x00000008   Code   RO         4513  * !!!main             c_w.l(__main.o)
    0x080000f4   0x080000f4   0x00000034   Code   RO         4878    !!!scatter          c_w.l(__scatter.o)
    0x08000128   0x08000128   0x0000001a   Code   RO         4880    !!handler_copy      c_w.l(__scatter_copy.o)
    0x08000142   0x08000142   0x00000002   PAD
    0x08000144   0x08000144   0x0000001c   Code   RO         4882    !!handler_zi        c_w.l(__scatter_zi.o)
    0x08000160   0x08000160   0x00000000   Code   RO         4506    .ARM.Collect$$_printf_percent$$00000000  c_w.l(_printf_percent.o)
    0x08000160   0x08000160   0x00000006   Code   RO         4505    .ARM.Collect$$_printf_percent$$00000009  c_w.l(_printf_d.o)
    0x08000166   0x08000166   0x00000004   Code   RO         4630    .ARM.Collect$$_printf_percent$$00000017  c_w.l(_printf_percent_end.o)
    0x0800016a   0x0800016a   0x00000002   Code   RO         4812    .ARM.Collect$$libinit$$00000000  c_w.l(libinit.o)
    0x0800016c   0x0800016c   0x00000000   Code   RO         4645    .ARM.Collect$$libinit$$00000002  c_w.l(libinit2.o)
    0x0800016c   0x0800016c   0x00000000   Code   RO         4647    .ARM.Collect$$libinit$$00000004  c_w.l(libinit2.o)
    0x0800016c   0x0800016c   0x00000008   Code   RO         4648    .ARM.Collect$$libinit$$00000005  c_w.l(libinit2.o)
    0x08000174   0x08000174   0x00000000   Code   RO         4650    .ARM.Collect$$libinit$$0000000A  c_w.l(libinit2.o)
    0x08000174   0x08000174   0x00000000   Code   RO         4652    .ARM.Collect$$libinit$$0000000C  c_w.l(libinit2.o)
    0x08000174   0x08000174   0x00000000   Code   RO         4654    .ARM.Collect$$libinit$$0000000E  c_w.l(libinit2.o)
    0x08000174   0x08000174   0x00000000   Code   RO         4657    .ARM.Collect$$libinit$$00000011  c_w.l(libinit2.o)
    0x08000174   0x08000174   0x00000000   Code   RO         4659    .ARM.Collect$$libinit$$00000013  c_w.l(libinit2.o)
    0x08000174   0x08000174   0x00000000   Code   RO         4661    .ARM.Collect$$libinit$$00000015  c_w.l(libinit2.o)
    0x08000174   0x08000174   0x00000000   Code   RO         4663    .ARM.Collect$$libinit$$00000017  c_w.l(libinit2.o)
    0x08000174   0x08000174   0x00000000   Code   RO         4665    .ARM.Collect$$libinit$$00000019  c_w.l(libinit2.o)
    0x08000174   0x08000174   0x00000000   Code   RO         4667    .ARM.Collect$$libinit$$0000001B  c_w.l(libinit2.o)
    0x08000174   0x08000174   0x00000000   Code   RO         4669    .ARM.Collect$$libinit$$0000001D  c_w.l(libinit2.o)
    0x08000174   0x08000174   0x00000000   Code   RO         4671    .ARM.Collect$$libinit$$0000001F  c_w.l(libinit2.o)
    0x08000174   0x08000174   0x00000000   Code   RO         4673    .ARM.Collect$$libinit$$00000021  c_w.l(libinit2.o)
    0x08000174   0x08000174   0x00000000   Code   RO         4675    .ARM.Collect$$libinit$$00000023  c_w.l(libinit2.o)
    0x08000174   0x08000174   0x00000000   Code   RO         4677    .ARM.Collect$$libinit$$00000025  c_w.l(libinit2.o)
    0x08000174   0x08000174   0x00000000   Code   RO         4681    .ARM.Collect$$libinit$$0000002C  c_w.l(libinit2.o)
    0x08000174   0x08000174   0x00000000   Code   RO         4683    .ARM.Collect$$libinit$$0000002E  c_w.l(libinit2.o)
    0x08000174   0x08000174   0x00000000   Code   RO         4685    .ARM.Collect$$libinit$$00000030  c_w.l(libinit2.o)
    0x08000174   0x08000174   0x00000000   Code   RO         4687    .ARM.Collect$$libinit$$00000032  c_w.l(libinit2.o)
    0x08000174   0x08000174   0x00000002   Code   RO         4688    .ARM.Collect$$libinit$$00000033  c_w.l(libinit2.o)
    0x08000176   0x08000176   0x00000002   Code   RO         4875    .ARM.Collect$$libshutdown$$00000000  c_w.l(libshutdown.o)
    0x08000178   0x08000178   0x00000000   Code   RO         4833    .ARM.Collect$$libshutdown$$00000002  c_w.l(libshutdown2.o)
    0x08000178   0x08000178   0x00000000   Code   RO         4835    .ARM.Collect$$libshutdown$$00000004  c_w.l(libshutdown2.o)
    0x08000178   0x08000178   0x00000000   Code   RO         4838    .ARM.Collect$$libshutdown$$00000007  c_w.l(libshutdown2.o)
    0x08000178   0x08000178   0x00000000   Code   RO         4841    .ARM.Collect$$libshutdown$$0000000A  c_w.l(libshutdown2.o)
    0x08000178   0x08000178   0x00000000   Code   RO         4843    .ARM.Collect$$libshutdown$$0000000C  c_w.l(libshutdown2.o)
    0x08000178   0x08000178   0x00000000   Code   RO         4846    .ARM.Collect$$libshutdown$$0000000F  c_w.l(libshutdown2.o)
    0x08000178   0x08000178   0x00000002   Code   RO         4847    .ARM.Collect$$libshutdown$$00000010  c_w.l(libshutdown2.o)
    0x0800017a   0x0800017a   0x00000000   Code   RO         4543    .ARM.Collect$$rtentry$$00000000  c_w.l(__rtentry.o)
    0x0800017a   0x0800017a   0x00000000   Code   RO         4706    .ARM.Collect$$rtentry$$00000002  c_w.l(__rtentry2.o)
    0x0800017a   0x0800017a   0x00000006   Code   RO         4718    .ARM.Collect$$rtentry$$00000004  c_w.l(__rtentry4.o)
    0x08000180   0x08000180   0x00000000   Code   RO         4708    .ARM.Collect$$rtentry$$00000009  c_w.l(__rtentry2.o)
    0x08000180   0x08000180   0x00000004   Code   RO         4709    .ARM.Collect$$rtentry$$0000000A  c_w.l(__rtentry2.o)
    0x08000184   0x08000184   0x00000000   Code   RO         4711    .ARM.Collect$$rtentry$$0000000C  c_w.l(__rtentry2.o)
    0x08000184   0x08000184   0x00000008   Code   RO         4712    .ARM.Collect$$rtentry$$0000000D  c_w.l(__rtentry2.o)
    0x0800018c   0x0800018c   0x00000002   Code   RO         4817    .ARM.Collect$$rtexit$$00000000  c_w.l(rtexit.o)
    0x0800018e   0x0800018e   0x00000000   Code   RO         4849    .ARM.Collect$$rtexit$$00000002  c_w.l(rtexit2.o)
    0x0800018e   0x0800018e   0x00000004   Code   RO         4850    .ARM.Collect$$rtexit$$00000003  c_w.l(rtexit2.o)
    0x08000192   0x08000192   0x00000006   Code   RO         4851    .ARM.Collect$$rtexit$$00000004  c_w.l(rtexit2.o)
    0x08000198   0x08000198   0x00000000   Code   RO         4722    .emb_text           c_w.l(maybetermalloc1.o)
    0x08000198   0x08000198   0x00000040   Code   RO         3304    .text               startup_stm32f10x_md.o
    0x080001d8   0x080001d8   0x00000002   Code   RO         4408    .text               c_w.l(use_no_semi_2.o)
    0x080001da   0x080001da   0x0000005e   Code   RO         4414    .text               c_w.l(h1_alloc.o)
    0x08000238   0x08000238   0x0000004e   Code   RO         4416    .text               c_w.l(h1_free.o)
    0x08000286   0x08000286   0x00000002   PAD
    0x08000288   0x08000288   0x00000018   Code   RO         4474    .text               c_w.l(__2printf.o)
    0x080002a0   0x080002a0   0x00000078   Code   RO         4482    .text               c_w.l(_printf_dec.o)
    0x08000318   0x08000318   0x00000188   Code   RO         4501    .text               c_w.l(__printf_flags_ss_wp.o)
    0x080004a0   0x080004a0   0x00000006   Code   RO         4511    .text               c_w.l(heapauxi.o)
    0x080004a6   0x080004a6   0x00000002   Code   RO         4539    .text               c_w.l(use_no_semi.o)
    0x080004a8   0x080004a8   0x00000008   Code   RO         4547    .text               c_w.l(rt_heap_descriptor_intlibspace.o)
    0x080004b0   0x080004b0   0x00000004   Code   RO         4549    .text               c_w.l(hguard.o)
    0x080004b4   0x080004b4   0x0000008a   Code   RO         4551    .text               c_w.l(init_alloc.o)
    0x0800053e   0x0800053e   0x0000000e   Code   RO         4555    .text               c_w.l(h1_init.o)
    0x0800054c   0x0800054c   0x000000b2   Code   RO         4573    .text               c_w.l(_printf_intcommon.o)
    0x080005fe   0x080005fe   0x00000002   PAD
    0x08000600   0x08000600   0x00000030   Code   RO         4577    .text               c_w.l(_printf_char_common.o)
    0x08000630   0x08000630   0x00000024   Code   RO         4585    .text               c_w.l(_printf_char_file.o)
    0x08000654   0x08000654   0x00000008   Code   RO         4702    .text               c_w.l(libspace.o)
    0x0800065c   0x0800065c   0x00000034   Code   RO         4724    .text               c_w.l(h1_extend.o)
    0x08000690   0x08000690   0x00000008   Code   RO         4736    .text               c_w.l(ferror.o)
    0x08000698   0x08000698   0x0000000e   Code   RO         4742    .text               c_w.l(defsig_rtmem_outer.o)
    0x080006a6   0x080006a6   0x0000004a   Code   RO         4754    .text               c_w.l(sys_stackheap_outer.o)
    0x080006f0   0x080006f0   0x00000012   Code   RO         4797    .text               c_w.l(exit.o)
    0x08000702   0x08000702   0x0000000a   Code   RO         4799    .text               c_w.l(defsig_exit.o)
    0x0800070c   0x0800070c   0x00000050   Code   RO         4801    .text               c_w.l(defsig_rtmem_inner.o)
    0x0800075c   0x0800075c   0x00000032   Code   RO         4828    .text               c_w.l(defsig_general.o)
    0x0800078e   0x0800078e   0x00000002   PAD
    0x08000790   0x08000790   0x00000040   Code   RO         3895    i.AlarmInit         rtc.o
    0x080007d0   0x080007d0   0x0000001c   Code   RO         3896    i.AlarmRefreshTime  rtc.o
    0x080007ec   0x080007ec   0x00000012   Code   RO          553    i.BKP_DeInit        stm32f10x_bkp.o
    0x080007fe   0x080007fe   0x00000002   PAD
    0x08000800   0x08000800   0x00000010   Code   RO          558    i.BKP_ReadBackupRegister  stm32f10x_bkp.o
    0x08000810   0x08000810   0x00000010   Code   RO          562    i.BKP_WriteBackupRegister  stm32f10x_bkp.o
    0x08000820   0x08000820   0x00000002   Code   RO          174    i.BusFault_Handler  stm32f10x_it.o
    0x08000822   0x08000822   0x00000002   PAD
    0x08000824   0x08000824   0x0000002c   Code   RO         4202    i.DEV_Module_Init   dev_config.o
    0x08000850   0x08000850   0x00000004   Code   RO         4203    i.DEV_SPI_WriteByte  dev_config.o
    0x08000854   0x08000854   0x00000050   Code   RO         3897    i.DayOfWeek         rtc.o
    0x080008a4   0x080008a4   0x00000002   Code   RO          175    i.DebugMon_Handler  stm32f10x_it.o
    0x080008a6   0x080008a6   0x0000000a   Code   RO         3833    i.Delay_ms          systick.o
    0x080008b0   0x080008b0   0x00000034   Code   RO         3834    i.Delay_us          systick.o
    0x080008e4   0x080008e4   0x0000005c   Code   RO         4298    i.EPD2IN13IOInit    epd_hardwearinit.o
    0x08000940   0x08000940   0x0000000e   Code   RO         4299    i.EPD2IN13SPIInit   epd_hardwearinit.o
    0x0800094e   0x0800094e   0x00000002   PAD
    0x08000950   0x08000950   0x00000052   Code   RO         4323    i.EPD_2IN13_Display  epd_2in13.o
    0x080009a2   0x080009a2   0x00000002   PAD
    0x080009a4   0x080009a4   0x00000128   Code   RO         4324    i.EPD_2IN13_Init    epd_2in13.o
    0x08000acc   0x08000acc   0x00000064   Code   RO         4325    i.EPD_2IN13_ReadBusy  epd_2in13.o
    0x08000b30   0x08000b30   0x00000034   Code   RO         4326    i.EPD_2IN13_SendCommand  epd_2in13.o
    0x08000b64   0x08000b64   0x00000034   Code   RO         4327    i.EPD_2IN13_SendData  epd_2in13.o
    0x08000b98   0x08000b98   0x0000002c   Code   RO         4328    i.EPD_2IN13_SetCursor  epd_2in13.o
    0x08000bc4   0x08000bc4   0x00000048   Code   RO         4329    i.EPD_2IN13_SetWindows  epd_2in13.o
    0x08000c0c   0x08000c0c   0x00000022   Code   RO         4331    i.EPD_2IN13_TurnOnDisplay  epd_2in13.o
    0x08000c2e   0x08000c2e   0x00000002   PAD
    0x08000c30   0x08000c30   0x00000070   Code   RO         1096    i.EXTI_Init         stm32f10x_exti.o
    0x08000ca0   0x08000ca0   0x00000012   Code   RO         3898    i.EnterStandby      rtc.o
    0x08000cb2   0x08000cb2   0x00000002   PAD
    0x08000cb4   0x08000cb4   0x00000018   Code   RO         1161    i.FLASH_PrefetchBufferCmd  stm32f10x_flash.o
    0x08000ccc   0x08000ccc   0x00000014   Code   RO         1166    i.FLASH_SetLatency  stm32f10x_flash.o
    0x08000ce0   0x08000ce0   0x000000a2   Code   RO         1442    i.GPIO_Init         stm32f10x_gpio.o
    0x08000d82   0x08000d82   0x0000000e   Code   RO         1446    i.GPIO_ReadInputDataBit  stm32f10x_gpio.o
    0x08000d90   0x08000d90   0x0000000a   Code   RO         1453    i.GPIO_WriteBit     stm32f10x_gpio.o
    0x08000d9a   0x08000d9a   0x00000002   Code   RO          176    i.HardFault_Handler  stm32f10x_it.o
    0x08000d9c   0x08000d9c   0x0000002c   Code   RO         3583    i.KeyIO_Init        key.o
    0x08000dc8   0x08000dc8   0x00000104   Code   RO         3584    i.KeyScan           key.o
    0x08000ecc   0x08000ecc   0x00000004   Code   RO         3585    i.KeyTest           key.o
    0x08000ed0   0x08000ed0   0x00000038   Code   RO         3308    i.LED_Init          led.o
    0x08000f08   0x08000f08   0x00000014   Code   RO         3309    i.LED_Toggle        led.o
    0x08000f1c   0x08000f1c   0x00000026   Code   RO         3899    i.LeapYearCheck     rtc.o
    0x08000f42   0x08000f42   0x00000002   Code   RO          177    i.MemManage_Handler  stm32f10x_it.o
    0x08000f44   0x08000f44   0x00000002   Code   RO          178    i.NMI_Handler       stm32f10x_it.o
    0x08000f46   0x08000f46   0x00000002   PAD
    0x08000f48   0x08000f48   0x00000064   Code   RO          293    i.NVIC_Init         misc.o
    0x08000fac   0x08000fac   0x00000014   Code   RO          294    i.NVIC_PriorityGroupConfig  misc.o
    0x08000fc0   0x08000fc0   0x0000000c   Code   RO         1796    i.PWR_BackupAccessCmd  stm32f10x_pwr.o
    0x08000fcc   0x08000fcc   0x00000028   Code   RO         1799    i.PWR_EnterSTANDBYMode  stm32f10x_pwr.o
    0x08000ff4   0x08000ff4   0x00000034   Code   RO         3967    i.Paint_Clear       gui_paint.o
    0x08001028   0x08001028   0x00000034   Code   RO         3968    i.Paint_ClearWindows  gui_paint.o
    0x0800105c   0x0800105c   0x00000030   Code   RO         3969    i.Paint_DrawBitMap  gui_paint.o
    0x0800108c   0x0800108c   0x000000f4   Code   RO         3971    i.Paint_DrawChar    gui_paint.o
    0x08001180   0x08001180   0x00000110   Code   RO         3973    i.Paint_DrawLine    gui_paint.o
    0x08001290   0x08001290   0x00000144   Code   RO         3975    i.Paint_DrawPoint   gui_paint.o
    0x080013d4   0x080013d4   0x0000003c   Code   RO         3980    i.Paint_NewImage    gui_paint.o
    0x08001410   0x08001410   0x0000000c   Code   RO         3981    i.Paint_SelectImage  gui_paint.o
    0x0800141c   0x0800141c   0x000000f8   Code   RO         3983    i.Paint_SetPixel    gui_paint.o
    0x08001514   0x08001514   0x00000002   Code   RO          179    i.PendSV_Handler    stm32f10x_it.o
    0x08001516   0x08001516   0x00000002   PAD
    0x08001518   0x08001518   0x00000030   Code   RO         3586    i.PopKey            key.o
    0x08001548   0x08001548   0x00000018   Code   RO         3587    i.PushKey           key.o
    0x08001560   0x08001560   0x00000018   Code   RO         1858    i.RCC_APB1PeriphClockCmd  stm32f10x_rcc.o
    0x08001578   0x08001578   0x00000018   Code   RO         1860    i.RCC_APB2PeriphClockCmd  stm32f10x_rcc.o
    0x08001590   0x08001590   0x0000000c   Code   RO         1863    i.RCC_BackupResetCmd  stm32f10x_rcc.o
    0x0800159c   0x0800159c   0x00000062   Code   RO         3672    i.RCC_Configuration  systembase.o
    0x080015fe   0x080015fe   0x00000002   PAD
    0x08001600   0x08001600   0x00000040   Code   RO         1867    i.RCC_DeInit        stm32f10x_rcc.o
    0x08001640   0x08001640   0x00000090   Code   RO         1868    i.RCC_GetClocksFreq  stm32f10x_rcc.o
    0x080016d0   0x080016d0   0x00000030   Code   RO         1869    i.RCC_GetFlagStatus  stm32f10x_rcc.o
    0x08001700   0x08001700   0x00000010   Code   RO         1871    i.RCC_GetSYSCLKSource  stm32f10x_rcc.o
    0x08001710   0x08001710   0x00000014   Code   RO         1872    i.RCC_HCLKConfig    stm32f10x_rcc.o
    0x08001724   0x08001724   0x00000034   Code   RO         1873    i.RCC_HSEConfig     stm32f10x_rcc.o
    0x08001758   0x08001758   0x00000020   Code   RO         1876    i.RCC_LSEConfig     stm32f10x_rcc.o
    0x08001778   0x08001778   0x00000014   Code   RO         1879    i.RCC_PCLK1Config   stm32f10x_rcc.o
    0x0800178c   0x0800178c   0x00000014   Code   RO         1880    i.RCC_PCLK2Config   stm32f10x_rcc.o
    0x080017a0   0x080017a0   0x0000000c   Code   RO         1881    i.RCC_PLLCmd        stm32f10x_rcc.o
    0x080017ac   0x080017ac   0x00000014   Code   RO         1882    i.RCC_PLLConfig     stm32f10x_rcc.o
    0x080017c0   0x080017c0   0x0000000c   Code   RO         1883    i.RCC_RTCCLKCmd     stm32f10x_rcc.o
    0x080017cc   0x080017cc   0x00000010   Code   RO         1884    i.RCC_RTCCLKConfig  stm32f10x_rcc.o
    0x080017dc   0x080017dc   0x00000014   Code   RO         1885    i.RCC_SYSCLKConfig  stm32f10x_rcc.o
    0x080017f0   0x080017f0   0x0000002c   Code   RO         1887    i.RCC_WaitForHSEStartUp  stm32f10x_rcc.o
    0x0800181c   0x0800181c   0x00000010   Code   RO         2057    i.RTC_ClearITPendingBit  stm32f10x_rtc.o
    0x0800182c   0x0800182c   0x00000010   Code   RO         2058    i.RTC_EnterConfigMode  stm32f10x_rtc.o
    0x0800183c   0x0800183c   0x00000010   Code   RO         2059    i.RTC_ExitConfigMode  stm32f10x_rtc.o
    0x0800184c   0x0800184c   0x00000014   Code   RO         2060    i.RTC_GetCounter    stm32f10x_rtc.o
    0x08001860   0x08001860   0x00000020   Code   RO         2063    i.RTC_GetITStatus   stm32f10x_rtc.o
    0x08001880   0x08001880   0x0000003c   Code   RO         3900    i.RTC_IRQHandler    rtc.o
    0x080018bc   0x080018bc   0x00000018   Code   RO         2064    i.RTC_ITConfig      stm32f10x_rtc.o
    0x080018d4   0x080018d4   0x000000c2   Code   RO         3901    i.RTC_Init          rtc.o
    0x08001996   0x08001996   0x00000002   PAD
    0x08001998   0x08001998   0x00000020   Code   RO         2065    i.RTC_SetAlarm      stm32f10x_rtc.o
    0x080019b8   0x080019b8   0x00000020   Code   RO         2066    i.RTC_SetCounter    stm32f10x_rtc.o
    0x080019d8   0x080019d8   0x00000020   Code   RO         2067    i.RTC_SetPrescaler  stm32f10x_rtc.o
    0x080019f8   0x080019f8   0x00000128   Code   RO         3902    i.RTC_TimeReFresh   rtc.o
    0x08001b20   0x08001b20   0x00000010   Code   RO         2068    i.RTC_WaitForLastTask  stm32f10x_rtc.o
    0x08001b30   0x08001b30   0x00000018   Code   RO         2069    i.RTC_WaitForSynchro  stm32f10x_rtc.o
    0x08001b48   0x08001b48   0x00000070   Code   RO         3588    i.ReadKey           key.o
    0x08001bb8   0x08001bb8   0x0000002c   Code   RO         3634    i.SPI1IOInit        spi.o
    0x08001be4   0x08001be4   0x0000005c   Code   RO         3635    i.SPI1Init          spi.o
    0x08001c40   0x08001c40   0x00000050   Code   RO         3638    i.SPI1WriteReadByte  spi.o
    0x08001c90   0x08001c90   0x00000014   Code   RO         2336    i.SPI_Cmd           stm32f10x_spi.o
    0x08001ca4   0x08001ca4   0x0000000e   Code   RO         2344    i.SPI_I2S_GetFlagStatus  stm32f10x_spi.o
    0x08001cb2   0x08001cb2   0x00000004   Code   RO         2347    i.SPI_I2S_ReceiveData  stm32f10x_spi.o
    0x08001cb6   0x08001cb6   0x00000004   Code   RO         2348    i.SPI_I2S_SendData  stm32f10x_spi.o
    0x08001cba   0x08001cba   0x00000038   Code   RO         2349    i.SPI_Init          stm32f10x_spi.o
    0x08001cf2   0x08001cf2   0x00000002   Code   RO          180    i.SVC_Handler       stm32f10x_it.o
    0x08001cf4   0x08001cf4   0x000000a8   Code   RO         3253    i.SetSysClockTo72   system_stm32f10x.o
    0x08001d9c   0x08001d9c   0x00000022   Code   RO         3904    i.StandbyInit       rtc.o
    0x08001dbe   0x08001dbe   0x00000002   PAD
    0x08001dc0   0x08001dc0   0x0000005c   Code   RO         3836    i.SysTickInit       systick.o
    0x08001e1c   0x08001e1c   0x00000018   Code   RO          297    i.SysTick_CLKSourceConfig  misc.o
    0x08001e34   0x08001e34   0x00000010   Code   RO         3837    i.SysTick_Handler   systick.o
    0x08001e44   0x08001e44   0x00000050   Code   RO         3255    i.SystemInit        system_stm32f10x.o
    0x08001e94   0x08001e94   0x00000034   Code   RO         3791    i.TIM1_CC_IRQHandler  timer.o
    0x08001ec8   0x08001ec8   0x00000028   Code   RO         3794    i.TIM3_IRQHandler   timer.o
    0x08001ef0   0x08001ef0   0x00000006   Code   RO         2484    i.TIM_ClearITPendingBit  stm32f10x_tim.o
    0x08001ef6   0x08001ef6   0x00000018   Code   RO         2510    i.TIM_GetITStatus   stm32f10x_tim.o
    0x08001f0e   0x08001f0e   0x00000004   Code   RO         2550    i.TIM_SetCompare1   stm32f10x_tim.o
    0x08001f12   0x08001f12   0x00000004   Code   RO         2554    i.TIM_SetCounter    stm32f10x_tim.o
    0x08001f16   0x08001f16   0x00000002   PAD
    0x08001f18   0x08001f18   0x00000018   Code   RO         3838    i.TimerDelay        systick.o
    0x08001f30   0x08001f30   0x0000000c   Code   RO         3839    i.TimerReload       systick.o
    0x08001f3c   0x08001f3c   0x00000064   Code   RO         3734    i.USART1_IRQHandler  usart.o
    0x08001fa0   0x08001fa0   0x000000a4   Code   RO         3735    i.USART1_Init       usart.o
    0x08002044   0x08002044   0x00000014   Code   RO         3012    i.USART_Cmd         stm32f10x_usart.o
    0x08002058   0x08002058   0x0000003e   Code   RO         3016    i.USART_GetITStatus  stm32f10x_usart.o
    0x08002096   0x08002096   0x00000030   Code   RO         3018    i.USART_ITConfig    stm32f10x_usart.o
    0x080020c6   0x080020c6   0x00000002   PAD
    0x080020c8   0x080020c8   0x000000ac   Code   RO         3019    i.USART_Init        stm32f10x_usart.o
    0x08002174   0x08002174   0x00000008   Code   RO         3026    i.USART_ReceiveData  stm32f10x_usart.o
    0x0800217c   0x0800217c   0x00000002   Code   RO          181    i.UsageFault_Handler  stm32f10x_it.o
    0x0800217e   0x0800217e   0x0000000e   Code   RO         4494    i._is_digit         c_w.l(__printf_wp.o)
    0x0800218c   0x0800218c   0x00000002   Code   RO         3737    i._sys_exit         usart.o
    0x0800218e   0x0800218e   0x00000002   Code   RO         3738    i._ttywrch          usart.o
    0x08002190   0x08002190   0x00000124   Code   RO          254    i.eClockInit        eclock.o
    0x080022b4   0x080022b4   0x00000140   Code   RO          255    i.eClockRefresh     eclock.o
    0x080023f4   0x080023f4   0x00000018   Code   RO         3739    i.fputc             usart.o
    0x0800240c   0x0800240c   0x000000b8   Code   RO            1    i.main              main.o
    0x080024c4   0x080024c4   0x00000018   Data   RO         3906    .constdata          rtc.o
    0x080024dc   0x080024dc   0x00000fa0   Data   RO         4174    .constdata          imagedata.o
    0x0800347c   0x0800347c   0x0000003c   Data   RO         4332    .constdata          epd_2in13.o
    0x080034b8   0x080034b8   0x00001790   Data   RO         4392    .constdata          font36thoma.o
    0x08004c48   0x08004c48   0x00000011   Data   RO         4502    .constdata          c_w.l(__printf_flags_ss_wp.o)
    0x08004c59   0x08004c59   0x00000003   PAD
    0x08004c5c   0x08004c5c   0x00000020   Data   RO         4876    Region$$Table       anon$$obj.o


    Execution Region RW_IRAM1 (Exec base: 0x20000000, Load base: 0x08004c7c, Size: 0x00002168, Max: 0x00005000, ABSOLUTE)

    Exec Addr    Load Addr    Size         Type   Attr      Idx    E Section Name        Object

    0x20000000   0x08004c7c   0x00000004   Data   RW            2    .data               main.o
    0x20000004   0x08004c80   0x00000008   Data   RW          256    .data               eclock.o
    0x2000000c   0x08004c88   0x00000014   Data   RW         1888    .data               stm32f10x_rcc.o
    0x20000020   0x08004c9c   0x00000014   Data   RW         3256    .data               system_stm32f10x.o
    0x20000034   0x08004cb0   0x0000000d   Data   RW         3589    .data               key.o
    0x20000041   0x08004cbd   0x00000001   PAD
    0x20000042   0x08004cbe   0x00000002   Data   RW         3741    .data               usart.o
    0x20000044   0x08004cc0   0x00000004   Data   RW         3742    .data               usart.o
    0x20000048   0x08004cc4   0x0000000c   Data   RW         3841    .data               systick.o
    0x20000054   0x08004cd0   0x00000006   Data   RW         3907    .data               rtc.o
    0x2000005a   0x08004cd6   0x00000002   PAD
    0x2000005c   0x08004cd8   0x00000008   Data   RW         4393    .data               font36thoma.o
    0x20000064        -       0x00000080   Zero   RW         3740    .bss                usart.o
    0x200000e4        -       0x0000000a   Zero   RW         3905    .bss                rtc.o
    0x200000ee   0x08004ce0   0x00000002   PAD
    0x200000f0        -       0x00000018   Zero   RW         3986    .bss                gui_paint.o
    0x20000108        -       0x00000060   Zero   RW         4703    .bss                c_w.l(libspace.o)
    0x20000168        -       0x00001000   Zero   RW         3302    HEAP                startup_stm32f10x_md.o
    0x20001168        -       0x00001000   Zero   RW         3301    STACK               startup_stm32f10x_md.o


==============================================================================

Image component sizes


      Code (inc. data)   RO Data    RW Data    ZI Data      Debug   Object Name

         0          0          0          0          0         32   core_cm3.o
        48          6          0          0          0        890   dev_config.o
       612        130          0          8          0       1675   eclock.o
       732        142         60          0          0       4971   epd_2in13.o
       106         10          0          0          0        959   epd_hardwearinit.o
         0          0       6032          8          0       1284   font36thoma.o
      1312        348          0          0         24      10587   gui_paint.o
         0          0       4000          0          0        533   imagedata.o
       492         30          0         13          0       3754   key.o
        76         14          0          0          0        804   led.o
       184         56          0          4          0      55595   main.o
       144         16          0          0          0       1997   misc.o
       812         26         24          6         10       6051   rtc.o
       216         14          0          0          0       1817   spi.o
        64         26        236          0       8192        856   startup_stm32f10x_md.o
        50          8          0          0          0       2612   stm32f10x_bkp.o
       112          4          0          0          0        980   stm32f10x_exti.o
        44         12          0          0          0       1045   stm32f10x_flash.o
       186          0          0          0          0       3052   stm32f10x_gpio.o
        16          0          0          0          0     208764   stm32f10x_it.o
        52         14          0          0          0        965   stm32f10x_pwr.o
       600        110          0         20          0      12250   stm32f10x_rcc.o
       260         56          0          0          0       6025   stm32f10x_rtc.o
        98          0          0          0          0       3778   stm32f10x_spi.o
        38          0          0          0          0       3612   stm32f10x_tim.o
       310          6          0          0          0       4958   stm32f10x_usart.o
       248         24          0         20          0       1933   system_stm32f10x.o
        98          0          0          0          0     206240   systembase.o
       206         36          0         12          0      18922   systick.o
        92         12          0          0          0        919   timer.o
       292         26          0          6        128       4763   usart.o

    ----------------------------------------------------------------------
      7526       1126      10384        100       8356     572623   Object Totals
         0          0         32          0          0          0   (incl. Generated)
        26          0          0          3          2          0   (incl. Padding)

    ----------------------------------------------------------------------

      Code (inc. data)   RO Data    RW Data    ZI Data      Debug   Library Member Name

        24          4          0          0          0         84   __2printf.o
         8          0          0          0          0         68   __main.o
       392          4         17          0          0         92   __printf_flags_ss_wp.o
        14          0          0          0          0         68   __printf_wp.o
         0          0          0          0          0          0   __rtentry.o
        12          0          0          0          0          0   __rtentry2.o
         6          0          0          0          0          0   __rtentry4.o
        52          8          0          0          0          0   __scatter.o
        26          0          0          0          0          0   __scatter_copy.o
        28          0          0          0          0          0   __scatter_zi.o
        48          6          0          0          0         96   _printf_char_common.o
        36          4          0          0          0         80   _printf_char_file.o
         6          0          0          0          0          0   _printf_d.o
       120         16          0          0          0         92   _printf_dec.o
       178          0          0          0          0         88   _printf_intcommon.o
         0          0          0          0          0          0   _printf_percent.o
         4          0          0          0          0          0   _printf_percent_end.o
        10          0          0          0          0         68   defsig_exit.o
        50          0          0          0          0         88   defsig_general.o
        80         58          0          0          0         76   defsig_rtmem_inner.o
        14          0          0          0          0         80   defsig_rtmem_outer.o
        18          0          0          0          0         80   exit.o
         8          0          0          0          0         68   ferror.o
        94          0          0          0          0         80   h1_alloc.o
        52          0          0          0          0         68   h1_extend.o
        78          0          0          0          0         80   h1_free.o
        14          0          0          0          0         84   h1_init.o
         6          0          0          0          0        152   heapauxi.o
         4          0          0          0          0        136   hguard.o
       138          0          0          0          0        168   init_alloc.o
         2          0          0          0          0          0   libinit.o
        10          0          0          0          0          0   libinit2.o
         2          0          0          0          0          0   libshutdown.o
         2          0          0          0          0          0   libshutdown2.o
         8          4          0          0         96         68   libspace.o
         0          0          0          0          0          0   maybetermalloc1.o
         8          4          0          0          0         68   rt_heap_descriptor_intlibspace.o
         2          0          0          0          0          0   rtexit.o
        10          0          0          0          0          0   rtexit2.o
        74          0          0          0          0         80   sys_stackheap_outer.o
         2          0          0          0          0         68   use_no_semi.o
         2          0          0          0          0         68   use_no_semi_2.o

    ----------------------------------------------------------------------
      1650        108         20          0         96       2248   Library Totals
         8          0          3          0          0          0   (incl. Padding)

    ----------------------------------------------------------------------

      Code (inc. data)   RO Data    RW Data    ZI Data      Debug   Library Name

      1642        108         17          0         96       2248   c_w.l

    ----------------------------------------------------------------------
      1650        108         20          0         96       2248   Library Totals

    ----------------------------------------------------------------------

==============================================================================


      Code (inc. data)   RO Data    RW Data    ZI Data      Debug   

      9176       1234      10404        100       8452     567535   Grand Totals
      9176       1234      10404        100       8452     567535   ELF Image Totals
      9176       1234      10404        100          0          0   ROM Totals

==============================================================================

    Total RO  Size (Code + RO Data)                19580 (  19.12kB)
    Total RW  Size (RW Data + ZI Data)              8552 (   8.35kB)
    Total ROM Size (Code + RO Data + RW Data)      19680 (  19.22kB)

==============================================================================

